Archive member included to satisfy reference by file (symbol)

c:/mingw/bin/../lib/gcc/mingw32/6.3.0/../../../libwinmm.a(drqcs00146.o)
                              FreeRTOS_Source\portable\MSVC-MingW\port.o (timeGetDevCaps@8)
c:/mingw/bin/../lib/gcc/mingw32/6.3.0/../../../libwinmm.a(drqcs00145.o)
                              FreeRTOS_Source\portable\MSVC-MingW\port.o (timeEndPeriod@4)
c:/mingw/bin/../lib/gcc/mingw32/6.3.0/../../../libwinmm.a(drqcs00144.o)
                              FreeRTOS_Source\portable\MSVC-MingW\port.o (timeBeginPeriod@4)
c:/mingw/bin/../lib/gcc/mingw32/6.3.0/../../../libwinmm.a(drqch.o)
                              c:/mingw/bin/../lib/gcc/mingw32/6.3.0/../../../libwinmm.a(drqcs00146.o) (_head_libwinmm_a)
c:/mingw/bin/../lib/gcc/mingw32/6.3.0/../../../libwinmm.a(drqct.o)
                              c:/mingw/bin/../lib/gcc/mingw32/6.3.0/../../../libwinmm.a(drqch.o) (_libwinmm_a_iname)
c:/mingw/bin/../lib/gcc/mingw32/6.3.0/../../../libmingw32.a(CRTglob.o)
                              c:/mingw/bin/../lib/gcc/mingw32/6.3.0/../../../crt2.o (_CRT_glob)
c:/mingw/bin/../lib/gcc/mingw32/6.3.0/../../../libmingw32.a(setargv.o)
                              c:/mingw/bin/../lib/gcc/mingw32/6.3.0/../../../crt2.o (_setargv)
c:/mingw/bin/../lib/gcc/mingw32/6.3.0/../../../libmingw32.a(CRTfmode.o)
                              c:/mingw/bin/../lib/gcc/mingw32/6.3.0/../../../crt2.o (_CRT_fmode)
c:/mingw/bin/../lib/gcc/mingw32/6.3.0/../../../libmingw32.a(cpu_features.o)
                              c:/mingw/bin/../lib/gcc/mingw32/6.3.0/../../../crt2.o (__cpu_features_init)
c:/mingw/bin/../lib/gcc/mingw32/6.3.0/../../../libmingw32.a(CRT_fp10.o)
                              c:/mingw/bin/../lib/gcc/mingw32/6.3.0/../../../crt2.o (_CRT_fenv)
c:/mingw/bin/../lib/gcc/mingw32/6.3.0/../../../libmingw32.a(txtmode.o)
                              c:/mingw/bin/../lib/gcc/mingw32/6.3.0/../../../crt2.o (_fmode)
c:/mingw/bin/../lib/gcc/mingw32/6.3.0/../../../libmingw32.a(gccmain.o)
                              c:/mingw/bin/../lib/gcc/mingw32/6.3.0/../../../crt2.o (__main)
c:/mingw/bin/../lib/gcc/mingw32/6.3.0/../../../libmingw32.a(tlssup.o)
                              c:/mingw/bin/../lib/gcc/mingw32/6.3.0/../../../crt2.o (__dyn_tls_init_callback)
c:/mingw/bin/../lib/gcc/mingw32/6.3.0/../../../libmingw32.a(tlsthrd.o)
                              c:/mingw/bin/../lib/gcc/mingw32/6.3.0/../../../libmingw32.a(tlssup.o) (__mingw_TLScallback)
c:/mingw/bin/../lib/gcc/mingw32/6.3.0/../../../libmingw32.a(pseudo-reloc.o)
                              c:/mingw/bin/../lib/gcc/mingw32/6.3.0/../../../crt2.o (_pei386_runtime_relocator)
c:/mingw/bin/../lib/gcc/mingw32/6.3.0/../../../libmingw32.a(pseudo-reloc-list.o)
                              c:/mingw/bin/../lib/gcc/mingw32/6.3.0/../../../libmingw32.a(pseudo-reloc.o) (__RUNTIME_PSEUDO_RELOC_LIST__)
c:/mingw/bin/../lib/gcc/mingw32/6.3.0/../../../libmingw32.a(crtst.o)
                              c:/mingw/bin/../lib/gcc/mingw32/6.3.0/../../../libmingw32.a(tlssup.o) (_CRT_MT)
c:/mingw/bin/../lib/gcc/mingw32/6.3.0/libgcc.a(_chkstk_ms.o)
                              main.o (__chkstk_ms)
c:/mingw/bin/../lib/gcc/mingw32/6.3.0/libgcc.a(_ctors.o)
                              c:/mingw/bin/../lib/gcc/mingw32/6.3.0/../../../libmingw32.a(gccmain.o) (__DTOR_LIST__)
c:/mingw/bin/../lib/gcc/mingw32/6.3.0/libgcc.a(_divdi3.o)
                              Run-time-stats-utils.o (__divdi3)
c:/mingw/bin/../lib/gcc/mingw32/6.3.0/../../../libmingwex.a(fesetenv.o)
                              c:/mingw/bin/../lib/gcc/mingw32/6.3.0/../../../crt2.o (fesetenv)
c:/mingw/bin/../lib/gcc/mingw32/6.3.0/../../../libmingwex.a(glob.o)
                              c:/mingw/bin/../lib/gcc/mingw32/6.3.0/../../../libmingw32.a(setargv.o) (__mingw_glob)
c:/mingw/bin/../lib/gcc/mingw32/6.3.0/../../../libmingwex.a(dirname.o)
                              c:/mingw/bin/../lib/gcc/mingw32/6.3.0/../../../libmingwex.a(glob.o) (__mingw_dirname)
c:/mingw/bin/../lib/gcc/mingw32/6.3.0/../../../libmingwex.a(dirent.o)
                              c:/mingw/bin/../lib/gcc/mingw32/6.3.0/../../../libmingwex.a(glob.o) (__mingw_opendir)
c:/mingw/bin/../lib/gcc/mingw32/6.3.0/../../../libmsvcrt.a(djpvbs01325.o)
                              c:/mingw/bin/../lib/gcc/mingw32/6.3.0/../../../libmingwex.a(dirname.o) (wcstombs)
c:/mingw/bin/../lib/gcc/mingw32/6.3.0/../../../libmsvcrt.a(djpvbs01284.o)
                              c:/mingw/bin/../lib/gcc/mingw32/6.3.0/../../../libmingw32.a(pseudo-reloc.o) (vfprintf)
c:/mingw/bin/../lib/gcc/mingw32/6.3.0/../../../libmsvcrt.a(djpvbs01277.o)
                              c:/mingw/bin/../lib/gcc/mingw32/6.3.0/../../../libmingwex.a(glob.o) (tolower)
c:/mingw/bin/../lib/gcc/mingw32/6.3.0/../../../libmsvcrt.a(djpvbs01272.o)
                              api.o (time)
c:/mingw/bin/../lib/gcc/mingw32/6.3.0/../../../libmsvcrt.a(djpvbs01252.o)
[...]
Memory Configuration

Name             Origin             Length             Attributes
*default*        0x00000000         0xffffffff

Linker script and memory map

                0x00400000                __image_base__ = 0x400000
                0x00000000                __dll__ = 0x0
                0x00400000                ___ImageBase = 0x400000
                0x00001000                __section_alignment__ = 0x1000
                0x00000200                __file_alignment__ = 0x200
                0x00000004                __major_os_version__ = 0x4
                0x00000000                __minor_os_version__ = 0x0
                0x00000001                __major_image_version__ = 0x1
                0x00000000                __minor_image_version__ = 0x0
                0x00000004                __major_subsystem_version__ = 0x4
                0x00000000                __minor_subsystem_version__ = 0x0
                0x00000003                __subsystem__ = 0x3
                0x00200000                __size_of_stack_reserve__ = 0x200000
                0x00001000                __size_of_stack_commit__ = 0x1000
                0x00100000                __size_of_heap_reserve__ = 0x100000
                0x00001000                __size_of_heap_commit__ = 0x1000
                0x00000000                __loader_flags__ = 0x0
                0x00000000                __dll_characteristics__ = 0x0
LOAD c:/mingw/bin/../lib/gcc/mingw32/6.3.0/../../../crt2.o
LOAD c:/mingw/bin/../lib/gcc/mingw32/6.3.0/crtbegin.o
LOAD DemosModifiedForLowTickRate\recmutex.o
LOAD FreeRTOS+Trace Recorder\trcKernelPort.o
LOAD FreeRTOS+Trace Recorder\trcSnapshotRecorder.o
LOAD FreeRTOS+Trace Recorder\trcStreamingRecorder.o
LOAD FreeRTOS_Source\croutine.o
LOAD FreeRTOS_Source\event_groups.o
LOAD FreeRTOS_Source\list.o
LOAD FreeRTOS_Source\portable\MSVC-MingW\port.o
LOAD FreeRTOS_Source\portable\MemMang\heap_5.o
LOAD FreeRTOS_Source\queue.o
LOAD FreeRTOS_Source\stream_buffer.o
LOAD FreeRTOS_Source\tasks.o
LOAD FreeRTOS_Source\timers.o
LOAD Run-time-stats-utils.o
LOAD Run.o
LOAD Standard_Demo_Tasks\AbortDelay.o
LOAD Standard_Demo_Tasks\BlockQ.o
LOAD Standard_Demo_Tasks\EventGroupsDemo.o
LOAD Standard_Demo_Tasks\GenQTest.o
LOAD Standard_Demo_Tasks\IntSemTest.o
LOAD Standard_Demo_Tasks\MessageBufferAMP.o
LOAD Standard_Demo_Tasks\MessageBufferDemo.o
LOAD Standard_Demo_Tasks\PollQ.o
LOAD Standard_Demo_Tasks\QPeek.o
LOAD Standard_Demo_Tasks\QueueOverwrite.o
LOAD Standard_Demo_Tasks\QueueSet.o
LOAD Standard_Demo_Tasks\QueueSetPolling.o
LOAD Standard_Demo_Tasks\StaticAllocation.o
LOAD Standard_Demo_Tasks\StreamBufferDemo.o
LOAD Standard_Demo_Tasks\StreamBufferInterrupt.o
LOAD Standard_Demo_Tasks\TaskNotify.o
LOAD Standard_Demo_Tasks\TimerDemo.o
LOAD Standard_Demo_Tasks\blocktim.o
LOAD Standard_Demo_Tasks\countsem.o
LOAD Standard_Demo_Tasks\death.o
LOAD Standard_Demo_Tasks\dynamic.o
LOAD Standard_Demo_Tasks\flop.o
LOAD Standard_Demo_Tasks\integer.o
LOAD Standard_Demo_Tasks\semtest.o
LOAD TestTasks.o
LOAD api.o
LOAD code_coverage_additions.o
LOAD main.o
LOAD main_blinky.o
LOAD main_full.o
LOAD c:/mingw/bin/../lib/gcc/mingw32/6.3.0/../../../libwinmm.a
LOAD c:/mingw/bin/../lib/gcc/mingw32/6.3.0/../../../libmingw32.a
LOAD c:/mingw/bin/../lib/gcc/mingw32/6.3.0/libgcc.a
LOAD c:/mingw/bin/../lib/gcc/mingw32/6.3.0/libgcc_eh.a
LOAD c:/mingw/bin/../lib/gcc/mingw32/6.3.0/../../../libmoldname.a
LOAD c:/mingw/bin/../lib/gcc/mingw32/6.3.0/../../../libmingwex.a
LOAD c:/mingw/bin/../lib/gcc/mingw32/6.3.0/../../../libmsvcrt.a
LOAD c:/mingw/bin/../lib/gcc/mingw32/6.3.0/../../../libadvapi32.a
LOAD c:/mingw/bin/../lib/gcc/mingw32/6.3.0/../../../libshell32.a
LOAD c:/mingw/bin/../lib/gcc/mingw32/6.3.0/../../../libuser32.a
LOAD c:/mingw/bin/../lib/gcc/mingw32/6.3.0/../../../libkernel32.a
LOAD c:/mingw/bin/../lib/gcc/mingw32/6.3.0/../../../libmingw32.a
LOAD c:/mingw/bin/../lib/gcc/mingw32/6.3.0/libgcc.a
LOAD c:/mingw/bin/../lib/gcc/mingw32/6.3.0/libgcc_eh.a
LOAD c:/mingw/bin/../lib/gcc/mingw32/6.3.0/../../../libmoldname.a
LOAD c:/mingw/bin/../lib/gcc/mingw32/6.3.0/../../../libmingwex.a
LOAD c:/mingw/bin/../lib/gcc/mingw32/6.3.0/../../../libmsvcrt.a
LOAD c:/mingw/bin/../lib/gcc/mingw32/6.3.0/crtend.o
                0x00000420                . = SIZEOF_HEADERS
                0x00001000                . = ALIGN (__section_alignment__)

.text           0x00401000    0x23200
 *(.init)
 *(.text)
 .text          0x00401000      0x340 c:/mingw/bin/../lib/gcc/mingw32/6.3.0/../../../crt2.o
                0x004012a0                _mingw32_init_mainargs
                0x004012e0                mainCRTStartup
                0x00401300                WinMainCRTStartup
                0x00401320                atexit
                0x00401330                _onexit
 .text          0x00401340      0x120 c:/mingw/bin/../lib/gcc/mingw32/6.3.0/crtbegin.o
                0x00401340                __gcc_register_frame
                0x00401430                __gcc_deregister_frame
 .text          0x00401460      0x3b0 DemosModifiedForLowTickRate\recmutex.o
                0x00401460                vStartRecursiveMutexTasks
                0x0040177b                xAreRecursiveMutexTasksStillRunning
 .text          0x00401810      0x7a4 FreeRTOS+Trace Recorder\trcKernelPort.o
                0x00401810                prvTraceGetQueueNumber
                0x00401823                prvTraceGetQueueType
                0x00401836                prvTraceGetTaskNumberLow16
                0x00401849                prvTraceGetTaskNumberHigh16
                0x0040185f                prvTraceSetTaskNumberLow16
                0x00401895                prvTraceSetTaskNumberHigh16
                0x004018cb                prvTraceGetQueueNumberLow16
                0x004018de                prvTraceGetQueueNumberHigh16
                0x004018f4                prvTraceSetQueueNumberLow16
                0x0040192a                prvTraceSetQueueNumberHigh16
                0x00401960                prvTraceGetTimerNumberLow16
                0x00401973                prvTraceGetTimerNumberHigh16
                0x00401989                prvTraceSetTimerNumberLow16
                0x004019bf                prvTraceSetTimerNumberHigh16
                0x004019f5                prvTraceGetEventGroupNumberLow16
                0x00401a08                prvTraceGetEventGroupNumberHigh16
                0x00401a1e                prvTraceSetEventGroupNumberLow16
                0x00401a54                prvTraceSetEventGroupNumberHigh16
                0x00401a8a                prvTraceGetStreamBufferNumberLow16
                0x00401a9d                prvTraceGetStreamBufferNumberHigh16
                0x00401ab3                prvTraceSetStreamBufferNumberLow16
                0x00401ae9                prvTraceSetStreamBufferNumberHigh16
                0x00401b1f                vTraceSetQueueName
                0x00401b4d                vTraceSetSemaphoreName
                0x00401b7b                vTraceSetMutexName
                0x00401ba9                vTraceSetEventGroupName
                0x00401bd7                vTraceSetStreamBufferName
                0x00401c05                vTraceSetMessageBufferName
                0x00401c33                prvTraceGetCurrentTaskHandle
                0x00401c40                vTraceEnable
                0x00401c81                vTraceInitObjectPropertyTable
                0x00401e1f                vTraceInitObjectHandleStack
                0x00401f3c                pszTraceGetErrorNotEnoughHandles
                0x00401fa0                prvTraceIsSchedulerSuspended
 .text          0x00401fb4     0x2bc0 FreeRTOS+Trace Recorder\trcSnapshotRecorder.o
                0x00401fb4                vTraceSetStopHook
                0x00401fc2                vTraceClear
                0x00402078                uiTraceStart
                0x0040217b                vTraceStart
                0x00402189                vTraceStop
                0x004021b7                xTraceIsRecordingEnabled
                0x004021d4                xTraceGetLastError
                0x004021de                vTraceClearError
                0x00402206                xTraceGetTraceBuffer
                0x00402210                uiTraceGetTraceBufferSize
                0x004022a4                vTraceInstanceFinishedNext
                0x004022b9                vTraceInstanceFinishedNow
                0x004022ce                xTraceSetISRProperties
                0x00402394                vTraceStoreISRBegin
                0x004024c2                vTraceStoreISREnd
                0x00402b49                vTracePrintF
                0x00402b79                vTraceVPrintF
                0x00402da3                vTracePrint
                0x00402e3c                xTraceRegisterString
                0x00402e8c                prvTraceSetReadyEventsEnabled
                0x00402e9a                prvTraceStoreTaskReady
                0x00402f68                prvTraceStoreLowPower
                0x00403007                vTraceStoreMemMangEvent
                0x0040313d                prvTraceStoreKernelCall
                0x00403244                prvTraceStoreKernelCallWithParam
                0x004033e4                prvTraceStoreKernelCallWithNumericParamOnly
                0x004034b9                prvTraceStoreTaskswitch
                0x004035bb                prvTraceStoreObjectNameOnCloseEvent
                0x0040369b                prvTraceStoreObjectPropertiesOnCloseEvent
                0x004037af                prvTraceSetPriorityProperty
                0x00403843                prvTraceGetPriorityProperty
                0x004038d8                prvTraceSetObjectState
                0x004039fc                prvTraceSetTaskInstanceFinished
                0x00403a5e                prvTraceInitTraceData
                0x00403d1a                uiIndexOfObject
                0x00403dd9                prvTraceGetObjectHandle
                0x00403f4b                prvTraceFreeObjectHandle
                0x0040400c                prvMarkObjectAsUsed
                0x00404090                prvTraceSetObjectName
                0x0040424b                vTraceSetFrequency
                0x00404259                prvTraceError
                0x004042be                vTraceSetFilterMask
                0x004042d8                vTraceSetFilterGroup
                0x00404ad0                prvTracePortGetTimeStamp
 .text          0x00404b74        0x0 FreeRTOS+Trace Recorder\trcStreamingRecorder.o
 .text          0x00404b74        0x0 FreeRTOS_Source\croutine.o
 .text          0x00404b74      0xe84 FreeRTOS_Source\event_groups.o
                0x00404b74                xEventGroupCreateStatic
                0x00404cf6                xEventGroupCreate
                0x00404e44                xEventGroupSync
                0x00405110                xEventGroupWaitBits
                0x00405466                xEventGroupClearBits
                0x00405539                xEventGroupClearBitsFromISR
                0x004055b1                xEventGroupGetBitsFromISR
                0x004055d1                xEventGroupSetBits
                0x0040577d                vEventGroupDelete
                0x004058cc                vEventGroupSetBitsCallback
                0x004058e7                vEventGroupClearBitsCallback
                0x0040593f                xEventGroupSetBitsFromISR
                0x004059c0                uxEventGroupGetNumber
                0x004059e9                vEventGroupSetNumber
 .text          0x004059f8      0x184 FreeRTOS_Source\list.o
                0x004059f8                vListInitialise
                0x00405a35                vListInitialiseItem
                0x00405a45                vListInsertEnd
                0x00405a97                vListInsert
                0x00405b1a                uxListRemove
 .text          0x00405b7c      0xa08 FreeRTOS_Source\portable\MSVC-MingW\port.o
                0x00405cb0                pxPortInitialiseStack
                0x00405da7                xPortStartScheduler
                0x004061d0                vPortDeleteThread
                0x00406278                vPortCloseRunningThread
                0x00406303                vPortEndScheduler
                0x00406315                vPortGenerateSimulatedInterrupt
                0x004063ec                vPortSetInterruptHandler
                0x00406448                vPortEnterCritical
                0x00406480                vPortExitCritical
 .text          0x00406584      0x634 FreeRTOS_Source\portable\MemMang\heap_5.o
                0x00406584                pvPortMalloc
                0x00406774                vPortFree
                0x00406864                xPortGetFreeHeapSize
                0x0040686e                xPortGetMinimumEverFreeHeapSize
                0x0040693f                vPortDefineHeapRegions
                0x00406ae6                vPortGetHeapStats
 .text          0x00406bb8     0x2fc8 FreeRTOS_Source\queue.o
                0x00406bb8                xQueueGenericReset
                0x00406c99                xQueueGenericCreateStatic
                0x00406ddf                xQueueGenericCreate
                0x004070f3                xQueueCreateMutex
                0x0040713a                xQueueCreateMutexStatic
                0x00407190                xQueueGetMutexHolder
                0x004071c6                xQueueGetMutexHolderFromISR
                0x00407206                xQueueGiveMutexRecursive
                0x0040731f                xQueueTakeMutexRecursive
                0x004073a0                xQueueCreateCountingSemaphoreStatic
                0x0040741d                xQueueCreateCountingSemaphore
                0x0040748b                xQueueGenericSend
                0x004079d9                xQueueGenericSendFromISR
                0x00407c9a                xQueueGiveFromISR
                0x00407cbc                MyWrapper_xQueueGiveFromISR
                0x00407f45                xQueueReceive
                0x00408441                xQueueSemaphoreTake
                0x004089a3                xQueuePeek
                0x00408e38                xQueueReceiveFromISR
                0x00409066                xQueuePeekFromISR
                0x00409128                uxQueueMessagesWaiting
                0x00409160                uxQueueSpacesAvailable
                0x004091a8                uxQueueMessagesWaitingFromISR
                0x004091dc                vQueueDelete
                0x00409394                uxQueueGetQueueNumber
                0x0040939f                vQueueSetQueueNumber
                0x004093ae                ucQueueGetQueueType
                0x00409665                xQueueIsQueueEmptyFromISR
                0x004096df                xQueueIsQueueFullFromISR
                0x0040972a                vQueueAddToRegistry
                0x004097ae                pcQueueGetName
                0x004097f1                vQueueUnregisterQueue
                0x0040983a                vQueueWaitForMessageRestricted
                0x004098a8                xQueueCreateSet
                0x004098d1                xQueueAddToSet
                0x0040991c                xQueueRemoveFromSet
                0x0040996f                xQueueSelectFromSet
                0x0040999a                xQueueSelectFromSetFromISR
 .text          0x00409b80     0x1bbc FreeRTOS_Source\stream_buffer.o
                0x00409b80                xStreamBufferGenericCreate
                0x00409dd7                xStreamBufferGenericCreateStatic
                0x0040a06e                vStreamBufferDelete
                0x0040a225                xStreamBufferReset
                0x0040a3a1                xStreamBufferSetTriggerLevel
                0x0040a3fd                xStreamBufferSpacesAvailable
                0x0040a459                xStreamBufferBytesAvailable
                0x0040a492                xStreamBufferSend
                0x0040a89b                xStreamBufferSendFromISR
                0x0040ab66                xStreamBufferReceive
                0x0040af03                xStreamBufferNextMessageLengthBytes
                0x0040afb6                xStreamBufferReceiveFromISR
                0x0040b26a                xStreamBufferIsEmpty
                0x0040b2b8                xStreamBufferIsFull
                0x0040b324                xStreamBufferSendCompletedFromISR
                0x0040b3af                xStreamBufferReceiveCompletedFromISR
                0x0040b710                uxStreamBufferGetStreamBufferNumber
                0x0040b71b                vStreamBufferSetStreamBufferNumber
                0x0040b72a                ucStreamBufferGetStreamBufferType
 .text          0x0040b73c     0x3d24 FreeRTOS_Source\tasks.o
                0x0040b73c                xTaskCreateStatic
                0x0040b814                xTaskCreate
                0x0040bc88                vTaskDelete
                0x0040c00e                xTaskDelayUntil
                0x0040c188                vTaskDelay
                0x0040c26e                eTaskGetState
                0x0040c35d                uxTaskPriorityGet
                0x0040c38e                uxTaskPriorityGetFromISR
                0x0040c3bc                vTaskPrioritySet
                0x0040c60b                vTaskSuspend
                0x0040c827                vTaskResume
                0x0040c982                xTaskResumeFromISR
                0x0040cad8                vTaskStartScheduler
                0x0040cc0a                vTaskEndScheduler
                0x0040cc27                vTaskSuspendAll
                0x0040cc44                xTaskResumeAll
                0x0040cdcf                xTaskGetTickCount
                0x0040cde2                xTaskGetTickCountFromISR
                0x0040cdfc                uxTaskGetNumberOfTasks
                0x0040ce06                pcTaskGetName
                0x0040cf55                xTaskGetHandle
                0x0040d03f                uxTaskGetSystemState
                0x0040d18a                xTaskGetIdleTaskHandle
                0x0040d1b4                xTaskCatchUpTicks
                0x0040d1f9                xTaskAbortDelay
                0x0040d318                xTaskIncrementTick
                0x0040d54e                vTaskSetApplicationTaskTag
                0x0040d580                xTaskGetApplicationTaskTag
                0x0040d5b1                xTaskGetApplicationTaskTagFromISR
                0x0040d5df                xTaskCallApplicationTaskHook
                0x0040d624                vTaskSwitchContext
                0x0040d75f                vTaskPlaceOnEventList
                0x0040d7ac                vTaskPlaceOnUnorderedEventList
                0x0040d827                vTaskPlaceOnEventListRestricted
                0x0040d905                xTaskRemoveFromEventList
                0x0040da16                vTaskRemoveFromUnorderedEventList
                0x0040db16                vTaskSetTimeOutState
                0x0040db5a                vTaskInternalSetTimeOutState
                0x0040db77                xTaskCheckForTimeOut
                0x0040dc72                vTaskMissedYield
                0x0040dc82                uxTaskGetTaskNumber
                0x0040dcab                vTaskSetTaskNumber
                0x0040ddd3                vTaskGetInfo
                0x0040dfd1                uxTaskGetStackHighWaterMark2
                0x0040e006                uxTaskGetStackHighWaterMark
                0x0040e0d8                xTaskGetCurrentTaskHandle
                0x0040e0eb                xTaskGetSchedulerState
                0x0040e121                xTaskPriorityInherit
                0x0040e319                xTaskPriorityDisinherit
                0x0040e50a                vTaskPriorityDisinheritAfterTimeout
                0x0040e725                uxTaskResetEventItemValue
                0x0040e755                pvTaskIncrementMutexHeldCount
                0x0040e776                ulTaskGenericNotifyTake
                0x0040e9e8                xTaskGenericNotifyWait
                0x0040ec17                xTaskGenericNotify
                0x0040ee78                xTaskGenericNotifyFromISR
                0x0040f0eb                vTaskGenericNotifyGiveFromISR
                0x0040f2ab                xTaskGenericNotifyStateClear
                0x0040f31d                ulTaskGenericNotifyValueClear
                0x0040f378                ulTaskGetIdleRunTimeCounter
 .text          0x0040f460     0x11c8 FreeRTOS_Source\timers.o
                0x0040f460                xTimerCreateTimerTask
                0x0040f50f                xTimerCreate
                0x0040f564                xTimerCreateStatic
                0x0040f744                xTimerGenericCommand
                0x0040fa70                xTimerGetTimerDaemonTaskHandle
                0x0040fa9a                xTimerGetPeriod
                0x0040fac8                vTimerSetReloadMode
                0x0040fb27                uxTimerGetReloadMode
                0x0040fb7d                xTimerGetExpiryTime
                0x0040fbb1                pcTimerGetName
                0x0041037d                xTimerIsTimerActive
                0x004103d3                pvTimerGetTimerID
                0x00410411                vTimerSetTimerID
                0x0041044d                xTimerPendFunctionCallFromISR
                0x004104d2                xTimerPendFunctionCall
                0x0041060d                uxTimerGetTimerNumber
                0x00410618                vTimerSetTimerNumber
 .text          0x00410628      0x100 Run-time-stats-utils.o
                0x00410628                vConfigureTimerForRunTimeStats
                0x004106a5                ulGetRunTimeCounterValue
 .text          0x00410728      0x554 Run.o
                0x00410728                getTemperatureTask
                0x0041078e                getPressureTask
                0x004107f4                getHeightTask
                0x0041085a                sortTasks
                0x00410adc                vScheduleEDF
                0x00410b86                runTempPresHeight
 .text          0x00410c7c      0xbcc Standard_Demo_Tasks\AbortDelay.o
                0x00410c7c                vCreateAbortDelayTasks
                0x004117e4                xAreAbortDelayTestTasksStillRunning
 .text          0x00411848      0x41c Standard_Demo_Tasks\BlockQ.o
                0x00411848                vStartBlockingQueueTasks
                0x00411bcd                xAreBlockingQueuesStillRunning
 .text          0x00411c64      0xf20 Standard_Demo_Tasks\EventGroupsDemo.o
                0x00411c64                vStartEventGroupTasks
                0x004129e0                vPeriodicEventGroupsProcessing
                0x00412b12                xAreEventGroupTasksStillRunning
 .text          0x00412b84      0xea8 Standard_Demo_Tasks\GenQTest.o
                0x00412b84                vStartGenericQueueTasks
                0x004139d4                xAreGenericQueueTasksStillRunning
 .text          0x00413a2c      0x830 Standard_Demo_Tasks\IntSemTest.o
                0x00413a2c                vStartInterruptSemaphoreTasks
                0x00414141                vInterruptSemaphorePeriodicTest
                0x004141fa                xAreInterruptSemaphoreTasksStillRunning
 .text          0x0041425c      0x354 Standard_Demo_Tasks\MessageBufferAMP.o
                0x0041425c                vStartMessageBufferAMPTasks
                0x004144c7                vGenerateCoreBInterrupt
                0x00414556                xAreMessageBufferAMPTasksStillRunning
 .text          0x004145b0     0x1440 Standard_Demo_Tasks\MessageBufferDemo.o
                0x004145b0                vStartMessageBufferTasks
                0x0041592c                xAreMessageBufferTasksStillRunning
 .text          0x004159f0      0x218 Standard_Demo_Tasks\PollQ.o
                0x004159f0                vStartPolledQueueTasks
                0x00415bc4                xArePollingQueuesStillRunning
 .text          0x00415c08      0x570 Standard_Demo_Tasks\QPeek.o
                0x00415c08                vStartQueuePeekTasks
                0x00416143                xAreQueuePeekTasksStillRunning
 .text          0x00416178      0x334 Standard_Demo_Tasks\QueueOverwrite.o
                0x00416178                vStartQueueOverwriteTask
                0x0041634a                xIsQueueOverwriteTaskStillRunning
                0x0041638b                vQueueOverwritePeriodicISRDemo
 .text          0x004164ac     0x1244 Standard_Demo_Tasks\QueueSet.o
                0x004164ac                vStartQueueSetTasks
                0x00416534                xAreQueueSetTasksStillRunning
                0x0041681a                vQueueSetAccessQueueSetFromISR
 .text          0x004176f0      0x1ac Standard_Demo_Tasks\QueueSetPolling.o
                0x004176f0                vStartQueueSetPollingTask
                0x0041780d                vQueueSetPollingInterruptAccess
                0x0041786e                xAreQueueSetPollTasksStillRunning
 .text          0x0041789c      0xeec Standard_Demo_Tasks\StaticAllocation.o
                0x0041789c                vStartStaticallyAllocatedTasks
                0x0041873c                xAreStaticAllocationTasksStillRunning
 .text          0x00418788     0x1fdc Standard_Demo_Tasks\StreamBufferDemo.o
                0x00418788                vStartStreamBufferTasks
                0x0041a40d                vPeriodicStreamBufferProcessing
                0x0041a674                xAreStreamBufferTasksStillRunning
 .text          0x0041a764      0x274 Standard_Demo_Tasks\StreamBufferInterrupt.o
                0x0041a764                vStartStreamBufferInterruptDemo
                0x0041a90d                vBasicStreamBufferSendFromISR
                0x0041a9a4                xIsInterruptStreamBufferDemoStillRunning
 .text          0x0041a9d8     0x1328 Standard_Demo_Tasks\TaskNotify.o
                0x0041a9d8                vStartTaskNotifyTask
                0x0041bb03                xNotifyTaskFromISR
                0x0041bc62                xAreTaskNotificationTasksStillRunning
 .text          0x0041bd00     0x1860 Standard_Demo_Tasks\TimerDemo.o
                0x0041bd00                vStartTimerDemoTask
                0x0041be8f                xAreTimerDemoTasksStillRunning
                0x0041cb44                vTimerPeriodicISRTests
 .text          0x0041d560      0x86c Standard_Demo_Tasks\blocktim.o
                0x0041d560                vCreateBlockTimeTasks
                0x0041dd67                xAreBlockTimeTestTasksStillRunning
 .text          0x0041ddcc      0x3c0 Standard_Demo_Tasks\countsem.o
                0x0041ddcc                vStartCountingSemaphoreTasks
                0x0041e123                xAreCountingSemaphoreTasksStillRunning
 .text          0x0041e18c      0x1f0 Standard_Demo_Tasks\death.o
                0x0041e18c                vCreateSuicidalTasks
                0x0041e2fd                xIsCreateTaskStillRunning
 .text          0x0041e37c      0x50c Standard_Demo_Tasks\dynamic.o
                0x0041e37c                vStartDynamicPriorityTasks
                0x0041e80d                xAreDynamicPriorityTasksStillRunning
 .text          0x0041e888      0x468 Standard_Demo_Tasks\flop.o
                0x0041e888                vStartMathTasks
                0x0041eca3                xAreMathsTaskStillRunning
 .text          0x0041ecf0      0x130 Standard_Demo_Tasks\integer.o
                0x0041ecf0                vStartIntegerMathTasks
                0x0041edce                xAreIntegerMathsTaskStillRunning
 .text          0x0041ee20      0x3d8 Standard_Demo_Tasks\semtest.o
                0x0041ee20                vStartSemaphoreTasks
                0x0041f19b                xAreSemaphoreTasksStillRunning
 .text          0x0041f1f8      0x150 TestTasks.o
                0x0041f1f8                myTask1
                0x0041f263                myTask2
                0x0041f2ce                main_TestTasks
 .text          0x0041f348      0x194 api.o
                0x0041f348                getTemperature
                0x0041f395                getPressure
                0x0041f3db                getHeight
                0x0041f41d                gcd
                0x0041f448                gcdThree
                0x0041f48e                lcm
                0x0041f4b4                getMinimum
 .text          0x0041f4dc      0xb34 code_coverage_additions.o
                0x0041ffc6                xRunCodeCoverageTestAdditions
 .text          0x00420010      0x590 main.o
                0x00420010                main
                0x00420058                vApplicationMallocFailedHook
                0x00420075                vApplicationIdleHook
                0x0042007b                vApplicationStackOverflowHook
                0x00420098                vApplicationTickHook
                0x0042009e                vApplicationDaemonTaskStartupHook
                0x004200a4                vAssertCalled
                0x0042055e                vApplicationGetIdleTaskMemory
                0x0042057f                vApplicationGetTimerTaskMemory
 .text          0x004205a0      0x20c main_blinky.o
                0x004205a0                main_blinky
 .text          0x004207ac     0x1068 main_full.o
                0x004207ac                main_full
                0x00420d18                vFullDemoIdleFunction
                0x00420e49                vFullDemoTickHookFunction
 .text          0x00421814        0x8 c:/mingw/bin/../lib/gcc/mingw32/6.3.0/../../../libwinmm.a(drqcs00146.o)
                0x00421814                timeGetDevCaps@8
 .text          0x0042181c        0x8 c:/mingw/bin/../lib/gcc/mingw32/6.3.0/../../../libwinmm.a(drqcs00145.o)
                0x0042181c                timeEndPeriod@4
 .text          0x00421824        0x8 c:/mingw/bin/../lib/gcc/mingw32/6.3.0/../../../libwinmm.a(drqcs00144.o)
                0x00421824                timeBeginPeriod@4
 .text          0x0042182c        0x0 c:/mingw/bin/../lib/gcc/mingw32/6.3.0/../../../libwinmm.a(drqch.o)
 .text          0x0042182c        0x0 c:/mingw/bin/../lib/gcc/mingw32/6.3.0/../../../libwinmm.a(drqct.o)
 .text          0x0042182c        0x0 c:/mingw/bin/../lib/gcc/mingw32/6.3.0/../../../libmingw32.a(CRTglob.o)
 *fill*         0x0042182c        0x4 
 .text          0x00421830      0x3a0 c:/mingw/bin/../lib/gcc/mingw32/6.3.0/../../../libmingw32.a(setargv.o)
                0x00421830                _setargv
 .text          0x00421bd0        0x0 c:/mingw/bin/../lib/gcc/mingw32/6.3.0/../../../libmingw32.a(CRTfmode.o)
 .text          0x00421bd0      0x110 c:/mingw/bin/../lib/gcc/mingw32/6.3.0/../../../libmingw32.a(cpu_features.o)
                0x00421bd0                __cpu_features_init
 .text          0x00421ce0        0x0 c:/mingw/bin/../lib/gcc/mingw32/6.3.0/../../../libmingw32.a(CRT_fp10.o)
 .text          0x00421ce0        0x0 c:/mingw/bin/../lib/gcc/mingw32/6.3.0/../../../libmingw32.a(txtmode.o)
 .text          0x00421ce0       0xa0 c:/mingw/bin/../lib/gcc/mingw32/6.3.0/../../../libmingw32.a(gccmain.o)
                0x00421ce0                __do_global_dtors
                0x00421d10                __do_global_ctors
                0x00421d60                __main
 .text          0x00421d80       0xf0 c:/mingw/bin/../lib/gcc/mingw32/6.3.0/../../../libmingw32.a(tlssup.o)
                0x00421dd0                __dyn_tls_init@12
                0x00421e60                __tlregdtor
 .text          0x00421e70      0x230 c:/mingw/bin/../lib/gcc/mingw32/6.3.0/../../../libmingw32.a(tlsthrd.o)
                0x00421ed0                ___w64_mingwthr_add_key_dtor
                0x00421f60                ___w64_mingwthr_remove_key_dtor
                0x00422000                __mingw_TLScallback
 .text          0x004220a0      0x310 c:/mingw/bin/../lib/gcc/mingw32/6.3.0/../../../libmingw32.a(pseudo-reloc.o)
                0x004221e0                _pei386_runtime_relocator
 .text          0x004223b0        0x0 c:/mingw/bin/../lib/gcc/mingw32/6.3.0/../../../libmingw32.a(pseudo-reloc-list.o)
 .text          0x004223b0        0x0 c:/mingw/bin/../lib/gcc/mingw32/6.3.0/../../../libmingw32.a(crtst.o)
 .text          0x004223b0       0x2c c:/mingw/bin/../lib/gcc/mingw32/6.3.0/libgcc.a(_chkstk_ms.o)
                0x004223b0                __chkstk_ms
 .text          0x004223dc        0x0 c:/mingw/bin/../lib/gcc/mingw32/6.3.0/libgcc.a(_ctors.o)
 *fill*         0x004223dc        0x4 
 .text          0x004223e0      0x140 c:/mingw/bin/../lib/gcc/mingw32/6.3.0/libgcc.a(_divdi3.o)
                0x004223e0                __divdi3
 .text          0x00422520       0x70 c:/mingw/bin/../lib/gcc/mingw32/6.3.0/../../../libmingwex.a(fesetenv.o)
                0x00422520                fesetenv
 .text          0x00422590     0x1080 c:/mingw/bin/../lib/gcc/mingw32/6.3.0/../../../libmingwex.a(glob.o)
                0x004234c0                __mingw_glob
                0x004235b0                __mingw_globfree
 .text          0x00423610      0x400 c:/mingw/bin/../lib/gcc/mingw32/6.3.0/../../../libmingwex.a(dirname.o)
                0x00423610                __mingw_dirname
 .text          0x00423a10      0x4f0 c:/mingw/bin/../lib/gcc/mingw32/6.3.0/../../../libmingwex.a(dirent.o)
                0x00423b90                __mingw_opendir
                0x00423d50                __mingw_readdir
                0x00423da0                __mingw_closedir
                0x00423df0                __mingw_rewinddir
                0x00423e50                __mingw_telldir
                0x00423e80                __mingw_seekdir
 .text          0x00423f00        0x8 c:/mingw/bin/../lib/gcc/mingw32/6.3.0/../../../libmsvcrt.a(djpvbs01325.o)
                0x00423f00                wcstombs
 .text          0x00423f08        0x8 c:/mingw/bin/../lib/gcc/mingw32/6.3.0/../../../libmsvcrt.a(djpvbs01284.o)
                0x00423f08                vfprintf
 .text          0x00423f10        0x8 c:/mingw/bin/../lib/gcc/mingw32/6.3.0/../../../libmsvcrt.a(djpvbs01277.o)
                0x00423f10                tolower
 .text          0x00423f18        0x8 c:/mingw/bin/../lib/gcc/mingw32/6.3.0/../../../libmsvcrt.a(djpvbs01272.o)
                0x00423f18                time
 .text          0x00423f20        0x8 c:/mingw/bin/../lib/gcc/mingw32/6.3.0/../../../libmsvcrt.a(djpvbs01252.o)
                0x00423f20                strncmp
 .text          0x00423f28        0x8 c:/mingw/bin/../lib/gcc/mingw32/6.3.0/../../../libmsvcrt.a(djpvbs01249.o)
                0x00423f28                strlen
 .text          0x00423f30        0x8 c:/mingw/bin/../lib/gcc/mingw32/6.3.0/../../../libmsvcrt.a(djpvbs01242.o)
                0x00423f30                strcoll
 .text          0x00423f38        0x8 c:/mingw/bin/../lib/gcc/mingw32/6.3.0/../../../libmsvcrt.a(djpvbs01241.o)
                0x00423f38                strcmp
 .text          0x00423f40        0x8 c:/mingw/bin/../lib/gcc/mingw32/6.3.0/../../../libmsvcrt.a(djpvbs01235.o)
                0x00423f40                srand
 .text          0x00423f48        0x8 c:/mingw/bin/../lib/gcc/mingw32/6.3.0/../../../libmsvcrt.a(djpvbs01232.o)
                0x00423f48                sprintf
 .text          0x00423f50        0x8 c:/mingw/bin/../lib/gcc/mingw32/6.3.0/../../../libmsvcrt.a(djpvbs01229.o)
                0x00423f50                signal
 .text          0x00423f58        0x8 c:/mingw/bin/../lib/gcc/mingw32/6.3.0/../../../libmsvcrt.a(djpvbs01227.o)
                0x00423f58                setlocale
 .text          0x00423f60        0x8 c:/mingw/bin/../lib/gcc/mingw32/6.3.0/../../../libmsvcrt.a(djpvbs01220.o)
                0x00423f60                realloc
 .text          0x00423f68        0x8 c:/mingw/bin/../lib/gcc/mingw32/6.3.0/../../../libmsvcrt.a(djpvbs01218.o)
                0x00423f68                rand
 .text          0x00423f70        0x8 c:/mingw/bin/../lib/gcc/mingw32/6.3.0/../../../libmsvcrt.a(djpvbs01212.o)
                0x00423f70                puts
 .text          0x00423f78        0x8 c:/mingw/bin/../lib/gcc/mingw32/6.3.0/../../../libmsvcrt.a(djpvbs01208.o)
                0x00423f78                printf
 .text          0x00423f80        0x8 c:/mingw/bin/../lib/gcc/mingw32/6.3.0/../../../libmsvcrt.a(djpvbs01203.o)
                0x00423f80                memset
 .text          0x00423f88        0x8 c:/mingw/bin/../lib/gcc/mingw32/6.3.0/../../../libmsvcrt.a(djpvbs01199.o)
                0x00423f88                memcpy
 .text          0x00423f90        0x8 c:/mingw/bin/../lib/gcc/mingw32/6.3.0/../../../libmsvcrt.a(djpvbs01198.o)
                0x00423f90                memcmp
 .text          0x00423f98        0x8 c:/mingw/bin/../lib/gcc/mingw32/6.3.0/../../../libmsvcrt.a(djpvbs01194.o)
                0x00423f98                mbstowcs
 .text          0x00423fa0        0x8 c:/mingw/bin/../lib/gcc/mingw32/6.3.0/../../../libmsvcrt.a(djpvbs01187.o)
                0x00423fa0                malloc
 .text          0x00423fa8        0x8 c:/mingw/bin/../lib/gcc/mingw32/6.3.0/../../../libmsvcrt.a(djpvbs01142.o)
                0x00423fa8                fwrite
 .text          0x00423fb0        0x8 c:/mingw/bin/../lib/gcc/mingw32/6.3.0/../../../libmsvcrt.a(djpvbs01131.o)
                0x00423fb0                free
 .text          0x00423fb8        0x8 c:/mingw/bin/../lib/gcc/mingw32/6.3.0/../../../libmsvcrt.a(djpvbs01122.o)
                0x00423fb8                fopen
 .text          0x00423fc0        0x8 c:/mingw/bin/../lib/gcc/mingw32/6.3.0/../../../libmsvcrt.a(djpvbs01114.o)
                0x00423fc0                fflush
 .text          0x00423fc8        0x8 c:/mingw/bin/../lib/gcc/mingw32/6.3.0/../../../libmsvcrt.a(djpvbs01111.o)
                0x00423fc8                fclose
 .text          0x00423fd0        0x8 c:/mingw/bin/../lib/gcc/mingw32/6.3.0/../../../libmsvcrt.a(djpvbs01108.o)
                0x00423fd0                exit
 .text          0x00423fd8        0x8 c:/mingw/bin/../lib/gcc/mingw32/6.3.0/../../../libmsvcrt.a(djpvbs01098.o)
                0x00423fd8                calloc
 .text          0x00423fe0        0x0 c:/mingw/bin/../lib/gcc/mingw32/6.3.0/../../../libmsvcrt.a(djpvbs01091.o)
 .text          0x00423fe0        0x8 c:/mingw/bin/../lib/gcc/mingw32/6.3.0/../../../libmsvcrt.a(djpvbs01083.o)
                0x00423fe0                abort
 .text          0x00423fe8        0x8 c:/mingw/bin/../lib/gcc/mingw32/6.3.0/../../../libmsvcrt.a(djpvbs00753.o)
                0x00423fe8                _setmode
 .text          0x00423ff0        0x0 c:/mingw/bin/../lib/gcc/mingw32/6.3.0/../../../libmsvcrt.a(djpvbs00698.o)
 .text          0x00423ff0        0x0 c:/mingw/bin/../lib/gcc/mingw32/6.3.0/../../../libmsvcrt.a(djpvbs00689.o)
 .text          0x00423ff0        0x8 c:/mingw/bin/../lib/gcc/mingw32/6.3.0/../../../libmsvcrt.a(djpvbs00422.o)
                0x00423ff0                _isctype
 .text          0x00423ff8        0x0 c:/mingw/bin/../lib/gcc/mingw32/6.3.0/../../../libmsvcrt.a(djpvbs00417.o)
 .text          0x00423ff8        0x8 c:/mingw/bin/../lib/gcc/mingw32/6.3.0/../../../libmsvcrt.a(djpvbs00350.o)
                0x00423ff8                _fullpath
 .text          0x00424000        0x8 c:/mingw/bin/../lib/gcc/mingw32/6.3.0/../../../libmsvcrt.a(djpvbs00285.o)
                0x00424000                _errno
 .text          0x00424008        0x8 c:/mingw/bin/../lib/gcc/mingw32/6.3.0/../../../libmsvcrt.a(djpvbs00219.o)
                0x00424008                _cexit
 .text          0x00424010        0x8 c:/mingw/bin/../lib/gcc/mingw32/6.3.0/../../../libmsvcrt.a(djpvbs00133.o)
                0x00424010                __p__fmode
 .text          0x00424018        0x8 c:/mingw/bin/../lib/gcc/mingw32/6.3.0/../../../libmsvcrt.a(djpvbs00131.o)
                0x00424018                __p__environ
 .text          0x00424020        0x0 c:/mingw/bin/../lib/gcc/mingw32/6.3.0/../../../libmsvcrt.a(djpvbs00119.o)
 .text          0x00424020        0x8 c:/mingw/bin/../lib/gcc/mingw32/6.3.0/../../../libmsvcrt.a(djpvbs00088.o)
                0x00424020                __getmainargs
 .text          0x00424028        0x0 c:/mingw/bin/../lib/gcc/mingw32/6.3.0/../../../libmsvcrt.a(djpvbh.o)
 .text          0x00424028        0x0 c:/mingw/bin/../lib/gcc/mingw32/6.3.0/../../../libmsvcrt.a(djpvbt.o)
 .text          0x00424028        0x8 c:/mingw/bin/../lib/gcc/mingw32/6.3.0/../../../libkernel32.a(dujcs01223.o)
                0x00424028                WaitForSingleObject@8
 .text          0x00424030        0x8 c:/mingw/bin/../lib/gcc/mingw32/6.3.0/../../../libkernel32.a(dujcs01221.o)
                0x00424030                WaitForMultipleObjects@16
 .text          0x00424038        0x8 c:/mingw/bin/../lib/gcc/mingw32/6.3.0/../../../libkernel32.a(dujcs01215.o)
                0x00424038                VirtualQuery@12
 .text          0x00424040        0x8 c:/mingw/bin/../lib/gcc/mingw32/6.3.0/../../../libkernel32.a(dujcs01213.o)
                0x00424040                VirtualProtect@16
 .text          0x00424048        0x8 c:/mingw/bin/../lib/gcc/mingw32/6.3.0/../../../libkernel32.a(dujcs01173.o)
                0x00424048                TlsGetValue@4
 .text          0x00424050        0x8 c:/mingw/bin/../lib/gcc/mingw32/6.3.0/../../../libkernel32.a(dujcs01167.o)
                0x00424050                TerminateThread@8
 .text          0x00424058        0x8 c:/mingw/bin/../lib/gcc/mingw32/6.3.0/../../../libkernel32.a(dujcs01160.o)
                0x00424058                SuspendThread@4
 .text          0x00424060        0x8 c:/mingw/bin/../lib/gcc/mingw32/6.3.0/../../../libkernel32.a(dujcs01152.o)
                0x00424060                Sleep@4
 .text          0x00424068        0x8 c:/mingw/bin/../lib/gcc/mingw32/6.3.0/../../../libkernel32.a(dujcs01140.o)
                0x00424068                SetUnhandledExceptionFilter@4
 .text          0x00424070        0x8 c:/mingw/bin/../lib/gcc/mingw32/6.3.0/../../../libkernel32.a(dujcs01130.o)
                0x00424070                SetThreadPriorityBoost@8
 .text          0x00424078        0x8 c:/mingw/bin/../lib/gcc/mingw32/6.3.0/../../../libkernel32.a(dujcs01129.o)
                0x00424078                SetThreadPriority@8
 .text          0x00424080        0x8 c:/mingw/bin/../lib/gcc/mingw32/6.3.0/../../../libkernel32.a(dujcs01120.o)
                0x00424080                SetThreadAffinityMask@8
 .text          0x00424088        0x8 c:/mingw/bin/../lib/gcc/mingw32/6.3.0/../../../libkernel32.a(dujcs01101.o)
                0x00424088                SetPriorityClass@8
 .text          0x00424090        0x8 c:/mingw/bin/../lib/gcc/mingw32/6.3.0/../../../libkernel32.a(dujcs01065.o)
                0x00424090                SetEvent@4
 .text          0x00424098        0x8 c:/mingw/bin/../lib/gcc/mingw32/6.3.0/../../../libkernel32.a(dujcs01021.o)
                0x00424098                SetConsoleCtrlHandler@8
 .text          0x004240a0        0x8 c:/mingw/bin/../lib/gcc/mingw32/6.3.0/../../../libkernel32.a(dujcs00999.o)
                0x004240a0                ResumeThread@4
 .text          0x004240a8        0x8 c:/mingw/bin/../lib/gcc/mingw32/6.3.0/../../../libkernel32.a(dujcs00995.o)
                0x004240a8                ResetEvent@4
 .text          0x004240b0        0x8 c:/mingw/bin/../lib/gcc/mingw32/6.3.0/../../../libkernel32.a(dujcs00974.o)
                0x004240b0                ReleaseMutex@4
 .text          0x004240b8        0x8 c:/mingw/bin/../lib/gcc/mingw32/6.3.0/../../../libkernel32.a(dujcs00923.o)
                0x004240b8                QueryPerformanceFrequency@4
 .text          0x004240c0        0x8 c:/mingw/bin/../lib/gcc/mingw32/6.3.0/../../../libkernel32.a(dujcs00922.o)
                0x004240c0                QueryPerformanceCounter@4
 .text          0x004240c8        0x8 c:/mingw/bin/../lib/gcc/mingw32/6.3.0/../../../libkernel32.a(dujcs00817.o)
                0x004240c8                LoadLibraryA@4
 .text          0x004240d0        0x8 c:/mingw/bin/../lib/gcc/mingw32/6.3.0/../../../libkernel32.a(dujcs00814.o)
                0x004240d0                LeaveCriticalSection@4
 .text          0x004240d8        0x8 c:/mingw/bin/../lib/gcc/mingw32/6.3.0/../../../libkernel32.a(dujcs00734.o)
                0x004240d8                InitializeCriticalSection@4
 .text          0x004240e0        0x8 c:/mingw/bin/../lib/gcc/mingw32/6.3.0/../../../libkernel32.a(dujcs00642.o)
                0x004240e0                GetThreadContext@8
 .text          0x004240e8        0x8 c:/mingw/bin/../lib/gcc/mingw32/6.3.0/../../../libkernel32.a(dujcs00623.o)
                0x004240e8                GetSystemInfo@4
 .text          0x004240f0        0x8 c:/mingw/bin/../lib/gcc/mingw32/6.3.0/../../../libkernel32.a(dujcs00577.o)
                0x004240f0                GetProcAddress@8
 .text          0x004240f8        0x8 c:/mingw/bin/../lib/gcc/mingw32/6.3.0/../../../libkernel32.a(dujcs00529.o)
                0x004240f8                GetModuleHandleA@4
 .text          0x00424100        0x8 c:/mingw/bin/../lib/gcc/mingw32/6.3.0/../../../libkernel32.a(dujcs00510.o)
                0x00424100                GetLastError@0
 .text          0x00424108        0x8 c:/mingw/bin/../lib/gcc/mingw32/6.3.0/../../../libkernel32.a(dujcs00450.o)
                0x00424108                GetCurrentThread@0
 .text          0x00424110        0x8 c:/mingw/bin/../lib/gcc/mingw32/6.3.0/../../../libkernel32.a(dujcs00446.o)
                0x00424110                GetCurrentProcess@0
 .text          0x00424118        0x8 c:/mingw/bin/../lib/gcc/mingw32/6.3.0/../../../libkernel32.a(dujcs00388.o)
                0x00424118                GetCommandLineA@0
 .text          0x00424120        0x8 c:/mingw/bin/../lib/gcc/mingw32/6.3.0/../../../libkernel32.a(dujcs00352.o)
                0x00424120                FreeLibrary@4
 .text          0x00424128        0x8 c:/mingw/bin/../lib/gcc/mingw32/6.3.0/../../../libkernel32.a(dujcs00321.o)
                0x00424128                FindNextFileA@8
 .text          0x00424130        0x8 c:/mingw/bin/../lib/gcc/mingw32/6.3.0/../../../libkernel32.a(dujcs00304.o)
                0x00424130                FindFirstFileA@8
 .text          0x00424138        0x8 c:/mingw/bin/../lib/gcc/mingw32/6.3.0/../../../libkernel32.a(dujcs00300.o)
                0x00424138                FindClose@4
 .text          0x00424140        0x8 c:/mingw/bin/../lib/gcc/mingw32/6.3.0/../../../libkernel32.a(dujcs00280.o)
                0x00424140                ExitThread@4
 .text          0x00424148        0x8 c:/mingw/bin/../lib/gcc/mingw32/6.3.0/../../../libkernel32.a(dujcs00279.o)
                0x00424148                ExitProcess@4
 .text          0x00424150        0x8 c:/mingw/bin/../lib/gcc/mingw32/6.3.0/../../../libkernel32.a(dujcs00236.o)
                0x00424150                EnterCriticalSection@4
 .text          0x00424158        0x8 c:/mingw/bin/../lib/gcc/mingw32/6.3.0/../../../libkernel32.a(dujcs00207.o)
                0x00424158                DeleteCriticalSection@4
 .text          0x00424160        0x8 c:/mingw/bin/../lib/gcc/mingw32/6.3.0/../../../libkernel32.a(dujcs00179.o)
                0x00424160                CreateThread@24
 .text          0x00424168        0x8 c:/mingw/bin/../lib/gcc/mingw32/6.3.0/../../../libkernel32.a(dujcs00154.o)
                0x00424168                CreateMutexA@12
 .text          0x00424170        0x8 c:/mingw/bin/../lib/gcc/mingw32/6.3.0/../../../libkernel32.a(dujcs00129.o)
                0x00424170                CreateEventA@16
 .text          0x00424178        0x8 c:/mingw/bin/../lib/gcc/mingw32/6.3.0/../../../libkernel32.a(dujcs00082.o)
                0x00424178                CloseHandle@4
 .text          0x00424180        0x0 c:/mingw/bin/../lib/gcc/mingw32/6.3.0/../../../libkernel32.a(dujch.o)
 .text          0x00424180        0x0 c:/mingw/bin/../lib/gcc/mingw32/6.3.0/../../../libkernel32.a(dujct.o)
 .text          0x00424180        0x8 c:/mingw/bin/../lib/gcc/mingw32/6.3.0/../../../libmoldname.a(dagwbs00082.o)
                0x00424180                stricoll
 .text          0x00424188        0x8 c:/mingw/bin/../lib/gcc/mingw32/6.3.0/../../../libmoldname.a(dagwbs00080.o)
                0x00424188                strdup
 .text          0x00424190        0x0 c:/mingw/bin/../lib/gcc/mingw32/6.3.0/../../../libmoldname.a(dagwbh.o)
 .text          0x00424190        0x0 c:/mingw/bin/../lib/gcc/mingw32/6.3.0/../../../libmoldname.a(dagwbt.o)
 .text          0x00424190        0x0 c:/mingw/bin/../lib/gcc/mingw32/6.3.0/crtend.o
 *(SORT(.text$*))
 *(.text.*)
 .text.startup  0x00424190       0x10 c:/mingw/bin/../lib/gcc/mingw32/6.3.0/crtend.o
 *(.gnu.linkonce.t.*)
 *(.glue_7t)
 *(.glue_7)
                0x004241a0                ___CTOR_LIST__ = .
                0x004241a0                __CTOR_LIST__ = .
                0x004241a0        0x4 LONG 0xffffffff
 *(.ctors)
 *(.ctor)
 *(SORT(.ctors.*))
 .ctors.65535   0x004241a4        0x4 c:/mingw/bin/../lib/gcc/mingw32/6.3.0/crtend.o
                0x004241a8        0x4 LONG 0x0
                0x004241ac                ___DTOR_LIST__ = .
                0x004241ac                __DTOR_LIST__ = .
                0x004241ac        0x4 LONG 0xffffffff
 *(.dtors)
 *(.dtor)
 *(SORT(.dtors.*))
                0x004241b0        0x4 LONG 0x0
 *(.fini)
 *(.gcc_exc)
                [!provide]                PROVIDE (etext, .)
                [!provide]                PROVIDE (_etext, .)
 *(.gcc_except_table)

.data           0x00425000      0x200
                0x00425000                __data_start__ = .
 *(.data)
 .data          0x00425000        0x0 c:/mingw/bin/../lib/gcc/mingw32/6.3.0/../../../crt2.o
 .data          0x00425000        0x4 c:/mingw/bin/../lib/gcc/mingw32/6.3.0/crtbegin.o
 .data          0x00425004        0x0 DemosModifiedForLowTickRate\recmutex.o
 .data          0x00425004        0x8 FreeRTOS+Trace Recorder\trcKernelPort.o
                0x00425004                TraceQueueClassTable
 .data          0x0042500c        0x8 FreeRTOS+Trace Recorder\trcSnapshotRecorder.o
                0x00425010                CurrentFilterMask
                0x00425012                CurrentFilterGroup
 .data          0x00425014        0x0 FreeRTOS+Trace Recorder\trcStreamingRecorder.o
 .data          0x00425014        0x0 FreeRTOS_Source\croutine.o
 .data          0x00425014        0x0 FreeRTOS_Source\event_groups.o
 .data          0x00425014        0x0 FreeRTOS_Source\list.o
 .data          0x00425014        0x4 FreeRTOS_Source\portable\MSVC-MingW\port.o
 .data          0x00425018        0x0 FreeRTOS_Source\portable\MemMang\heap_5.o
 .data          0x00425018        0x0 FreeRTOS_Source\queue.o
 .data          0x00425018        0x0 FreeRTOS_Source\stream_buffer.o
 .data          0x00425018        0x4 FreeRTOS_Source\tasks.o
                0x00425018                uxTopUsedPriority
 .data          0x0042501c        0x0 FreeRTOS_Source\timers.o
 .data          0x0042501c        0x0 Run-time-stats-utils.o
 .data          0x0042501c        0xc Run.o
 .data          0x00425028        0x8 Standard_Demo_Tasks\AbortDelay.o
 .data          0x00425030        0x0 Standard_Demo_Tasks\BlockQ.o
 .data          0x00425030        0x0 Standard_Demo_Tasks\EventGroupsDemo.o
 .data          0x00425030        0x0 Standard_Demo_Tasks\GenQTest.o
 .data          0x00425030        0x0 Standard_Demo_Tasks\IntSemTest.o
 .data          0x00425030        0x4 Standard_Demo_Tasks\MessageBufferAMP.o
                0x00425030                xDemoStatus
 .data          0x00425034        0x4 Standard_Demo_Tasks\MessageBufferDemo.o
 .data          0x00425038        0x0 Standard_Demo_Tasks\PollQ.o
 .data          0x00425038        0x0 Standard_Demo_Tasks\QPeek.o
 .data          0x00425038        0x4 Standard_Demo_Tasks\QueueOverwrite.o
 .data          0x0042503c        0xc Standard_Demo_Tasks\QueueSet.o
 .data          0x00425048        0x4 Standard_Demo_Tasks\QueueSetPolling.o
 .data          0x0042504c        0x0 Standard_Demo_Tasks\StaticAllocation.o
 .data          0x0042504c       0x10 Standard_Demo_Tasks\StreamBufferDemo.o
 .data          0x0042505c        0xc Standard_Demo_Tasks\StreamBufferInterrupt.o
 .data          0x00425068        0x4 Standard_Demo_Tasks\TaskNotify.o
 .data          0x0042506c        0x8 Standard_Demo_Tasks\TimerDemo.o
 .data          0x00425074        0x0 Standard_Demo_Tasks\blocktim.o
 .data          0x00425074        0x0 Standard_Demo_Tasks\countsem.o
 .data          0x00425074        0x4 Standard_Demo_Tasks\death.o
 .data          0x00425078        0x0 Standard_Demo_Tasks\dynamic.o
 .data          0x00425078        0x0 Standard_Demo_Tasks\flop.o
 .data          0x00425078        0x0 Standard_Demo_Tasks\integer.o
 .data          0x00425078        0x0 Standard_Demo_Tasks\semtest.o
 .data          0x00425078        0x8 TestTasks.o
                0x00425078                task1_name
                0x0042507c                task2_name
 .data          0x00425080        0xc api.o
 .data          0x0042508c        0x0 code_coverage_additions.o
 .data          0x0042508c        0x4 main.o
 .data          0x00425090        0x0 main_blinky.o
 .data          0x00425090        0xc main_full.o
 .data          0x0042509c        0x0 c:/mingw/bin/../lib/gcc/mingw32/6.3.0/../../../libwinmm.a(drqcs00146.o)
 .data          0x0042509c        0x0 c:/mingw/bin/../lib/gcc/mingw32/6.3.0/../../../libwinmm.a(drqcs00145.o)
 .data          0x0042509c        0x0 c:/mingw/bin/../lib/gcc/mingw32/6.3.0/../../../libwinmm.a(drqcs00144.o)
 .data          0x0042509c        0x0 c:/mingw/bin/../lib/gcc/mingw32/6.3.0/../../../libwinmm.a(drqch.o)
 .data          0x0042509c        0x0 c:/mingw/bin/../lib/gcc/mingw32/6.3.0/../../../libwinmm.a(drqct.o)
 .data          0x0042509c        0x4 c:/mingw/bin/../lib/gcc/mingw32/6.3.0/../../../libmingw32.a(CRTglob.o)
                0x0042509c                _CRT_glob
 .data          0x004250a0        0x0 c:/mingw/bin/../lib/gcc/mingw32/6.3.0/../../../libmingw32.a(setargv.o)
 .data          0x004250a0        0x0 c:/mingw/bin/../lib/gcc/mingw32/6.3.0/../../../libmingw32.a(CRTfmode.o)
 .data          0x004250a0        0x0 c:/mingw/bin/../lib/gcc/mingw32/6.3.0/../../../libmingw32.a(cpu_features.o)
 .data          0x004250a0        0x4 c:/mingw/bin/../lib/gcc/mingw32/6.3.0/../../../libmingw32.a(CRT_fp10.o)
                0x004250a0                _CRT_fenv
 .data          0x004250a4        0x4 c:/mingw/bin/../lib/gcc/mingw32/6.3.0/../../../libmingw32.a(txtmode.o)
                0x004250a4                _fmode
 .data          0x004250a8        0x4 c:/mingw/bin/../lib/gcc/mingw32/6.3.0/../../../libmingw32.a(gccmain.o)
 .data          0x004250ac        0x0 c:/mingw/bin/../lib/gcc/mingw32/6.3.0/../../../libmingw32.a(tlssup.o)
 .data          0x004250ac        0x0 c:/mingw/bin/../lib/gcc/mingw32/6.3.0/../../../libmingw32.a(tlsthrd.o)
 .data          0x004250ac        0x0 c:/mingw/bin/../lib/gcc/mingw32/6.3.0/../../../libmingw32.a(pseudo-reloc.o)
 .data          0x004250ac        0x0 c:/mingw/bin/../lib/gcc/mingw32/6.3.0/../../../libmingw32.a(pseudo-reloc-list.o)
 .data          0x004250ac        0x0 c:/mingw/bin/../lib/gcc/mingw32/6.3.0/../../../libmingw32.a(crtst.o)
 .data          0x004250ac        0x0 c:/mingw/bin/../lib/gcc/mingw32/6.3.0/libgcc.a(_chkstk_ms.o)
 .data          0x004250ac        0x0 c:/mingw/bin/../lib/gcc/mingw32/6.3.0/libgcc.a(_ctors.o)
 .data          0x004250ac        0x0 c:/mingw/bin/../lib/gcc/mingw32/6.3.0/libgcc.a(_divdi3.o)
 .data          0x004250ac        0x4 c:/mingw/bin/../lib/gcc/mingw32/6.3.0/../../../libmingwex.a(fesetenv.o)
 .data          0x004250b0        0x0 c:/mingw/bin/../lib/gcc/mingw32/6.3.0/../../../libmingwex.a(glob.o)
 .data          0x004250b0        0x0 c:/mingw/bin/../lib/gcc/mingw32/6.3.0/../../../libmingwex.a(dirname.o)
 .data          0x004250b0        0x0 c:/mingw/bin/../lib/gcc/mingw32/6.3.0/../../../libmingwex.a(dirent.o)
 .data          0x004250b0        0x0 c:/mingw/bin/../lib/gcc/mingw32/6.3.0/../../../libmsvcrt.a(djpvbs01325.o)
 .data          0x004250b0        0x0 c:/mingw/bin/../lib/gcc/mingw32/6.3.0/../../../libmsvcrt.a(djpvbs01284.o)
 .data          0x004250b0        0x0 c:/mingw/bin/../lib/gcc/mingw32/6.3.0/../../../libmsvcrt.a(djpvbs01277.o)
 .data          0x004250b0        0x0 c:/mingw/bin/../lib/gcc/mingw32/6.3.0/../../../libmsvcrt.a(djpvbs01272.o)
 .data          0x004250b0        0x0 c:/mingw/bin/../lib/gcc/mingw32/6.3.0/../../../libmsvcrt.a(djpvbs01252.o)
 .data          0x004250b0        0x0 c:/mingw/bin/../lib/gcc/mingw32/6.3.0/../../../libmsvcrt.a(djpvbs01249.o)
 .data          0x004250b0        0x0 c:/mingw/bin/../lib/gcc/mingw32/6.3.0/../../../libmsvcrt.a(djpvbs01242.o)
 .data          0x004250b0        0x0 c:/mingw/bin/../lib/gcc/mingw32/6.3.0/../../../libmsvcrt.a(djpvbs01241.o)
 .data          0x004250b0        0x0 c:/mingw/bin/../lib/gcc/mingw32/6.3.0/../../../libmsvcrt.a(djpvbs01235.o)
 .data          0x004250b0        0x0 c:/mingw/bin/../lib/gcc/mingw32/6.3.0/../../../libmsvcrt.a(djpvbs01232.o)
 .data          0x004250b0        0x0 c:/mingw/bin/../lib/gcc/mingw32/6.3.0/../../../libmsvcrt.a(djpvbs01229.o)
 .data          0x004250b0        0x0 c:/mingw/bin/../lib/gcc/mingw32/6.3.0/../../../libmsvcrt.a(djpvbs01227.o)
 .data          0x004250b0        0x0 c:/mingw/bin/../lib/gcc/mingw32/6.3.0/../../../libmsvcrt.a(djpvbs01220.o)
 .data          0x004250b0        0x0 c:/mingw/bin/../lib/gcc/mingw32/6.3.0/../../../libmsvcrt.a(djpvbs01218.o)
 .data          0x004250b0        0x0 c:/mingw/bin/../lib/gcc/mingw32/6.3.0/../../../libmsvcrt.a(djpvbs01212.o)
 .data          0x004250b0        0x0 c:/mingw/bin/../lib/gcc/mingw32/6.3.0/../../../libmsvcrt.a(djpvbs01208.o)
 .data          0x004250b0        0x0 c:/mingw/bin/../lib/gcc/mingw32/6.3.0/../../../libmsvcrt.a(djpvbs01203.o)
 .data          0x004250b0        0x0 c:/mingw/bin/../lib/gcc/mingw32/6.3.0/../../../libmsvcrt.a(djpvbs01199.o)
 .data          0x004250b0        0x0 c:/mingw/bin/../lib/gcc/mingw32/6.3.0/../../../libmsvcrt.a(djpvbs01198.o)
 .data          0x004250b0        0x0 c:/mingw/bin/../lib/gcc/mingw32/6.3.0/../../../libmsvcrt.a(djpvbs01194.o)
 .data          0x004250b0        0x0 c:/mingw/bin/../lib/gcc/mingw32/6.3.0/../../../libmsvcrt.a(djpvbs01187.o)
 .data          0x004250b0        0x0 c:/mingw/bin/../lib/gcc/mingw32/6.3.0/../../../libmsvcrt.a(djpvbs01142.o)
 .data          0x004250b0        0x0 c:/mingw/bin/../lib/gcc/mingw32/6.3.0/../../../libmsvcrt.a(djpvbs01131.o)
 .data          0x004250b0        0x0 c:/mingw/bin/../lib/gcc/mingw32/6.3.0/../../../libmsvcrt.a(djpvbs01122.o)
 .data          0x004250b0        0x0 c:/mingw/bin/../lib/gcc/mingw32/6.3.0/../../../libmsvcrt.a(djpvbs01114.o)
 .data          0x004250b0        0x0 c:/mingw/bin/../lib/gcc/mingw32/6.3.0/../../../libmsvcrt.a(djpvbs01111.o)
 .data          0x004250b0        0x0 c:/mingw/bin/../lib/gcc/mingw32/6.3.0/../../../libmsvcrt.a(djpvbs01108.o)
 .data          0x004250b0        0x0 c:/mingw/bin/../lib/gcc/mingw32/6.3.0/../../../libmsvcrt.a(djpvbs01098.o)
 .data          0x004250b0        0x0 c:/mingw/bin/../lib/gcc/mingw32/6.3.0/../../../libmsvcrt.a(djpvbs01091.o)
 .data          0x004250b0        0x0 c:/mingw/bin/../lib/gcc/mingw32/6.3.0/../../../libmsvcrt.a(djpvbs01083.o)
 .data          0x004250b0        0x0 c:/mingw/bin/../lib/gcc/mingw32/6.3.0/../../../libmsvcrt.a(djpvbs00753.o)
 .data          0x004250b0        0x0 c:/mingw/bin/../lib/gcc/mingw32/6.3.0/../../../libmsvcrt.a(djpvbs00698.o)
 .data          0x004250b0        0x0 c:/mingw/bin/../lib/gcc/mingw32/6.3.0/../../../libmsvcrt.a(djpvbs00689.o)
 .data          0x004250b0        0x0 c:/mingw/bin/../lib/gcc/mingw32/6.3.0/../../../libmsvcrt.a(djpvbs00422.o)
 .data          0x004250b0        0x0 c:/mingw/bin/../lib/gcc/mingw32/6.3.0/../../../libmsvcrt.a(djpvbs00417.o)
 .data          0x004250b0        0x0 c:/mingw/bin/../lib/gcc/mingw32/6.3.0/../../../libmsvcrt.a(djpvbs00350.o)
 .data          0x004250b0        0x0 c:/mingw/bin/../lib/gcc/mingw32/6.3.0/../../../libmsvcrt.a(djpvbs00324.o)
 .data          0x004250b0        0x0 c:/mingw/bin/../lib/gcc/mingw32/6.3.0/../../../libmsvcrt.a(djpvbs00285.o)
 .data          0x004250b0        0x0 c:/mingw/bin/../lib/gcc/mingw32/6.3.0/../../../libmsvcrt.a(djpvbs00219.o)
 .data          0x004250b0        0x0 c:/mingw/bin/../lib/gcc/mingw32/6.3.0/../../../libmsvcrt.a(djpvbs00153.o)
 .data          0x004250b0        0x0 c:/mingw/bin/../lib/gcc/mingw32/6.3.0/../../../libmsvcrt.a(djpvbs00133.o)
 .data          0x004250b0        0x0 c:/mingw/bin/../lib/gcc/mingw32/6.3.0/../../../libmsvcrt.a(djpvbs00131.o)
 .data          0x004250b0        0x0 c:/mingw/bin/../lib/gcc/mingw32/6.3.0/../../../libmsvcrt.a(djpvbs00119.o)
 .data          0x004250b0        0x0 c:/mingw/bin/../lib/gcc/mingw32/6.3.0/../../../libmsvcrt.a(djpvbs00088.o)
 .data          0x004250b0        0x0 c:/mingw/bin/../lib/gcc/mingw32/6.3.0/../../../libmsvcrt.a(djpvbh.o)
 .data          0x004250b0        0x0 c:/mingw/bin/../lib/gcc/mingw32/6.3.0/../../../libmsvcrt.a(djpvbt.o)
 .data          0x004250b0        0x0 c:/mingw/bin/../lib/gcc/mingw32/6.3.0/../../../libkernel32.a(dujcs01223.o)
 .data          0x004250b0        0x0 c:/mingw/bin/../lib/gcc/mingw32/6.3.0/../../../libkernel32.a(dujcs01221.o)
 .data          0x004250b0        0x0 c:/mingw/bin/../lib/gcc/mingw32/6.3.0/../../../libkernel32.a(dujcs01215.o)
 .data          0x004250b0        0x0 c:/mingw/bin/../lib/gcc/mingw32/6.3.0/../../../libkernel32.a(dujcs01213.o)
 .data          0x004250b0        0x0 c:/mingw/bin/../lib/gcc/mingw32/6.3.0/../../../libkernel32.a(dujcs01173.o)
 .data          0x004250b0        0x0 c:/mingw/bin/../lib/gcc/mingw32/6.3.0/../../../libkernel32.a(dujcs01167.o)
 .data          0x004250b0        0x0 c:/mingw/bin/../lib/gcc/mingw32/6.3.0/../../../libkernel32.a(dujcs01160.o)
 .data          0x004250b0        0x0 c:/mingw/bin/../lib/gcc/mingw32/6.3.0/../../../libkernel32.a(dujcs01152.o)
 .data          0x004250b0        0x0 c:/mingw/bin/../lib/gcc/mingw32/6.3.0/../../../libkernel32.a(dujcs01140.o)
 .data          0x004250b0        0x0 c:/mingw/bin/../lib/gcc/mingw32/6.3.0/../../../libkernel32.a(dujcs01130.o)
 .data          0x004250b0        0x0 c:/mingw/bin/../lib/gcc/mingw32/6.3.0/../../../libkernel32.a(dujcs01129.o)
 .data          0x004250b0        0x0 c:/mingw/bin/../lib/gcc/mingw32/6.3.0/../../../libkernel32.a(dujcs01120.o)
 .data          0x004250b0        0x0 c:/mingw/bin/../lib/gcc/mingw32/6.3.0/../../../libkernel32.a(dujcs01101.o)
 .data          0x004250b0        0x0 c:/mingw/bin/../lib/gcc/mingw32/6.3.0/../../../libkernel32.a(dujcs01065.o)
 .data          0x004250b0        0x0 c:/mingw/bin/../lib/gcc/mingw32/6.3.0/../../../libkernel32.a(dujcs01021.o)
 .data          0x004250b0        0x0 c:/mingw/bin/../lib/gcc/mingw32/6.3.0/../../../libkernel32.a(dujcs00999.o)
 .data          0x004250b0        0x0 c:/mingw/bin/../lib/gcc/mingw32/6.3.0/../../../libkernel32.a(dujcs00995.o)
 .data          0x004250b0        0x0 c:/mingw/bin/../lib/gcc/mingw32/6.3.0/../../../libkernel32.a(dujcs00974.o)
 .data          0x004250b0        0x0 c:/mingw/bin/../lib/gcc/mingw32/6.3.0/../../../libkernel32.a(dujcs00923.o)
 .data          0x004250b0        0x0 c:/mingw/bin/../lib/gcc/mingw32/6.3.0/../../../libkernel32.a(dujcs00922.o)
 .data          0x004250b0        0x0 c:/mingw/bin/../lib/gcc/mingw32/6.3.0/../../../libkernel32.a(dujcs00817.o)
 .data          0x004250b0        0x0 c:/mingw/bin/../lib/gcc/mingw32/6.3.0/../../../libkernel32.a(dujcs00814.o)
 .data          0x004250b0        0x0 c:/mingw/bin/../lib/gcc/mingw32/6.3.0/../../../libkernel32.a(dujcs00734.o)
 .data          0x004250b0        0x0 c:/mingw/bin/../lib/gcc/mingw32/6.3.0/../../../libkernel32.a(dujcs00642.o)
 .data          0x004250b0        0x0 c:/mingw/bin/../lib/gcc/mingw32/6.3.0/../../../libkernel32.a(dujcs00623.o)
 .data          0x004250b0        0x0 c:/mingw/bin/../lib/gcc/mingw32/6.3.0/../../../libkernel32.a(dujcs00577.o)
 .data          0x004250b0        0x0 c:/mingw/bin/../lib/gcc/mingw32/6.3.0/../../../libkernel32.a(dujcs00529.o)
 .data          0x004250b0        0x0 c:/mingw/bin/../lib/gcc/mingw32/6.3.0/../../../libkernel32.a(dujcs00510.o)
 .data          0x004250b0        0x0 c:/mingw/bin/../lib/gcc/mingw32/6.3.0/../../../libkernel32.a(dujcs00450.o)
 .data          0x004250b0        0x0 c:/mingw/bin/../lib/gcc/mingw32/6.3.0/../../../libkernel32.a(dujcs00446.o)
 .data          0x004250b0        0x0 c:/mingw/bin/../lib/gcc/mingw32/6.3.0/../../../libkernel32.a(dujcs00388.o)
 .data          0x004250b0        0x0 c:/mingw/bin/../lib/gcc/mingw32/6.3.0/../../../libkernel32.a(dujcs00352.o)
 .data          0x004250b0        0x0 c:/mingw/bin/../lib/gcc/mingw32/6.3.0/../../../libkernel32.a(dujcs00321.o)
 .data          0x004250b0        0x0 c:/mingw/bin/../lib/gcc/mingw32/6.3.0/../../../libkernel32.a(dujcs00304.o)
 .data          0x004250b0        0x0 c:/mingw/bin/../lib/gcc/mingw32/6.3.0/../../../libkernel32.a(dujcs00300.o)
 .data          0x004250b0        0x0 c:/mingw/bin/../lib/gcc/mingw32/6.3.0/../../../libkernel32.a(dujcs00280.o)
 .data          0x004250b0        0x0 c:/mingw/bin/../lib/gcc/mingw32/6.3.0/../../../libkernel32.a(dujcs00279.o)
 .data          0x004250b0        0x0 c:/mingw/bin/../lib/gcc/mingw32/6.3.0/../../../libkernel32.a(dujcs00236.o)
 .data          0x004250b0        0x0 c:/mingw/bin/../lib/gcc/mingw32/6.3.0/../../../libkernel32.a(dujcs00207.o)
 .data          0x004250b0        0x0 c:/mingw/bin/../lib/gcc/mingw32/6.3.0/../../../libkernel32.a(dujcs00179.o)
 .data          0x004250b0        0x0 c:/mingw/bin/../lib/gcc/mingw32/6.3.0/../../../libkernel32.a(dujcs00154.o)
 .data          0x004250b0        0x0 c:/mingw/bin/../lib/gcc/mingw32/6.3.0/../../../libkernel32.a(dujcs00129.o)
 .data          0x004250b0        0x0 c:/mingw/bin/../lib/gcc/mingw32/6.3.0/../../../libkernel32.a(dujcs00082.o)
 .data          0x004250b0        0x0 c:/mingw/bin/../lib/gcc/mingw32/6.3.0/../../../libkernel32.a(dujch.o)
 .data          0x004250b0        0x0 c:/mingw/bin/../lib/gcc/mingw32/6.3.0/../../../libkernel32.a(dujct.o)
 .data          0x004250b0        0x0 c:/mingw/bin/../lib/gcc/mingw32/6.3.0/../../../libmoldname.a(dagwbs00082.o)
 .data          0x004250b0        0x0 c:/mingw/bin/../lib/gcc/mingw32/6.3.0/../../../libmoldname.a(dagwbs00080.o)
 .data          0x004250b0        0x0 c:/mingw/bin/../lib/gcc/mingw32/6.3.0/../../../libmoldname.a(dagwbh.o)
 .data          0x004250b0        0x0 c:/mingw/bin/../lib/gcc/mingw32/6.3.0/../../../libmoldname.a(dagwbt.o)
 .data          0x004250b0        0x0 c:/mingw/bin/../lib/gcc/mingw32/6.3.0/crtend.o
 *(.data2)
 *(SORT(.data$*))
 *(.jcr)
 .jcr           0x004250b0        0x0 c:/mingw/bin/../lib/gcc/mingw32/6.3.0/crtbegin.o
 .jcr           0x004250b0        0x4 c:/mingw/bin/../lib/gcc/mingw32/6.3.0/crtend.o
                0x004250b4                __data_end__ = .
 *(.data_cygwin_nocopy)

.rdata          0x00426000     0x3000
 *(.rdata)
 .rdata         0x00426000       0x64 c:/mingw/bin/../lib/gcc/mingw32/6.3.0/crtbegin.o
 .rdata         0x00426064       0x2c DemosModifiedForLowTickRate\recmutex.o
 .rdata         0x00426090      0x398 FreeRTOS+Trace Recorder\trcKernelPort.o
 .rdata         0x00426428     0x1100 FreeRTOS+Trace Recorder\trcSnapshotRecorder.o
 .rdata         0x00427528       0x20 FreeRTOS_Source\event_groups.o
 .rdata         0x00427548       0x98 FreeRTOS_Source\portable\MSVC-MingW\port.o
 .rdata         0x004275e0       0x30 FreeRTOS_Source\portable\MemMang\heap_5.o
 .rdata         0x00427610       0x18 FreeRTOS_Source\queue.o
 .rdata         0x00427628       0x20 FreeRTOS_Source\stream_buffer.o
 .rdata         0x00427648       0x48 FreeRTOS_Source\tasks.o
 .rdata         0x00427690       0x54 FreeRTOS_Source\timers.o
 .rdata         0x004276e4       0xf4 Run.o
 .rdata         0x004277d8       0x60 Standard_Demo_Tasks\AbortDelay.o
                0x004277e8                xMaxBlockTime
                0x004277ec                xHalfMaxBlockTime
                0x004277f0                xAllowableMargin
 .rdata         0x00427838       0x30 Standard_Demo_Tasks\BlockQ.o
 .rdata         0x00427868       0x38 Standard_Demo_Tasks\EventGroupsDemo.o
 .rdata         0x004278a0       0x60 Standard_Demo_Tasks\GenQTest.o
 .rdata         0x00427900       0x3c Standard_Demo_Tasks\IntSemTest.o
                0x00427900                xInterruptGivePeriod
 .rdata         0x0042793c       0x44 Standard_Demo_Tasks\MessageBufferAMP.o
 .rdata         0x00427980       0xb8 Standard_Demo_Tasks\MessageBufferDemo.o
 .rdata         0x00427a38       0x20 Standard_Demo_Tasks\PollQ.o
 .rdata         0x00427a58       0x2c Standard_Demo_Tasks\QPeek.o
 .rdata         0x00427a84       0x30 Standard_Demo_Tasks\QueueOverwrite.o
 .rdata         0x00427ab4       0x2c Standard_Demo_Tasks\QueueSet.o
 .rdata         0x00427ae0        0x8 Standard_Demo_Tasks\QueueSetPolling.o
 .rdata         0x00427ae8       0x40 Standard_Demo_Tasks\StaticAllocation.o
 .rdata         0x00427b28      0x110 Standard_Demo_Tasks\StreamBufferDemo.o
 .rdata         0x00427c38       0x64 Standard_Demo_Tasks\StreamBufferInterrupt.o
 .rdata         0x00427c9c       0x44 Standard_Demo_Tasks\TaskNotify.o
 .rdata         0x00427ce0       0x50 Standard_Demo_Tasks\TimerDemo.o
 .rdata         0x00427d30       0x20 Standard_Demo_Tasks\blocktim.o
 .rdata         0x00427d50       0x48 Standard_Demo_Tasks\countsem.o
 .rdata         0x00427d98       0x1c Standard_Demo_Tasks\death.o
 .rdata         0x00427db4       0x5c Standard_Demo_Tasks\dynamic.o
 .rdata         0x00427e10       0x60 Standard_Demo_Tasks\flop.o
 .rdata         0x00427e70        0x8 Standard_Demo_Tasks\integer.o
 .rdata         0x00427e78       0x40 Standard_Demo_Tasks\semtest.o
 .rdata         0x00427eb8       0x34 TestTasks.o
 .rdata         0x00427eec       0x24 code_coverage_additions.o
 .rdata         0x00427f10      0x10c main.o
 .rdata         0x0042801c       0x64 main_blinky.o
 .rdata         0x00428080      0x504 main_full.o
 .rdata         0x00428584        0x4 c:/mingw/bin/../lib/gcc/mingw32/6.3.0/../../../libmingw32.a(tlssup.o)
                0x00428584                __dyn_tls_init_callback
 .rdata         0x00428588       0xac c:/mingw/bin/../lib/gcc/mingw32/6.3.0/../../../libmingw32.a(pseudo-reloc.o)
 .rdata         0x00428634       0x14 c:/mingw/bin/../lib/gcc/mingw32/6.3.0/../../../libmingwex.a(glob.o)
 .rdata         0x00428648        0x8 c:/mingw/bin/../lib/gcc/mingw32/6.3.0/../../../libmingwex.a(dirname.o)
 *(SORT(.rdata$*))
 .rdata$zzz     0x00428650       0x14 c:/mingw/bin/../lib/gcc/mingw32/6.3.0/../../../crt2.o
 .rdata$zzz     0x00428664       0x14 c:/mingw/bin/../lib/gcc/mingw32/6.3.0/crtbegin.o
 .rdata$zzz     0x00428678       0x24 DemosModifiedForLowTickRate\recmutex.o
 .rdata$zzz     0x0042869c       0x24 FreeRTOS+Trace Recorder\trcKernelPort.o
 .rdata$zzz     0x004286c0       0x24 FreeRTOS+Trace Recorder\trcSnapshotRecorder.o
 .rdata$zzz     0x004286e4       0x24 FreeRTOS+Trace Recorder\trcStreamingRecorder.o
 .rdata$zzz     0x00428708       0x24 FreeRTOS_Source\croutine.o
 .rdata$zzz     0x0042872c       0x24 FreeRTOS_Source\event_groups.o
 .rdata$zzz     0x00428750       0x24 FreeRTOS_Source\list.o
 .rdata$zzz     0x00428774       0x24 FreeRTOS_Source\portable\MSVC-MingW\port.o
 .rdata$zzz     0x00428798       0x24 FreeRTOS_Source\portable\MemMang\heap_5.o
 .rdata$zzz     0x004287bc       0x24 FreeRTOS_Source\queue.o
 .rdata$zzz     0x004287e0       0x24 FreeRTOS_Source\stream_buffer.o
 .rdata$zzz     0x00428804       0x24 FreeRTOS_Source\tasks.o
 .rdata$zzz     0x00428828       0x24 FreeRTOS_Source\timers.o
 .rdata$zzz     0x0042884c       0x24 Run-time-stats-utils.o
 .rdata$zzz     0x00428870       0x24 Run.o
 .rdata$zzz     0x00428894       0x24 Standard_Demo_Tasks\AbortDelay.o
 .rdata$zzz     0x004288b8       0x24 Standard_Demo_Tasks\BlockQ.o
 .rdata$zzz     0x004288dc       0x24 Standard_Demo_Tasks\EventGroupsDemo.o
 .rdata$zzz     0x00428900       0x24 Standard_Demo_Tasks\GenQTest.o
 .rdata$zzz     0x00428924       0x24 Standard_Demo_Tasks\IntSemTest.o
 .rdata$zzz     0x00428948       0x24 Standard_Demo_Tasks\MessageBufferAMP.o
 .rdata$zzz     0x0042896c       0x24 Standard_Demo_Tasks\MessageBufferDemo.o
 .rdata$zzz     0x00428990       0x24 Standard_Demo_Tasks\PollQ.o
 .rdata$zzz     0x004289b4       0x24 Standard_Demo_Tasks\QPeek.o
 .rdata$zzz     0x004289d8       0x24 Standard_Demo_Tasks\QueueOverwrite.o
 .rdata$zzz     0x004289fc       0x24 Standard_Demo_Tasks\QueueSet.o
 .rdata$zzz     0x00428a20       0x24 Standard_Demo_Tasks\QueueSetPolling.o
 .rdata$zzz     0x00428a44       0x24 Standard_Demo_Tasks\StaticAllocation.o
 .rdata$zzz     0x00428a68       0x24 Standard_Demo_Tasks\StreamBufferDemo.o
 .rdata$zzz     0x00428a8c       0x24 Standard_Demo_Tasks\StreamBufferInterrupt.o
 .rdata$zzz     0x00428ab0       0x24 Standard_Demo_Tasks\TaskNotify.o
 .rdata$zzz     0x00428ad4       0x24 Standard_Demo_Tasks\TimerDemo.o
 .rdata$zzz     0x00428af8       0x24 Standard_Demo_Tasks\blocktim.o
 .rdata$zzz     0x00428b1c       0x24 Standard_Demo_Tasks\countsem.o
 .rdata$zzz     0x00428b40       0x24 Standard_Demo_Tasks\death.o
 .rdata$zzz     0x00428b64       0x24 Standard_Demo_Tasks\dynamic.o
 .rdata$zzz     0x00428b88       0x24 Standard_Demo_Tasks\flop.o
 .rdata$zzz     0x00428bac       0x24 Standard_Demo_Tasks\integer.o
 .rdata$zzz     0x00428bd0       0x24 Standard_Demo_Tasks\semtest.o
 .rdata$zzz     0x00428bf4       0x24 TestTasks.o
 .rdata$zzz     0x00428c18       0x24 api.o
 .rdata$zzz     0x00428c3c       0x24 code_coverage_additions.o
 .rdata$zzz     0x00428c60       0x24 main.o
 .rdata$zzz     0x00428c84       0x24 main_blinky.o
 .rdata$zzz     0x00428ca8       0x24 main_full.o
 .rdata$zzz     0x00428ccc       0x14 c:/mingw/bin/../lib/gcc/mingw32/6.3.0/../../../libmingw32.a(CRTglob.o)
 .rdata$zzz     0x00428ce0       0x14 c:/mingw/bin/../lib/gcc/mingw32/6.3.0/../../../libmingw32.a(setargv.o)
 .rdata$zzz     0x00428cf4       0x14 c:/mingw/bin/../lib/gcc/mingw32/6.3.0/../../../libmingw32.a(CRTfmode.o)
 .rdata$zzz     0x00428d08       0x14 c:/mingw/bin/../lib/gcc/mingw32/6.3.0/../../../libmingw32.a(CRT_fp10.o)
 .rdata$zzz     0x00428d1c       0x14 c:/mingw/bin/../lib/gcc/mingw32/6.3.0/../../../libmingw32.a(txtmode.o)
 .rdata$zzz     0x00428d30       0x14 c:/mingw/bin/../lib/gcc/mingw32/6.3.0/../../../libmingw32.a(gccmain.o)
 .rdata$zzz     0x00428d44       0x14 c:/mingw/bin/../lib/gcc/mingw32/6.3.0/../../../libmingw32.a(tlssup.o)
 .rdata$zzz     0x00428d58       0x14 c:/mingw/bin/../lib/gcc/mingw32/6.3.0/../../../libmingw32.a(tlsthrd.o)
 .rdata$zzz     0x00428d6c       0x14 c:/mingw/bin/../lib/gcc/mingw32/6.3.0/../../../libmingw32.a(pseudo-reloc.o)
 .rdata$zzz     0x00428d80       0x14 c:/mingw/bin/../lib/gcc/mingw32/6.3.0/../../../libmingw32.a(pseudo-reloc-list.o)
 .rdata$zzz     0x00428d94       0x14 c:/mingw/bin/../lib/gcc/mingw32/6.3.0/../../../libmingw32.a(crtst.o)
 .rdata$zzz     0x00428da8       0x14 c:/mingw/bin/../lib/gcc/mingw32/6.3.0/libgcc.a(_ctors.o)
 .rdata$zzz     0x00428dbc       0x14 c:/mingw/bin/../lib/gcc/mingw32/6.3.0/libgcc.a(_divdi3.o)
 .rdata$zzz     0x00428dd0       0x14 c:/mingw/bin/../lib/gcc/mingw32/6.3.0/../../../libmingwex.a(fesetenv.o)
 .rdata$zzz     0x00428de4       0x14 c:/mingw/bin/../lib/gcc/mingw32/6.3.0/../../../libmingwex.a(glob.o)
 .rdata$zzz     0x00428df8       0x14 c:/mingw/bin/../lib/gcc/mingw32/6.3.0/../../../libmingwex.a(dirname.o)
 .rdata$zzz     0x00428e0c       0x14 c:/mingw/bin/../lib/gcc/mingw32/6.3.0/../../../libmingwex.a(dirent.o)
 .rdata$zzz     0x00428e20       0x14 c:/mingw/bin/../lib/gcc/mingw32/6.3.0/crtend.o
                0x00428e34                __rt_psrelocs_start = .
 *(.rdata_runtime_pseudo_reloc)
                0x00428e34                __rt_psrelocs_end = .
                0x00000000                __rt_psrelocs_size = (__rt_psrelocs_end - __rt_psrelocs_start)
                0x00428e34                ___RUNTIME_PSEUDO_RELOC_LIST_END__ = .
                0x00428e34                __RUNTIME_PSEUDO_RELOC_LIST_END__ = .
                0x00428e34                ___RUNTIME_PSEUDO_RELOC_LIST__ = (. - __rt_psrelocs_size)
                0x00428e34                __RUNTIME_PSEUDO_RELOC_LIST__ = (. - __rt_psrelocs_size)

.eh_frame       0x00429000     0x5400
 *(.eh_frame*)
 .eh_frame      0x00429000       0xb8 c:/mingw/bin/../lib/gcc/mingw32/6.3.0/../../../crt2.o
 .eh_frame      0x004290b8       0x64 c:/mingw/bin/../lib/gcc/mingw32/6.3.0/crtbegin.o
                0x004290b8                __EH_FRAME_BEGIN__
 .eh_frame      0x0042911c       0xac DemosModifiedForLowTickRate\recmutex.o
 .eh_frame      0x004291c8      0x458 FreeRTOS+Trace Recorder\trcKernelPort.o
 .eh_frame      0x00429620      0x7cc FreeRTOS+Trace Recorder\trcSnapshotRecorder.o
 .eh_frame      0x00429dec      0x1f8 FreeRTOS_Source\event_groups.o
 .eh_frame      0x00429fe4       0xb8 FreeRTOS_Source\list.o
 .eh_frame      0x0042a09c      0x1c8 FreeRTOS_Source\portable\MSVC-MingW\port.o
 .eh_frame      0x0042a264       0xf8 FreeRTOS_Source\portable\MemMang\heap_5.o
 .eh_frame      0x0042a35c      0x684 FreeRTOS_Source\queue.o
 .eh_frame      0x0042a9e0      0x370 FreeRTOS_Source\stream_buffer.o
 .eh_frame      0x0042ad50      0x944 FreeRTOS_Source\tasks.o
 .eh_frame      0x0042b694      0x374 FreeRTOS_Source\timers.o
 .eh_frame      0x0042ba08       0x60 Run-time-stats-utils.o
 .eh_frame      0x0042ba68       0xc4 Run.o
 .eh_frame      0x0042bb2c      0x1d0 Standard_Demo_Tasks\AbortDelay.o
 .eh_frame      0x0042bcfc       0x90 Standard_Demo_Tasks\BlockQ.o
 .eh_frame      0x0042bd8c      0x14c Standard_Demo_Tasks\EventGroupsDemo.o
 .eh_frame      0x0042bed8      0x130 Standard_Demo_Tasks\GenQTest.o
 .eh_frame      0x0042c008      0x10c Standard_Demo_Tasks\IntSemTest.o
 .eh_frame      0x0042c114       0xd0 Standard_Demo_Tasks\MessageBufferAMP.o
 .eh_frame      0x0042c1e4      0x120 Standard_Demo_Tasks\MessageBufferDemo.o
 .eh_frame      0x0042c304       0x90 Standard_Demo_Tasks\PollQ.o
 .eh_frame      0x0042c394       0xc8 Standard_Demo_Tasks\QPeek.o
 .eh_frame      0x0042c45c       0x94 Standard_Demo_Tasks\QueueOverwrite.o
 .eh_frame      0x0042c4f0      0x210 Standard_Demo_Tasks\QueueSet.o
 .eh_frame      0x0042c700       0x94 Standard_Demo_Tasks\QueueSetPolling.o
 .eh_frame      0x0042c794      0x280 Standard_Demo_Tasks\StaticAllocation.o
 .eh_frame      0x0042ca14      0x17c Standard_Demo_Tasks\StreamBufferDemo.o
 .eh_frame      0x0042cb90       0x94 Standard_Demo_Tasks\StreamBufferInterrupt.o
 .eh_frame      0x0042cc24      0x114 Standard_Demo_Tasks\TaskNotify.o
 .eh_frame      0x0042cd38      0x1f4 Standard_Demo_Tasks\TimerDemo.o
 .eh_frame      0x0042cf2c       0xb0 Standard_Demo_Tasks\blocktim.o
 .eh_frame      0x0042cfdc       0xb4 Standard_Demo_Tasks\countsem.o
 .eh_frame      0x0042d090       0x90 Standard_Demo_Tasks\death.o
 .eh_frame      0x0042d120       0xe4 Standard_Demo_Tasks\dynamic.o
 .eh_frame      0x0042d204       0xc8 Standard_Demo_Tasks\flop.o
 .eh_frame      0x0042d2cc       0x74 Standard_Demo_Tasks\integer.o
 .eh_frame      0x0042d340       0x74 Standard_Demo_Tasks\semtest.o
 .eh_frame      0x0042d3b4       0x6c TestTasks.o
 .eh_frame      0x0042d420       0xf8 api.o
 .eh_frame      0x0042d518      0x140 code_coverage_additions.o
 .eh_frame      0x0042d658      0x1a4 main.o
 .eh_frame      0x0042d7fc       0x8c main_blinky.o
 .eh_frame      0x0042d888      0x1f0 main_full.o
 .eh_frame      0x0042da78       0x58 c:/mingw/bin/../lib/gcc/mingw32/6.3.0/../../../libmingw32.a(setargv.o)
 .eh_frame      0x0042dad0       0x40 c:/mingw/bin/../lib/gcc/mingw32/6.3.0/../../../libmingw32.a(cpu_features.o)
 .eh_frame      0x0042db10       0x68 c:/mingw/bin/../lib/gcc/mingw32/6.3.0/../../../libmingw32.a(gccmain.o)
 .eh_frame      0x0042db78       0x88 c:/mingw/bin/../lib/gcc/mingw32/6.3.0/../../../libmingw32.a(tlssup.o)
 .eh_frame      0x0042dc00      0x108 c:/mingw/bin/../lib/gcc/mingw32/6.3.0/../../../libmingw32.a(tlsthrd.o)
 .eh_frame      0x0042dd08       0xd8 c:/mingw/bin/../lib/gcc/mingw32/6.3.0/../../../libmingw32.a(pseudo-reloc.o)
 .eh_frame      0x0042dde0       0x58 c:/mingw/bin/../lib/gcc/mingw32/6.3.0/libgcc.a(_divdi3.o)
 .eh_frame      0x0042de38       0x34 c:/mingw/bin/../lib/gcc/mingw32/6.3.0/../../../libmingwex.a(fesetenv.o)
 .eh_frame      0x0042de6c      0x25c c:/mingw/bin/../lib/gcc/mingw32/6.3.0/../../../libmingwex.a(glob.o)
 .eh_frame      0x0042e0c8       0x58 c:/mingw/bin/../lib/gcc/mingw32/6.3.0/../../../libmingwex.a(dirname.o)
 .eh_frame      0x0042e120      0x1c4 c:/mingw/bin/../lib/gcc/mingw32/6.3.0/../../../libmingwex.a(dirent.o)
 .eh_frame      0x0042e2e4       0x3c c:/mingw/bin/../lib/gcc/mingw32/6.3.0/crtend.o

.pdata
 *(.pdata*)

.bss            0x0042f000    0x255d0
                0x0042f000                __bss_start__ = .
 *(.bss)
 .bss           0x0042f000        0x8 c:/mingw/bin/../lib/gcc/mingw32/6.3.0/../../../crt2.o
                0x0042f000                _argv
                0x0042f004                _argc
 .bss           0x0042f008       0x18 c:/mingw/bin/../lib/gcc/mingw32/6.3.0/crtbegin.o
 .bss           0x0042f020       0x34 DemosModifiedForLowTickRate\recmutex.o
 .bss           0x0042f054        0x4 FreeRTOS+Trace Recorder\trcKernelPort.o
                0x0042f054                uiInEventGroupSetBitsFromISR
 *fill*         0x0042f058        0x8 
 .bss           0x0042f060      0x420 FreeRTOS+Trace Recorder\trcSnapshotRecorder.o
                0x0042f060                isPendingContextSwitch
                0x0042f064                uiTraceTickCount
                0x0042f068                trace_disable_timestamp
                0x0042f06c                uiTraceSystemState
                0x0042f070                recorder_busy
                0x0042f074                timestampFrequency
                0x0042f078                traceErrorMessage
                0x0042f07c                nISRactive
                0x0042f07d                handle_of_last_logged_task
                0x0042f080                vTraceStopHookPtr
                0x0042f0a0                objectHandleStacks
                0x0042f444                RecorderDataPtr
 .bss           0x0042f480        0x0 FreeRTOS+Trace Recorder\trcStreamingRecorder.o
 .bss           0x0042f480        0x0 FreeRTOS_Source\croutine.o
 .bss           0x0042f480        0x0 FreeRTOS_Source\event_groups.o
 .bss           0x0042f480        0x0 FreeRTOS_Source\list.o
 .bss           0x0042f480       0xc0 FreeRTOS_Source\portable\MSVC-MingW\port.o
                0x0042f480                xInsideInterrupt
 .bss           0x0042f540       0x20 FreeRTOS_Source\portable\MemMang\heap_5.o
 .bss           0x0042f560        0x0 FreeRTOS_Source\queue.o
 .bss           0x0042f560        0x0 FreeRTOS_Source\stream_buffer.o
 .bss           0x0042f560      0x160 FreeRTOS_Source\tasks.o
                0x0042f560                pxCurrentTCB
 .bss           0x0042f6c0      0x1e0 FreeRTOS_Source\timers.o
 .bss           0x0042f8a0       0x10 Run-time-stats-utils.o
 .bss           0x0042f8b0       0x10 Run.o
                0x0042f8b0                temperatureHandl
                0x0042f8b4                pressureHandl
                0x0042f8b8                heightHandl
                0x0042f8bc                edfHandl
 .bss           0x0042f8c0      0x120 Standard_Demo_Tasks\AbortDelay.o
 .bss           0x0042f9e0       0x20 Standard_Demo_Tasks\BlockQ.o
 .bss           0x0042fa00       0x30 Standard_Demo_Tasks\EventGroupsDemo.o
 .bss           0x0042fa30       0x2c Standard_Demo_Tasks\GenQTest.o
 .bss           0x0042fa5c       0x30 Standard_Demo_Tasks\IntSemTest.o
 .bss           0x0042fa8c       0x1c Standard_Demo_Tasks\MessageBufferAMP.o
 *fill*         0x0042faa8       0x18 
 .bss           0x0042fac0      0x100 Standard_Demo_Tasks\MessageBufferDemo.o
 .bss           0x0042fbc0        0xc Standard_Demo_Tasks\PollQ.o
 .bss           0x0042fbcc        0xc Standard_Demo_Tasks\QPeek.o
 .bss           0x0042fbd8        0xc Standard_Demo_Tasks\QueueOverwrite.o
 .bss           0x0042fbe4       0x50 Standard_Demo_Tasks\QueueSet.o
 .bss           0x0042fc34       0x18 Standard_Demo_Tasks\QueueSetPolling.o
 *fill*         0x0042fc4c       0x14 
 .bss           0x0042fc60      0x460 Standard_Demo_Tasks\StaticAllocation.o
 .bss           0x004300c0       0xe0 Standard_Demo_Tasks\StreamBufferDemo.o
 .bss           0x004301a0       0x10 Standard_Demo_Tasks\StreamBufferInterrupt.o
 .bss           0x004301b0       0x28 Standard_Demo_Tasks\TaskNotify.o
 *fill*         0x004301d8        0x8 
 .bss           0x004301e0       0xc0 Standard_Demo_Tasks\TimerDemo.o
 .bss           0x004302a0       0x20 Standard_Demo_Tasks\blocktim.o
 .bss           0x004302c0       0x24 Standard_Demo_Tasks\countsem.o
 .bss           0x004302e4        0xc Standard_Demo_Tasks\death.o
 .bss           0x004302f0       0x28 Standard_Demo_Tasks\dynamic.o
 .bss           0x00430318        0x8 Standard_Demo_Tasks\flop.o
 .bss           0x00430320        0x4 Standard_Demo_Tasks\integer.o
 .bss           0x00430324       0x14 Standard_Demo_Tasks\semtest.o
 .bss           0x00430338        0x8 TestTasks.o
                0x00430338                task1Handl
                0x0043033c                task2Handl
 .bss           0x00430340        0x0 api.o
 .bss           0x00430340       0x40 code_coverage_additions.o
 .bss           0x00430380    0x10600 main.o
 .bss           0x00440980        0x8 main_blinky.o
 .bss           0x00440988       0x18 main_full.o
 .bss           0x004409a0        0x0 c:/mingw/bin/../lib/gcc/mingw32/6.3.0/../../../libwinmm.a(drqcs00146.o)
 .bss           0x004409a0        0x0 c:/mingw/bin/../lib/gcc/mingw32/6.3.0/../../../libwinmm.a(drqcs00145.o)
 .bss           0x004409a0        0x0 c:/mingw/bin/../lib/gcc/mingw32/6.3.0/../../../libwinmm.a(drqcs00144.o)
 .bss           0x004409a0        0x0 c:/mingw/bin/../lib/gcc/mingw32/6.3.0/../../../libwinmm.a(drqch.o)
 .bss           0x004409a0        0x0 c:/mingw/bin/../lib/gcc/mingw32/6.3.0/../../../libwinmm.a(drqct.o)
 .bss           0x004409a0        0x0 c:/mingw/bin/../lib/gcc/mingw32/6.3.0/../../../libmingw32.a(CRTglob.o)
 .bss           0x004409a0        0x0 c:/mingw/bin/../lib/gcc/mingw32/6.3.0/../../../libmingw32.a(setargv.o)
 .bss           0x004409a0        0x4 c:/mingw/bin/../lib/gcc/mingw32/6.3.0/../../../libmingw32.a(CRTfmode.o)
                0x004409a0                _CRT_fmode
 .bss           0x004409a4        0x4 c:/mingw/bin/../lib/gcc/mingw32/6.3.0/../../../libmingw32.a(cpu_features.o)
                0x004409a4                __cpu_features
 .bss           0x004409a8        0x0 c:/mingw/bin/../lib/gcc/mingw32/6.3.0/../../../libmingw32.a(CRT_fp10.o)
 .bss           0x004409a8        0x0 c:/mingw/bin/../lib/gcc/mingw32/6.3.0/../../../libmingw32.a(txtmode.o)
 .bss           0x004409a8        0x4 c:/mingw/bin/../lib/gcc/mingw32/6.3.0/../../../libmingw32.a(gccmain.o)
 .bss           0x004409ac       0x10 c:/mingw/bin/../lib/gcc/mingw32/6.3.0/../../../libmingw32.a(tlssup.o)
                0x004409ac                mingw_initltssuo_force
                0x004409b0                mingw_initltsdyn_force
                0x004409b4                mingw_initltsdrot_force
                0x004409b8                _tls_index
 .bss           0x004409bc       0x20 c:/mingw/bin/../lib/gcc/mingw32/6.3.0/../../../libmingw32.a(tlsthrd.o)
 .bss           0x004409dc        0x4 c:/mingw/bin/../lib/gcc/mingw32/6.3.0/../../../libmingw32.a(pseudo-reloc.o)
 .bss           0x004409e0        0x4 c:/mingw/bin/../lib/gcc/mingw32/6.3.0/../../../libmingw32.a(pseudo-reloc-list.o)
 .bss           0x004409e4        0x4 c:/mingw/bin/../lib/gcc/mingw32/6.3.0/../../../libmingw32.a(crtst.o)
                0x004409e4                _CRT_MT
 .bss           0x004409e8        0x0 c:/mingw/bin/../lib/gcc/mingw32/6.3.0/libgcc.a(_chkstk_ms.o)
 .bss           0x004409e8        0x0 c:/mingw/bin/../lib/gcc/mingw32/6.3.0/libgcc.a(_ctors.o)
 .bss           0x004409e8        0x0 c:/mingw/bin/../lib/gcc/mingw32/6.3.0/libgcc.a(_divdi3.o)
 .bss           0x004409e8        0x0 c:/mingw/bin/../lib/gcc/mingw32/6.3.0/../../../libmingwex.a(fesetenv.o)
 .bss           0x004409e8        0x0 c:/mingw/bin/../lib/gcc/mingw32/6.3.0/../../../libmingwex.a(glob.o)
 .bss           0x004409e8        0x4 c:/mingw/bin/../lib/gcc/mingw32/6.3.0/../../../libmingwex.a(dirname.o)
 .bss           0x004409ec        0x0 c:/mingw/bin/../lib/gcc/mingw32/6.3.0/../../../libmingwex.a(dirent.o)
 .bss           0x004409ec        0x0 c:/mingw/bin/../lib/gcc/mingw32/6.3.0/../../../libmsvcrt.a(djpvbs01325.o)
 .bss           0x004409ec        0x0 c:/mingw/bin/../lib/gcc/mingw32/6.3.0/../../../libmsvcrt.a(djpvbs01284.o)
 .bss           0x004409ec        0x0 c:/mingw/bin/../lib/gcc/mingw32/6.3.0/../../../libmsvcrt.a(djpvbs01277.o)
 .bss           0x004409ec        0x0 c:/mingw/bin/../lib/gcc/mingw32/6.3.0/../../../libmsvcrt.a(djpvbs01272.o)
 .bss           0x004409ec        0x0 c:/mingw/bin/../lib/gcc/mingw32/6.3.0/../../../libmsvcrt.a(djpvbs01252.o)
 .bss           0x004409ec        0x0 c:/mingw/bin/../lib/gcc/mingw32/6.3.0/../../../libmsvcrt.a(djpvbs01249.o)
 .bss           0x004409ec        0x0 c:/mingw/bin/../lib/gcc/mingw32/6.3.0/../../../libmsvcrt.a(djpvbs01242.o)
 .bss           0x004409ec        0x0 c:/mingw/bin/../lib/gcc/mingw32/6.3.0/../../../libmsvcrt.a(djpvbs01241.o)
 .bss           0x004409ec        0x0 c:/mingw/bin/../lib/gcc/mingw32/6.3.0/../../../libmsvcrt.a(djpvbs01235.o)
 .bss           0x004409ec        0x0 c:/mingw/bin/../lib/gcc/mingw32/6.3.0/../../../libmsvcrt.a(djpvbs01232.o)
 .bss           0x004409ec        0x0 c:/mingw/bin/../lib/gcc/mingw32/6.3.0/../../../libmsvcrt.a(djpvbs01229.o)
 .bss           0x004409ec        0x0 c:/mingw/bin/../lib/gcc/mingw32/6.3.0/../../../libmsvcrt.a(djpvbs01227.o)
 .bss           0x004409ec        0x0 c:/mingw/bin/../lib/gcc/mingw32/6.3.0/../../../libmsvcrt.a(djpvbs01220.o)
 .bss           0x004409ec        0x0 c:/mingw/bin/../lib/gcc/mingw32/6.3.0/../../../libmsvcrt.a(djpvbs01218.o)
 .bss           0x004409ec        0x0 c:/mingw/bin/../lib/gcc/mingw32/6.3.0/../../../libmsvcrt.a(djpvbs01212.o)
 .bss           0x004409ec        0x0 c:/mingw/bin/../lib/gcc/mingw32/6.3.0/../../../libmsvcrt.a(djpvbs01208.o)
 .bss           0x004409ec        0x0 c:/mingw/bin/../lib/gcc/mingw32/6.3.0/../../../libmsvcrt.a(djpvbs01203.o)
 .bss           0x004409ec        0x0 c:/mingw/bin/../lib/gcc/mingw32/6.3.0/../../../libmsvcrt.a(djpvbs01199.o)
 .bss           0x004409ec        0x0 c:/mingw/bin/../lib/gcc/mingw32/6.3.0/../../../libmsvcrt.a(djpvbs01198.o)
 .bss           0x004409ec        0x0 c:/mingw/bin/../lib/gcc/mingw32/6.3.0/../../../libmsvcrt.a(djpvbs01194.o)
 .bss           0x004409ec        0x0 c:/mingw/bin/../lib/gcc/mingw32/6.3.0/../../../libmsvcrt.a(djpvbs01187.o)
 .bss           0x004409ec        0x0 c:/mingw/bin/../lib/gcc/mingw32/6.3.0/../../../libmsvcrt.a(djpvbs01142.o)
 .bss           0x004409ec        0x0 c:/mingw/bin/../lib/gcc/mingw32/6.3.0/../../../libmsvcrt.a(djpvbs01131.o)
 .bss           0x004409ec        0x0 c:/mingw/bin/../lib/gcc/mingw32/6.3.0/../../../libmsvcrt.a(djpvbs01122.o)
 .bss           0x004409ec        0x0 c:/mingw/bin/../lib/gcc/mingw32/6.3.0/../../../libmsvcrt.a(djpvbs01114.o)
 .bss           0x004409ec        0x0 c:/mingw/bin/../lib/gcc/mingw32/6.3.0/../../../libmsvcrt.a(djpvbs01111.o)
 .bss           0x004409ec        0x0 c:/mingw/bin/../lib/gcc/mingw32/6.3.0/../../../libmsvcrt.a(djpvbs01108.o)
 .bss           0x004409ec        0x0 c:/mingw/bin/../lib/gcc/mingw32/6.3.0/../../../libmsvcrt.a(djpvbs01098.o)
 .bss           0x004409ec        0x0 c:/mingw/bin/../lib/gcc/mingw32/6.3.0/../../../libmsvcrt.a(djpvbs01091.o)
 .bss           0x004409ec        0x0 c:/mingw/bin/../lib/gcc/mingw32/6.3.0/../../../libmsvcrt.a(djpvbs01083.o)
 .bss           0x004409ec        0x0 c:/mingw/bin/../lib/gcc/mingw32/6.3.0/../../../libmsvcrt.a(djpvbs00753.o)
 .bss           0x004409ec        0x0 c:/mingw/bin/../lib/gcc/mingw32/6.3.0/../../../libmsvcrt.a(djpvbs00698.o)
 .bss           0x004409ec        0x0 c:/mingw/bin/../lib/gcc/mingw32/6.3.0/../../../libmsvcrt.a(djpvbs00689.o)
 .bss           0x004409ec        0x0 c:/mingw/bin/../lib/gcc/mingw32/6.3.0/../../../libmsvcrt.a(djpvbs00422.o)
 .bss           0x004409ec        0x0 c:/mingw/bin/../lib/gcc/mingw32/6.3.0/../../../libmsvcrt.a(djpvbs00417.o)
 .bss           0x004409ec        0x0 c:/mingw/bin/../lib/gcc/mingw32/6.3.0/../../../libmsvcrt.a(djpvbs00350.o)
 .bss           0x004409ec        0x0 c:/mingw/bin/../lib/gcc/mingw32/6.3.0/../../../libmsvcrt.a(djpvbs00324.o)
 .bss           0x004409ec        0x0 c:/mingw/bin/../lib/gcc/mingw32/6.3.0/../../../libmsvcrt.a(djpvbs00285.o)
 .bss           0x004409ec        0x0 c:/mingw/bin/../lib/gcc/mingw32/6.3.0/../../../libmsvcrt.a(djpvbs00219.o)
 .bss           0x004409ec        0x0 c:/mingw/bin/../lib/gcc/mingw32/6.3.0/../../../libmsvcrt.a(djpvbs00153.o)
 .bss           0x004409ec        0x0 c:/mingw/bin/../lib/gcc/mingw32/6.3.0/../../../libmsvcrt.a(djpvbs00133.o)
 .bss           0x004409ec        0x0 c:/mingw/bin/../lib/gcc/mingw32/6.3.0/../../../libmsvcrt.a(djpvbs00131.o)
 .bss           0x004409ec        0x0 c:/mingw/bin/../lib/gcc/mingw32/6.3.0/../../../libmsvcrt.a(djpvbs00119.o)
 .bss           0x004409ec        0x0 c:/mingw/bin/../lib/gcc/mingw32/6.3.0/../../../libmsvcrt.a(djpvbs00088.o)
 .bss           0x004409ec        0x0 c:/mingw/bin/../lib/gcc/mingw32/6.3.0/../../../libmsvcrt.a(djpvbh.o)
 .bss           0x004409ec        0x0 c:/mingw/bin/../lib/gcc/mingw32/6.3.0/../../../libmsvcrt.a(djpvbt.o)
 .bss           0x004409ec        0x0 c:/mingw/bin/../lib/gcc/mingw32/6.3.0/../../../libkernel32.a(dujcs01223.o)