Archive member included to satisfy reference by file (symbol)

c:/mingw/bin/../lib/gcc/mingw32/6.3.0/../../../libwinmm.a(drqcs00146.o)
                              FreeRTOS_Source\portable\MSVC-MingW\port.o (timeGetDevCaps@8)
c:/mingw/bin/../lib/gcc/mingw32/6.3.0/../../../libwinmm.a(drqcs00145.o)
                              FreeRTOS_Source\portable\MSVC-MingW\port.o (timeEndPeriod@4)
c:/mingw/bin/../lib/gcc/mingw32/6.3.0/../../../libwinmm.a(drqcs00144.o)
                              FreeRTOS_Source\portable\MSVC-MingW\port.o (timeBeginPeriod@4)
c:/mingw/bin/../lib/gcc/mingw32/6.3.0/../../../libwinmm.a(drqch.o)
                              c:/mingw/bin/../lib/gcc/mingw32/6.3.0/../../../libwinmm.a(drqcs00146.o) (_head_libwinmm_a)
c:/mingw/bin/../lib/gcc/mingw32/6.3.0/../../../libwinmm.a(drqct.o)
                              c:/mingw/bin/../lib/gcc/mingw32/6.3.0/../../../libwinmm.a(drqch.o) (_libwinmm_a_iname)
c:/mingw/bin/../lib/gcc/mingw32/6.3.0/../../../libmingw32.a(CRTglob.o)
                              c:/mingw/bin/../lib/gcc/mingw32/6.3.0/../../../crt2.o (_CRT_glob)
c:/mingw/bin/../lib/gcc/mingw32/6.3.0/../../../libmingw32.a(setargv.o)
                              c:/mingw/bin/../lib/gcc/mingw32/6.3.0/../../../crt2.o (_setargv)
c:/mingw/bin/../lib/gcc/mingw32/6.3.0/../../../libmingw32.a(CRTfmode.o)
                              c:/mingw/bin/../lib/gcc/mingw32/6.3.0/../../../crt2.o (_CRT_fmode)
c:/mingw/bin/../lib/gcc/mingw32/6.3.0/../../../libmingw32.a(cpu_features.o)
                              c:/mingw/bin/../lib/gcc/mingw32/6.3.0/../../../crt2.o (__cpu_features_init)
c:/mingw/bin/../lib/gcc/mingw32/6.3.0/../../../libmingw32.a(CRT_fp10.o)
                              c:/mingw/bin/../lib/gcc/mingw32/6.3.0/../../../crt2.o (_CRT_fenv)
c:/mingw/bin/../lib/gcc/mingw32/6.3.0/../../../libmingw32.a(txtmode.o)
                              c:/mingw/bin/../lib/gcc/mingw32/6.3.0/../../../crt2.o (_fmode)
c:/mingw/bin/../lib/gcc/mingw32/6.3.0/../../../libmingw32.a(gccmain.o)
                              c:/mingw/bin/../lib/gcc/mingw32/6.3.0/../../../crt2.o (__main)
c:/mingw/bin/../lib/gcc/mingw32/6.3.0/../../../libmingw32.a(tlssup.o)
                              c:/mingw/bin/../lib/gcc/mingw32/6.3.0/../../../crt2.o (__dyn_tls_init_callback)
c:/mingw/bin/../lib/gcc/mingw32/6.3.0/../../../libmingw32.a(tlsthrd.o)
                              c:/mingw/bin/../lib/gcc/mingw32/6.3.0/../../../libmingw32.a(tlssup.o) (__mingw_TLScallback)
c:/mingw/bin/../lib/gcc/mingw32/6.3.0/../../../libmingw32.a(pseudo-reloc.o)
                              c:/mingw/bin/../lib/gcc/mingw32/6.3.0/../../../crt2.o (_pei386_runtime_relocator)
c:/mingw/bin/../lib/gcc/mingw32/6.3.0/../../../libmingw32.a(pseudo-reloc-list.o)
                              c:/mingw/bin/../lib/gcc/mingw32/6.3.0/../../../libmingw32.a(pseudo-reloc.o) (__RUNTIME_PSEUDO_RELOC_LIST__)
c:/mingw/bin/../lib/gcc/mingw32/6.3.0/../../../libmingw32.a(crtst.o)
                              c:/mingw/bin/../lib/gcc/mingw32/6.3.0/../../../libmingw32.a(tlssup.o) (_CRT_MT)
c:/mingw/bin/../lib/gcc/mingw32/6.3.0/libgcc.a(_chkstk_ms.o)
                              main.o (__chkstk_ms)
c:/mingw/bin/../lib/gcc/mingw32/6.3.0/libgcc.a(_ctors.o)
                              c:/mingw/bin/../lib/gcc/mingw32/6.3.0/../../../libmingw32.a(gccmain.o) (__DTOR_LIST__)
c:/mingw/bin/../lib/gcc/mingw32/6.3.0/libgcc.a(_divdi3.o)
                              Run-time-stats-utils.o (__divdi3)
c:/mingw/bin/../lib/gcc/mingw32/6.3.0/../../../libmingwex.a(fesetenv.o)
                              c:/mingw/bin/../lib/gcc/mingw32/6.3.0/../../../crt2.o (fesetenv)
c:/mingw/bin/../lib/gcc/mingw32/6.3.0/../../../libmingwex.a(glob.o)
                              c:/mingw/bin/../lib/gcc/mingw32/6.3.0/../../../libmingw32.a(setargv.o) (__mingw_glob)
c:/mingw/bin/../lib/gcc/mingw32/6.3.0/../../../libmingwex.a(dirname.o)
                              c:/mingw/bin/../lib/gcc/mingw32/6.3.0/../../../libmingwex.a(glob.o) (__mingw_dirname)
c:/mingw/bin/../lib/gcc/mingw32/6.3.0/../../../libmingwex.a(dirent.o)
                              c:/mingw/bin/../lib/gcc/mingw32/6.3.0/../../../libmingwex.a(glob.o) (__mingw_opendir)
c:/mingw/bin/../lib/gcc/mingw32/6.3.0/../../../libmsvcrt.a(djpvbs01325.o)
                              c:/mingw/bin/../lib/gcc/mingw32/6.3.0/../../../libmingwex.a(dirname.o) (wcstombs)
c:/mingw/bin/../lib/gcc/mingw32/6.3.0/../../../libmsvcrt.a(djpvbs01284.o)
                              c:/mingw/bin/../lib/gcc/mingw32/6.3.0/../../../libmingw32.a(pseudo-reloc.o) (vfprintf)
c:/mingw/bin/../lib/gcc/mingw32/6.3.0/../../../libmsvcrt.a(djpvbs01277.o)
                              c:/mingw/bin/../lib/gcc/mingw32/6.3.0/../../../libmingwex.a(glob.o) (tolower)
c:/mingw/bin/../lib/gcc/mingw32/6.3.0/../../../libmsvcrt.a(djpvbs01272.o)
                              api.o (time)
c:/mingw/bin/../lib/gcc/mingw32/6.3.0/../../../libmsvcrt.a(djpvbs01252.o)
[...]
Memory Configuration

Name             Origin             Length             Attributes
*default*        0x00000000         0xffffffff

Linker script and memory map

                0x00400000                __image_base__ = 0x400000
                0x00000000                __dll__ = 0x0
                0x00400000                ___ImageBase = 0x400000
                0x00001000                __section_alignment__ = 0x1000
                0x00000200                __file_alignment__ = 0x200
                0x00000004                __major_os_version__ = 0x4
                0x00000000                __minor_os_version__ = 0x0
                0x00000001                __major_image_version__ = 0x1
                0x00000000                __minor_image_version__ = 0x0
                0x00000004                __major_subsystem_version__ = 0x4
                0x00000000                __minor_subsystem_version__ = 0x0
                0x00000003                __subsystem__ = 0x3
                0x00200000                __size_of_stack_reserve__ = 0x200000
                0x00001000                __size_of_stack_commit__ = 0x1000
                0x00100000                __size_of_heap_reserve__ = 0x100000
                0x00001000                __size_of_heap_commit__ = 0x1000
                0x00000000                __loader_flags__ = 0x0
                0x00000000                __dll_characteristics__ = 0x0
LOAD c:/mingw/bin/../lib/gcc/mingw32/6.3.0/../../../crt2.o
LOAD c:/mingw/bin/../lib/gcc/mingw32/6.3.0/crtbegin.o
LOAD DemosModifiedForLowTickRate\recmutex.o
LOAD FreeRTOS+Trace Recorder\trcKernelPort.o
LOAD FreeRTOS+Trace Recorder\trcSnapshotRecorder.o
LOAD FreeRTOS+Trace Recorder\trcStreamingRecorder.o
LOAD FreeRTOS_Source\croutine.o
LOAD FreeRTOS_Source\event_groups.o
LOAD FreeRTOS_Source\list.o
LOAD FreeRTOS_Source\portable\MSVC-MingW\port.o
LOAD FreeRTOS_Source\portable\MemMang\heap_5.o
LOAD FreeRTOS_Source\queue.o
LOAD FreeRTOS_Source\stream_buffer.o
LOAD FreeRTOS_Source\tasks.o
LOAD FreeRTOS_Source\timers.o
LOAD Run-time-stats-utils.o
LOAD Run.o
LOAD Standard_Demo_Tasks\AbortDelay.o
LOAD Standard_Demo_Tasks\BlockQ.o
LOAD Standard_Demo_Tasks\EventGroupsDemo.o
LOAD Standard_Demo_Tasks\GenQTest.o
LOAD Standard_Demo_Tasks\IntSemTest.o
LOAD Standard_Demo_Tasks\MessageBufferAMP.o
LOAD Standard_Demo_Tasks\MessageBufferDemo.o
LOAD Standard_Demo_Tasks\PollQ.o
LOAD Standard_Demo_Tasks\QPeek.o
LOAD Standard_Demo_Tasks\QueueOverwrite.o
LOAD Standard_Demo_Tasks\QueueSet.o
LOAD Standard_Demo_Tasks\QueueSetPolling.o
LOAD Standard_Demo_Tasks\StaticAllocation.o
LOAD Standard_Demo_Tasks\StreamBufferDemo.o
LOAD Standard_Demo_Tasks\StreamBufferInterrupt.o
LOAD Standard_Demo_Tasks\TaskNotify.o
LOAD Standard_Demo_Tasks\TimerDemo.o
LOAD Standard_Demo_Tasks\blocktim.o
LOAD Standard_Demo_Tasks\countsem.o
LOAD Standard_Demo_Tasks\death.o
LOAD Standard_Demo_Tasks\dynamic.o
LOAD Standard_Demo_Tasks\flop.o
LOAD Standard_Demo_Tasks\integer.o
LOAD Standard_Demo_Tasks\semtest.o
LOAD TestTasks.o
LOAD api.o
LOAD code_coverage_additions.o
LOAD main.o
LOAD main_blinky.o
LOAD main_full.o
LOAD c:/mingw/bin/../lib/gcc/mingw32/6.3.0/../../../libwinmm.a
LOAD c:/mingw/bin/../lib/gcc/mingw32/6.3.0/../../../libmingw32.a
LOAD c:/mingw/bin/../lib/gcc/mingw32/6.3.0/libgcc.a
LOAD c:/mingw/bin/../lib/gcc/mingw32/6.3.0/libgcc_eh.a
LOAD c:/mingw/bin/../lib/gcc/mingw32/6.3.0/../../../libmoldname.a
LOAD c:/mingw/bin/../lib/gcc/mingw32/6.3.0/../../../libmingwex.a
LOAD c:/mingw/bin/../lib/gcc/mingw32/6.3.0/../../../libmsvcrt.a
LOAD c:/mingw/bin/../lib/gcc/mingw32/6.3.0/../../../libadvapi32.a
LOAD c:/mingw/bin/../lib/gcc/mingw32/6.3.0/../../../libshell32.a
LOAD c:/mingw/bin/../lib/gcc/mingw32/6.3.0/../../../libuser32.a
LOAD c:/mingw/bin/../lib/gcc/mingw32/6.3.0/../../../libkernel32.a
LOAD c:/mingw/bin/../lib/gcc/mingw32/6.3.0/../../../libmingw32.a
LOAD c:/mingw/bin/../lib/gcc/mingw32/6.3.0/libgcc.a
LOAD c:/mingw/bin/../lib/gcc/mingw32/6.3.0/libgcc_eh.a
LOAD c:/mingw/bin/../lib/gcc/mingw32/6.3.0/../../../libmoldname.a
LOAD c:/mingw/bin/../lib/gcc/mingw32/6.3.0/../../../libmingwex.a
LOAD c:/mingw/bin/../lib/gcc/mingw32/6.3.0/../../../libmsvcrt.a
LOAD c:/mingw/bin/../lib/gcc/mingw32/6.3.0/crtend.o
                0x00000420                . = SIZEOF_HEADERS
                0x00001000                . = ALIGN (__section_alignment__)

.text           0x00401000    0x22e00
 *(.init)
 *(.text)
 .text          0x00401000      0x340 c:/mingw/bin/../lib/gcc/mingw32/6.3.0/../../../crt2.o
                0x004012a0                _mingw32_init_mainargs
                0x004012e0                mainCRTStartup
                0x00401300                WinMainCRTStartup
                0x00401320                atexit
                0x00401330                _onexit
 .text          0x00401340      0x120 c:/mingw/bin/../lib/gcc/mingw32/6.3.0/crtbegin.o
                0x00401340                __gcc_register_frame
                0x00401430                __gcc_deregister_frame
 .text          0x00401460      0x3b0 DemosModifiedForLowTickRate\recmutex.o
                0x00401460                vStartRecursiveMutexTasks
                0x0040177b                xAreRecursiveMutexTasksStillRunning
 .text          0x00401810      0x7a4 FreeRTOS+Trace Recorder\trcKernelPort.o
                0x00401810                prvTraceGetQueueNumber
                0x00401823                prvTraceGetQueueType
                0x00401836                prvTraceGetTaskNumberLow16
                0x00401849                prvTraceGetTaskNumberHigh16
                0x0040185f                prvTraceSetTaskNumberLow16
                0x00401895                prvTraceSetTaskNumberHigh16
                0x004018cb                prvTraceGetQueueNumberLow16
                0x004018de                prvTraceGetQueueNumberHigh16
                0x004018f4                prvTraceSetQueueNumberLow16
                0x0040192a                prvTraceSetQueueNumberHigh16
                0x00401960                prvTraceGetTimerNumberLow16
                0x00401973                prvTraceGetTimerNumberHigh16
                0x00401989                prvTraceSetTimerNumberLow16
                0x004019bf                prvTraceSetTimerNumberHigh16
                0x004019f5                prvTraceGetEventGroupNumberLow16
                0x00401a08                prvTraceGetEventGroupNumberHigh16
                0x00401a1e                prvTraceSetEventGroupNumberLow16
                0x00401a54                prvTraceSetEventGroupNumberHigh16
                0x00401a8a                prvTraceGetStreamBufferNumberLow16
                0x00401a9d                prvTraceGetStreamBufferNumberHigh16
                0x00401ab3                prvTraceSetStreamBufferNumberLow16
                0x00401ae9                prvTraceSetStreamBufferNumberHigh16
                0x00401b1f                vTraceSetQueueName
                0x00401b4d                vTraceSetSemaphoreName
                0x00401b7b                vTraceSetMutexName
                0x00401ba9                vTraceSetEventGroupName
                0x00401bd7                vTraceSetStreamBufferName
                0x00401c05                vTraceSetMessageBufferName
                0x00401c33                prvTraceGetCurrentTaskHandle
                0x00401c40                vTraceEnable
                0x00401c81                vTraceInitObjectPropertyTable
                0x00401e1f                vTraceInitObjectHandleStack
                0x00401f3c                pszTraceGetErrorNotEnoughHandles
                0x00401fa0                prvTraceIsSchedulerSuspended
 .text          0x00401fb4     0x2bc0 FreeRTOS+Trace Recorder\trcSnapshotRecorder.o
                0x00401fb4                vTraceSetStopHook
                0x00401fc2                vTraceClear
                0x00402078                uiTraceStart
                0x0040217b                vTraceStart
                0x00402189                vTraceStop
                0x004021b7                xTraceIsRecordingEnabled
                0x004021d4                xTraceGetLastError
                0x004021de                vTraceClearError
                0x00402206                xTraceGetTraceBuffer
                0x00402210                uiTraceGetTraceBufferSize
                0x004022a4                vTraceInstanceFinishedNext
                0x004022b9                vTraceInstanceFinishedNow
                0x004022ce                xTraceSetISRProperties
                0x00402394                vTraceStoreISRBegin
                0x004024c2                vTraceStoreISREnd
                0x00402b49                vTracePrintF
                0x00402b79                vTraceVPrintF
                0x00402da3                vTracePrint
                0x00402e3c                xTraceRegisterString
                0x00402e8c                prvTraceSetReadyEventsEnabled
                0x00402e9a                prvTraceStoreTaskReady
                0x00402f68                prvTraceStoreLowPower
                0x00403007                vTraceStoreMemMangEvent
                0x0040313d                prvTraceStoreKernelCall
                0x00403244                prvTraceStoreKernelCallWithParam
                0x004033e4                prvTraceStoreKernelCallWithNumericParamOnly
                0x004034b9                prvTraceStoreTaskswitch
                0x004035bb                prvTraceStoreObjectNameOnCloseEvent
                0x0040369b                prvTraceStoreObjectPropertiesOnCloseEvent
                0x004037af                prvTraceSetPriorityProperty
                0x00403843                prvTraceGetPriorityProperty
                0x004038d8                prvTraceSetObjectState
                0x004039fc                prvTraceSetTaskInstanceFinished
                0x00403a5e                prvTraceInitTraceData
                0x00403d1a                uiIndexOfObject
                0x00403dd9                prvTraceGetObjectHandle
                0x00403f4b                prvTraceFreeObjectHandle
                0x0040400c                prvMarkObjectAsUsed
                0x00404090                prvTraceSetObjectName
                0x0040424b                vTraceSetFrequency
                0x00404259                prvTraceError
                0x004042be                vTraceSetFilterMask
                0x004042d8                vTraceSetFilterGroup
                0x00404ad0                prvTracePortGetTimeStamp
 .text          0x00404b74        0x0 FreeRTOS+Trace Recorder\trcStreamingRecorder.o
 .text          0x00404b74        0x0 FreeRTOS_Source\croutine.o
 .text          0x00404b74      0xe84 FreeRTOS_Source\event_groups.o
                0x00404b74                xEventGroupCreateStatic
                0x00404cf6                xEventGroupCreate
                0x00404e44                xEventGroupSync
                0x00405110                xEventGroupWaitBits
                0x00405466                xEventGroupClearBits
                0x00405539                xEventGroupClearBitsFromISR
                0x004055b1                xEventGroupGetBitsFromISR
                0x004055d1                xEventGroupSetBits
                0x0040577d                vEventGroupDelete
                0x004058cc                vEventGroupSetBitsCallback
                0x004058e7                vEventGroupClearBitsCallback
                0x0040593f                xEventGroupSetBitsFromISR
                0x004059c0                uxEventGroupGetNumber
                0x004059e9                vEventGroupSetNumber
 .text          0x004059f8      0x184 FreeRTOS_Source\list.o
                0x004059f8                vListInitialise
                0x00405a35                vListInitialiseItem
                0x00405a45                vListInsertEnd
                0x00405a97                vListInsert
                0x00405b1a                uxListRemove
 .text          0x00405b7c      0xa08 FreeRTOS_Source\portable\MSVC-MingW\port.o
                0x00405cb0                pxPortInitialiseStack
                0x00405da7                xPortStartScheduler
                0x004061d0                vPortDeleteThread
                0x00406278                vPortCloseRunningThread
                0x00406303                vPortEndScheduler
                0x00406315                vPortGenerateSimulatedInterrupt
                0x004063ec                vPortSetInterruptHandler
                0x00406448                vPortEnterCritical
                0x00406480                vPortExitCritical
 .text          0x00406584      0x634 FreeRTOS_Source\portable\MemMang\heap_5.o
                0x00406584                pvPortMalloc
                0x00406774                vPortFree
                0x00406864                xPortGetFreeHeapSize
                0x0040686e                xPortGetMinimumEverFreeHeapSize
                0x0040693f                vPortDefineHeapRegions
                0x00406ae6                vPortGetHeapStats
 .text          0x00406bb8     0x2fc8 FreeRTOS_Source\queue.o
                0x00406bb8                xQueueGenericReset
                0x00406c99                xQueueGenericCreateStatic
                0x00406ddf                xQueueGenericCreate
                0x004070f3                xQueueCreateMutex
                0x0040713a                xQueueCreateMutexStatic
                0x00407190                xQueueGetMutexHolder
                0x004071c6                xQueueGetMutexHolderFromISR
                0x00407206                xQueueGiveMutexRecursive
                0x0040731f                xQueueTakeMutexRecursive
                0x004073a0                xQueueCreateCountingSemaphoreStatic
                0x0040741d                xQueueCreateCountingSemaphore
                0x0040748b                xQueueGenericSend
                0x004079d9                xQueueGenericSendFromISR
                0x00407c9a                xQueueGiveFromISR
                0x00407cbc                MyWrapper_xQueueGiveFromISR
                0x00407f45                xQueueReceive
                0x00408441                xQueueSemaphoreTake
                0x004089a3                xQueuePeek
                0x00408e38                xQueueReceiveFromISR
                0x00409066                xQueuePeekFromISR
                0x00409128                uxQueueMessagesWaiting
                0x00409160                uxQueueSpacesAvailable
                0x004091a8                uxQueueMessagesWaitingFromISR
                0x004091dc                vQueueDelete
                0x00409394                uxQueueGetQueueNumber
                0x0040939f                vQueueSetQueueNumber
                0x004093ae                ucQueueGetQueueType
                0x00409665                xQueueIsQueueEmptyFromISR
                0x004096df                xQueueIsQueueFullFromISR
                0x0040972a                vQueueAddToRegistry
                0x004097ae                pcQueueGetName
                0x004097f1                vQueueUnregisterQueue
                0x0040983a                vQueueWaitForMessageRestricted
                0x004098a8                xQueueCreateSet
                0x004098d1                xQueueAddToSet
                0x0040991c                xQueueRemoveFromSet
                0x0040996f                xQueueSelectFromSet
                0x0040999a                xQueueSelectFromSetFromISR
 .text          0x00409b80     0x1bbc FreeRTOS_Source\stream_buffer.o
                0x00409b80                xStreamBufferGenericCreate
                0x00409dd7                xStreamBufferGenericCreateStatic
                0x0040a06e                vStreamBufferDelete
                0x0040a225                xStreamBufferReset
                0x0040a3a1                xStreamBufferSetTriggerLevel
                0x0040a3fd                xStreamBufferSpacesAvailable
                0x0040a459                xStreamBufferBytesAvailable
                0x0040a492                xStreamBufferSend
                0x0040a89b                xStreamBufferSendFromISR
                0x0040ab66                xStreamBufferReceive
                0x0040af03                xStreamBufferNextMessageLengthBytes
                0x0040afb6                xStreamBufferReceiveFromISR
                0x0040b26a                xStreamBufferIsEmpty
                0x0040b2b8                xStreamBufferIsFull
                0x0040b324                xStreamBufferSendCompletedFromISR
                0x0040b3af                xStreamBufferReceiveCompletedFromISR
                0x0040b710                uxStreamBufferGetStreamBufferNumber
                0x0040b71b                vStreamBufferSetStreamBufferNumber
                0x0040b72a                ucStreamBufferGetStreamBufferType
 .text          0x0040b73c     0x3d24 FreeRTOS_Source\tasks.o
                0x0040b73c                xTaskCreateStatic
                0x0040b814                xTaskCreate
                0x0040bc88                vTaskDelete
                0x0040c00e                xTaskDelayUntil
                0x0040c188                vTaskDelay
                0x0040c26e                eTaskGetState
                0x0040c35d                uxTaskPriorityGet
                0x0040c38e                uxTaskPriorityGetFromISR
                0x0040c3bc                vTaskPrioritySet
                0x0040c60b                vTaskSuspend
                0x0040c827                vTaskResume
                0x0040c982                xTaskResumeFromISR
                0x0040cad8                vTaskStartScheduler
                0x0040cc0a                vTaskEndScheduler
                0x0040cc27                vTaskSuspendAll
                0x0040cc44                xTaskResumeAll
                0x0040cdcf                xTaskGetTickCount
                0x0040cde2                xTaskGetTickCountFromISR
                0x0040cdfc                uxTaskGetNumberOfTasks
                0x0040ce06                pcTaskGetName
                0x0040cf55                xTaskGetHandle
                0x0040d03f                uxTaskGetSystemState
                0x0040d18a                xTaskGetIdleTaskHandle
                0x0040d1b4                xTaskCatchUpTicks
                0x0040d1f9                xTaskAbortDelay
                0x0040d318                xTaskIncrementTick
                0x0040d54e                vTaskSetApplicationTaskTag
                0x0040d580                xTaskGetApplicationTaskTag
                0x0040d5b1                xTaskGetApplicationTaskTagFromISR
                0x0040d5df                xTaskCallApplicationTaskHook
                0x0040d624                vTaskSwitchContext
                0x0040d75f                vTaskPlaceOnEventList
                0x0040d7ac                vTaskPlaceOnUnorderedEventList
                0x0040d827                vTaskPlaceOnEventListRestricted
                0x0040d905                xTaskRemoveFromEventList
                0x0040da16                vTaskRemoveFromUnorderedEventList
                0x0040db16                vTaskSetTimeOutState
                0x0040db5a                vTaskInternalSetTimeOutState
                0x0040db77                xTaskCheckForTimeOut
                0x0040dc72                vTaskMissedYield
                0x0040dc82                uxTaskGetTaskNumber
                0x0040dcab                vTaskSetTaskNumber
                0x0040ddd3                vTaskGetInfo
                0x0040dfd1                uxTaskGetStackHighWaterMark2
                0x0040e006                uxTaskGetStackHighWaterMark
                0x0040e0d8                xTaskGetCurrentTaskHandle
                0x0040e0eb                xTaskGetSchedulerState
                0x0040e121                xTaskPriorityInherit
                0x0040e319                xTaskPriorityDisinherit
                0x0040e50a                vTaskPriorityDisinheritAfterTimeout
                0x0040e725                uxTaskResetEventItemValue
                0x0040e755                pvTaskIncrementMutexHeldCount
                0x0040e776                ulTaskGenericNotifyTake
                0x0040e9e8                xTaskGenericNotifyWait
                0x0040ec17                xTaskGenericNotify
                0x0040ee78                xTaskGenericNotifyFromISR
                0x0040f0eb                vTaskGenericNotifyGiveFromISR
                0x0040f2ab                xTaskGenericNotifyStateClear
                0x0040f31d                ulTaskGenericNotifyValueClear
                0x0040f378                ulTaskGetIdleRunTimeCounter
 .text          0x0040f460     0x11c8 FreeRTOS_Source\timers.o
                0x0040f460                xTimerCreateTimerTask
                0x0040f50f                xTimerCreate
                0x0040f564                xTimerCreateStatic
                0x0040f744                xTimerGenericCommand
                0x0040fa70                xTimerGetTimerDaemonTaskHandle
                0x0040fa9a                xTimerGetPeriod
                0x0040fac8                vTimerSetReloadMode
                0x0040fb27                uxTimerGetReloadMode
                0x0040fb7d                xTimerGetExpiryTime
                0x0040fbb1                pcTimerGetName
                0x0041037d                xTimerIsTimerActive
                0x004103d3                pvTimerGetTimerID
                0x00410411                vTimerSetTimerID
                0x0041044d                xTimerPendFunctionCallFromISR
                0x004104d2                xTimerPendFunctionCall
                0x0041060d                uxTimerGetTimerNumber
                0x00410618                vTimerSetTimerNumber
 .text          0x00410628      0x100 Run-time-stats-utils.o
                0x00410628                vConfigureTimerForRunTimeStats
                0x004106a5                ulGetRunTimeCounterValue
 .text          0x00410728      0x1a0 Run.o
                0x00410728                getTemperatureTask
                0x00410776                getPressureTask
                0x004107c4                getHeightTask
                0x00410812                runTempPresHeight
 .text          0x004108c8      0xbcc Standard_Demo_Tasks\AbortDelay.o
                0x004108c8                vCreateAbortDelayTasks
                0x00411430                xAreAbortDelayTestTasksStillRunning
 .text          0x00411494      0x41c Standard_Demo_Tasks\BlockQ.o
                0x00411494                vStartBlockingQueueTasks
                0x00411819                xAreBlockingQueuesStillRunning
 .text          0x004118b0      0xf20 Standard_Demo_Tasks\EventGroupsDemo.o
                0x004118b0                vStartEventGroupTasks
                0x0041262c                vPeriodicEventGroupsProcessing
                0x0041275e                xAreEventGroupTasksStillRunning
 .text          0x004127d0      0xea8 Standard_Demo_Tasks\GenQTest.o
                0x004127d0                vStartGenericQueueTasks
                0x00413620                xAreGenericQueueTasksStillRunning
 .text          0x00413678      0x830 Standard_Demo_Tasks\IntSemTest.o
                0x00413678                vStartInterruptSemaphoreTasks
                0x00413d8d                vInterruptSemaphorePeriodicTest
                0x00413e46                xAreInterruptSemaphoreTasksStillRunning
 .text          0x00413ea8      0x354 Standard_Demo_Tasks\MessageBufferAMP.o
                0x00413ea8                vStartMessageBufferAMPTasks
                0x00414113                vGenerateCoreBInterrupt
                0x004141a2                xAreMessageBufferAMPTasksStillRunning
 .text          0x004141fc     0x1440 Standard_Demo_Tasks\MessageBufferDemo.o
                0x004141fc                vStartMessageBufferTasks
                0x00415578                xAreMessageBufferTasksStillRunning
 .text          0x0041563c      0x218 Standard_Demo_Tasks\PollQ.o
                0x0041563c                vStartPolledQueueTasks
                0x00415810                xArePollingQueuesStillRunning
 .text          0x00415854      0x570 Standard_Demo_Tasks\QPeek.o
                0x00415854                vStartQueuePeekTasks
                0x00415d8f                xAreQueuePeekTasksStillRunning
 .text          0x00415dc4      0x334 Standard_Demo_Tasks\QueueOverwrite.o
                0x00415dc4                vStartQueueOverwriteTask
                0x00415f96                xIsQueueOverwriteTaskStillRunning
                0x00415fd7                vQueueOverwritePeriodicISRDemo
 .text          0x004160f8     0x1244 Standard_Demo_Tasks\QueueSet.o
                0x004160f8                vStartQueueSetTasks
                0x00416180                xAreQueueSetTasksStillRunning
                0x00416466                vQueueSetAccessQueueSetFromISR
 .text          0x0041733c      0x1ac Standard_Demo_Tasks\QueueSetPolling.o
                0x0041733c                vStartQueueSetPollingTask
                0x00417459                vQueueSetPollingInterruptAccess
                0x004174ba                xAreQueueSetPollTasksStillRunning
 .text          0x004174e8      0xeec Standard_Demo_Tasks\StaticAllocation.o
                0x004174e8                vStartStaticallyAllocatedTasks
                0x00418388                xAreStaticAllocationTasksStillRunning
 .text          0x004183d4     0x1fdc Standard_Demo_Tasks\StreamBufferDemo.o
                0x004183d4                vStartStreamBufferTasks
                0x0041a059                vPeriodicStreamBufferProcessing
                0x0041a2c0                xAreStreamBufferTasksStillRunning
 .text          0x0041a3b0      0x274 Standard_Demo_Tasks\StreamBufferInterrupt.o
                0x0041a3b0                vStartStreamBufferInterruptDemo
                0x0041a559                vBasicStreamBufferSendFromISR
                0x0041a5f0                xIsInterruptStreamBufferDemoStillRunning
 .text          0x0041a624     0x1328 Standard_Demo_Tasks\TaskNotify.o
                0x0041a624                vStartTaskNotifyTask
                0x0041b74f                xNotifyTaskFromISR
                0x0041b8ae                xAreTaskNotificationTasksStillRunning
 .text          0x0041b94c     0x1860 Standard_Demo_Tasks\TimerDemo.o
                0x0041b94c                vStartTimerDemoTask
                0x0041badb                xAreTimerDemoTasksStillRunning
                0x0041c790                vTimerPeriodicISRTests
 .text          0x0041d1ac      0x86c Standard_Demo_Tasks\blocktim.o
                0x0041d1ac                vCreateBlockTimeTasks
                0x0041d9b3                xAreBlockTimeTestTasksStillRunning
 .text          0x0041da18      0x3c0 Standard_Demo_Tasks\countsem.o
                0x0041da18                vStartCountingSemaphoreTasks
                0x0041dd6f                xAreCountingSemaphoreTasksStillRunning
 .text          0x0041ddd8      0x1f0 Standard_Demo_Tasks\death.o
                0x0041ddd8                vCreateSuicidalTasks
                0x0041df49                xIsCreateTaskStillRunning
 .text          0x0041dfc8      0x50c Standard_Demo_Tasks\dynamic.o
                0x0041dfc8                vStartDynamicPriorityTasks
                0x0041e459                xAreDynamicPriorityTasksStillRunning
 .text          0x0041e4d4      0x468 Standard_Demo_Tasks\flop.o
                0x0041e4d4                vStartMathTasks
                0x0041e8ef                xAreMathsTaskStillRunning
 .text          0x0041e93c      0x130 Standard_Demo_Tasks\integer.o
                0x0041e93c                vStartIntegerMathTasks
                0x0041ea1a                xAreIntegerMathsTaskStillRunning
 .text          0x0041ea6c      0x3d8 Standard_Demo_Tasks\semtest.o
                0x0041ea6c                vStartSemaphoreTasks
                0x0041ede7                xAreSemaphoreTasksStillRunning
 .text          0x0041ee44      0x150 TestTasks.o
                0x0041ee44                myTask1
                0x0041eeaf                myTask2
                0x0041ef1a                main_TestTasks
 .text          0x0041ef94       0xd8 api.o
                0x0041ef94                getTemperature
                0x0041efe1                getPressure
                0x0041f027                getHeight
 .text          0x0041f06c      0xb34 code_coverage_additions.o
                0x0041fb56                xRunCodeCoverageTestAdditions
 .text          0x0041fba0      0x590 main.o
                0x0041fba0                main
                0x0041fbe8                vApplicationMallocFailedHook
                0x0041fc05                vApplicationIdleHook
                0x0041fc0b                vApplicationStackOverflowHook
                0x0041fc28                vApplicationTickHook
                0x0041fc2e                vApplicationDaemonTaskStartupHook
                0x0041fc34                vAssertCalled
                0x004200ee                vApplicationGetIdleTaskMemory
                0x0042010f                vApplicationGetTimerTaskMemory
 .text          0x00420130      0x20c main_blinky.o
                0x00420130                main_blinky
 .text          0x0042033c     0x1068 main_full.o
                0x0042033c                main_full
                0x004208a8                vFullDemoIdleFunction
                0x004209d9                vFullDemoTickHookFunction
 .text          0x004213a4        0x8 c:/mingw/bin/../lib/gcc/mingw32/6.3.0/../../../libwinmm.a(drqcs00146.o)
                0x004213a4                timeGetDevCaps@8
 .text          0x004213ac        0x8 c:/mingw/bin/../lib/gcc/mingw32/6.3.0/../../../libwinmm.a(drqcs00145.o)
                0x004213ac                timeEndPeriod@4
 .text          0x004213b4        0x8 c:/mingw/bin/../lib/gcc/mingw32/6.3.0/../../../libwinmm.a(drqcs00144.o)
                0x004213b4                timeBeginPeriod@4
 .text          0x004213bc        0x0 c:/mingw/bin/../lib/gcc/mingw32/6.3.0/../../../libwinmm.a(drqch.o)
 .text          0x004213bc        0x0 c:/mingw/bin/../lib/gcc/mingw32/6.3.0/../../../libwinmm.a(drqct.o)
 .text          0x004213bc        0x0 c:/mingw/bin/../lib/gcc/mingw32/6.3.0/../../../libmingw32.a(CRTglob.o)
 *fill*         0x004213bc        0x4 
 .text          0x004213c0      0x3a0 c:/mingw/bin/../lib/gcc/mingw32/6.3.0/../../../libmingw32.a(setargv.o)
                0x004213c0                _setargv
 .text          0x00421760        0x0 c:/mingw/bin/../lib/gcc/mingw32/6.3.0/../../../libmingw32.a(CRTfmode.o)
 .text          0x00421760      0x110 c:/mingw/bin/../lib/gcc/mingw32/6.3.0/../../../libmingw32.a(cpu_features.o)
                0x00421760                __cpu_features_init
 .text          0x00421870        0x0 c:/mingw/bin/../lib/gcc/mingw32/6.3.0/../../../libmingw32.a(CRT_fp10.o)
 .text          0x00421870        0x0 c:/mingw/bin/../lib/gcc/mingw32/6.3.0/../../../libmingw32.a(txtmode.o)
 .text          0x00421870       0xa0 c:/mingw/bin/../lib/gcc/mingw32/6.3.0/../../../libmingw32.a(gccmain.o)
                0x00421870                __do_global_dtors
                0x004218a0                __do_global_ctors
                0x004218f0                __main
 .text          0x00421910       0xf0 c:/mingw/bin/../lib/gcc/mingw32/6.3.0/../../../libmingw32.a(tlssup.o)
                0x00421960                __dyn_tls_init@12
                0x004219f0                __tlregdtor
 .text          0x00421a00      0x230 c:/mingw/bin/../lib/gcc/mingw32/6.3.0/../../../libmingw32.a(tlsthrd.o)
                0x00421a60                ___w64_mingwthr_add_key_dtor
                0x00421af0                ___w64_mingwthr_remove_key_dtor
                0x00421b90                __mingw_TLScallback
 .text          0x00421c30      0x310 c:/mingw/bin/../lib/gcc/mingw32/6.3.0/../../../libmingw32.a(pseudo-reloc.o)
                0x00421d70                _pei386_runtime_relocator
 .text          0x00421f40        0x0 c:/mingw/bin/../lib/gcc/mingw32/6.3.0/../../../libmingw32.a(pseudo-reloc-list.o)
 .text          0x00421f40        0x0 c:/mingw/bin/../lib/gcc/mingw32/6.3.0/../../../libmingw32.a(crtst.o)
 .text          0x00421f40       0x2c c:/mingw/bin/../lib/gcc/mingw32/6.3.0/libgcc.a(_chkstk_ms.o)
                0x00421f40                __chkstk_ms
 .text          0x00421f6c        0x0 c:/mingw/bin/../lib/gcc/mingw32/6.3.0/libgcc.a(_ctors.o)
 *fill*         0x00421f6c        0x4 
 .text          0x00421f70      0x140 c:/mingw/bin/../lib/gcc/mingw32/6.3.0/libgcc.a(_divdi3.o)
                0x00421f70                __divdi3
 .text          0x004220b0       0x70 c:/mingw/bin/../lib/gcc/mingw32/6.3.0/../../../libmingwex.a(fesetenv.o)
                0x004220b0                fesetenv
 .text          0x00422120     0x1080 c:/mingw/bin/../lib/gcc/mingw32/6.3.0/../../../libmingwex.a(glob.o)
                0x00423050                __mingw_glob
                0x00423140                __mingw_globfree
 .text          0x004231a0      0x400 c:/mingw/bin/../lib/gcc/mingw32/6.3.0/../../../libmingwex.a(dirname.o)
                0x004231a0                __mingw_dirname
 .text          0x004235a0      0x4f0 c:/mingw/bin/../lib/gcc/mingw32/6.3.0/../../../libmingwex.a(dirent.o)
                0x00423720                __mingw_opendir
                0x004238e0                __mingw_readdir
                0x00423930                __mingw_closedir
                0x00423980                __mingw_rewinddir
                0x004239e0                __mingw_telldir
                0x00423a10                __mingw_seekdir
 .text          0x00423a90        0x8 c:/mingw/bin/../lib/gcc/mingw32/6.3.0/../../../libmsvcrt.a(djpvbs01325.o)
                0x00423a90                wcstombs
 .text          0x00423a98        0x8 c:/mingw/bin/../lib/gcc/mingw32/6.3.0/../../../libmsvcrt.a(djpvbs01284.o)
                0x00423a98                vfprintf
 .text          0x00423aa0        0x8 c:/mingw/bin/../lib/gcc/mingw32/6.3.0/../../../libmsvcrt.a(djpvbs01277.o)
                0x00423aa0                tolower
 .text          0x00423aa8        0x8 c:/mingw/bin/../lib/gcc/mingw32/6.3.0/../../../libmsvcrt.a(djpvbs01272.o)
                0x00423aa8                time
 .text          0x00423ab0        0x8 c:/mingw/bin/../lib/gcc/mingw32/6.3.0/../../../libmsvcrt.a(djpvbs01252.o)
                0x00423ab0                strncmp
 .text          0x00423ab8        0x8 c:/mingw/bin/../lib/gcc/mingw32/6.3.0/../../../libmsvcrt.a(djpvbs01249.o)
                0x00423ab8                strlen
 .text          0x00423ac0        0x8 c:/mingw/bin/../lib/gcc/mingw32/6.3.0/../../../libmsvcrt.a(djpvbs01242.o)
                0x00423ac0                strcoll
 .text          0x00423ac8        0x8 c:/mingw/bin/../lib/gcc/mingw32/6.3.0/../../../libmsvcrt.a(djpvbs01241.o)
                0x00423ac8                strcmp
 .text          0x00423ad0        0x8 c:/mingw/bin/../lib/gcc/mingw32/6.3.0/../../../libmsvcrt.a(djpvbs01235.o)
                0x00423ad0                srand
 .text          0x00423ad8        0x8 c:/mingw/bin/../lib/gcc/mingw32/6.3.0/../../../libmsvcrt.a(djpvbs01232.o)
                0x00423ad8                sprintf
 .text          0x00423ae0        0x8 c:/mingw/bin/../lib/gcc/mingw32/6.3.0/../../../libmsvcrt.a(djpvbs01229.o)
                0x00423ae0                signal
 .text          0x00423ae8        0x8 c:/mingw/bin/../lib/gcc/mingw32/6.3.0/../../../libmsvcrt.a(djpvbs01227.o)
                0x00423ae8                setlocale
 .text          0x00423af0        0x8 c:/mingw/bin/../lib/gcc/mingw32/6.3.0/../../../libmsvcrt.a(djpvbs01220.o)
                0x00423af0                realloc
 .text          0x00423af8        0x8 c:/mingw/bin/../lib/gcc/mingw32/6.3.0/../../../libmsvcrt.a(djpvbs01218.o)
                0x00423af8                rand
 .text          0x00423b00        0x8 c:/mingw/bin/../lib/gcc/mingw32/6.3.0/../../../libmsvcrt.a(djpvbs01212.o)
                0x00423b00                puts
 .text          0x00423b08        0x8 c:/mingw/bin/../lib/gcc/mingw32/6.3.0/../../../libmsvcrt.a(djpvbs01208.o)
                0x00423b08                printf
 .text          0x00423b10        0x8 c:/mingw/bin/../lib/gcc/mingw32/6.3.0/../../../libmsvcrt.a(djpvbs01203.o)
                0x00423b10                memset
 .text          0x00423b18        0x8 c:/mingw/bin/../lib/gcc/mingw32/6.3.0/../../../libmsvcrt.a(djpvbs01199.o)
                0x00423b18                memcpy
 .text          0x00423b20        0x8 c:/mingw/bin/../lib/gcc/mingw32/6.3.0/../../../libmsvcrt.a(djpvbs01198.o)
                0x00423b20                memcmp
 .text          0x00423b28        0x8 c:/mingw/bin/../lib/gcc/mingw32/6.3.0/../../../libmsvcrt.a(djpvbs01194.o)
                0x00423b28                mbstowcs
 .text          0x00423b30        0x8 c:/mingw/bin/../lib/gcc/mingw32/6.3.0/../../../libmsvcrt.a(djpvbs01187.o)
                0x00423b30                malloc
 .text          0x00423b38        0x8 c:/mingw/bin/../lib/gcc/mingw32/6.3.0/../../../libmsvcrt.a(djpvbs01142.o)
                0x00423b38                fwrite
 .text          0x00423b40        0x8 c:/mingw/bin/../lib/gcc/mingw32/6.3.0/../../../libmsvcrt.a(djpvbs01131.o)
                0x00423b40                free
 .text          0x00423b48        0x8 c:/mingw/bin/../lib/gcc/mingw32/6.3.0/../../../libmsvcrt.a(djpvbs01122.o)
                0x00423b48                fopen
 .text          0x00423b50        0x8 c:/mingw/bin/../lib/gcc/mingw32/6.3.0/../../../libmsvcrt.a(djpvbs01114.o)
                0x00423b50                fflush
 .text          0x00423b58        0x8 c:/mingw/bin/../lib/gcc/mingw32/6.3.0/../../../libmsvcrt.a(djpvbs01111.o)
                0x00423b58                fclose
 .text          0x00423b60        0x8 c:/mingw/bin/../lib/gcc/mingw32/6.3.0/../../../libmsvcrt.a(djpvbs01108.o)
                0x00423b60                exit
 .text          0x00423b68        0x8 c:/mingw/bin/../lib/gcc/mingw32/6.3.0/../../../libmsvcrt.a(djpvbs01098.o)
                0x00423b68                calloc
 .text          0x00423b70        0x0 c:/mingw/bin/../lib/gcc/mingw32/6.3.0/../../../libmsvcrt.a(djpvbs01091.o)
 .text          0x00423b70        0x8 c:/mingw/bin/../lib/gcc/mingw32/6.3.0/../../../libmsvcrt.a(djpvbs01083.o)
                0x00423b70                abort
 .text          0x00423b78        0x8 c:/mingw/bin/../lib/gcc/mingw32/6.3.0/../../../libmsvcrt.a(djpvbs00753.o)
                0x00423b78                _setmode
 .text          0x00423b80        0x0 c:/mingw/bin/../lib/gcc/mingw32/6.3.0/../../../libmsvcrt.a(djpvbs00698.o)
 .text          0x00423b80        0x0 c:/mingw/bin/../lib/gcc/mingw32/6.3.0/../../../libmsvcrt.a(djpvbs00689.o)
 .text          0x00423b80        0x8 c:/mingw/bin/../lib/gcc/mingw32/6.3.0/../../../libmsvcrt.a(djpvbs00422.o)
                0x00423b80                _isctype
 .text          0x00423b88        0x0 c:/mingw/bin/../lib/gcc/mingw32/6.3.0/../../../libmsvcrt.a(djpvbs00417.o)
 .text          0x00423b88        0x8 c:/mingw/bin/../lib/gcc/mingw32/6.3.0/../../../libmsvcrt.a(djpvbs00350.o)
                0x00423b88                _fullpath
 .text          0x00423b90        0x8 c:/mingw/bin/../lib/gcc/mingw32/6.3.0/../../../libmsvcrt.a(djpvbs00285.o)
                0x00423b90                _errno
 .text          0x00423b98        0x8 c:/mingw/bin/../lib/gcc/mingw32/6.3.0/../../../libmsvcrt.a(djpvbs00219.o)
                0x00423b98                _cexit
 .text          0x00423ba0        0x8 c:/mingw/bin/../lib/gcc/mingw32/6.3.0/../../../libmsvcrt.a(djpvbs00133.o)
                0x00423ba0                __p__fmode
 .text          0x00423ba8        0x8 c:/mingw/bin/../lib/gcc/mingw32/6.3.0/../../../libmsvcrt.a(djpvbs00131.o)
                0x00423ba8                __p__environ
 .text          0x00423bb0        0x0 c:/mingw/bin/../lib/gcc/mingw32/6.3.0/../../../libmsvcrt.a(djpvbs00119.o)
 .text          0x00423bb0        0x8 c:/mingw/bin/../lib/gcc/mingw32/6.3.0/../../../libmsvcrt.a(djpvbs00088.o)
                0x00423bb0                __getmainargs
 .text          0x00423bb8        0x0 c:/mingw/bin/../lib/gcc/mingw32/6.3.0/../../../libmsvcrt.a(djpvbh.o)
 .text          0x00423bb8        0x0 c:/mingw/bin/../lib/gcc/mingw32/6.3.0/../../../libmsvcrt.a(djpvbt.o)
 .text          0x00423bb8        0x8 c:/mingw/bin/../lib/gcc/mingw32/6.3.0/../../../libkernel32.a(dujcs01223.o)
                0x00423bb8                WaitForSingleObject@8
 .text          0x00423bc0        0x8 c:/mingw/bin/../lib/gcc/mingw32/6.3.0/../../../libkernel32.a(dujcs01221.o)
                0x00423bc0                WaitForMultipleObjects@16
 .text          0x00423bc8        0x8 c:/mingw/bin/../lib/gcc/mingw32/6.3.0/../../../libkernel32.a(dujcs01215.o)
                0x00423bc8                VirtualQuery@12
 .text          0x00423bd0        0x8 c:/mingw/bin/../lib/gcc/mingw32/6.3.0/../../../libkernel32.a(dujcs01213.o)
                0x00423bd0                VirtualProtect@16
 .text          0x00423bd8        0x8 c:/mingw/bin/../lib/gcc/mingw32/6.3.0/../../../libkernel32.a(dujcs01173.o)
                0x00423bd8                TlsGetValue@4
 .text          0x00423be0        0x8 c:/mingw/bin/../lib/gcc/mingw32/6.3.0/../../../libkernel32.a(dujcs01167.o)
                0x00423be0                TerminateThread@8
 .text          0x00423be8        0x8 c:/mingw/bin/../lib/gcc/mingw32/6.3.0/../../../libkernel32.a(dujcs01160.o)
                0x00423be8                SuspendThread@4
 .text          0x00423bf0        0x8 c:/mingw/bin/../lib/gcc/mingw32/6.3.0/../../../libkernel32.a(dujcs01152.o)
                0x00423bf0                Sleep@4
 .text          0x00423bf8        0x8 c:/mingw/bin/../lib/gcc/mingw32/6.3.0/../../../libkernel32.a(dujcs01140.o)
                0x00423bf8                SetUnhandledExceptionFilter@4
 .text          0x00423c00        0x8 c:/mingw/bin/../lib/gcc/mingw32/6.3.0/../../../libkernel32.a(dujcs01130.o)
                0x00423c00                SetThreadPriorityBoost@8
 .text          0x00423c08        0x8 c:/mingw/bin/../lib/gcc/mingw32/6.3.0/../../../libkernel32.a(dujcs01129.o)
                0x00423c08                SetThreadPriority@8
 .text          0x00423c10        0x8 c:/mingw/bin/../lib/gcc/mingw32/6.3.0/../../../libkernel32.a(dujcs01120.o)
                0x00423c10                SetThreadAffinityMask@8
 .text          0x00423c18        0x8 c:/mingw/bin/../lib/gcc/mingw32/6.3.0/../../../libkernel32.a(dujcs01101.o)
                0x00423c18                SetPriorityClass@8
 .text          0x00423c20        0x8 c:/mingw/bin/../lib/gcc/mingw32/6.3.0/../../../libkernel32.a(dujcs01065.o)
                0x00423c20                SetEvent@4
 .text          0x00423c28        0x8 c:/mingw/bin/../lib/gcc/mingw32/6.3.0/../../../libkernel32.a(dujcs01021.o)
                0x00423c28                SetConsoleCtrlHandler@8
 .text          0x00423c30        0x8 c:/mingw/bin/../lib/gcc/mingw32/6.3.0/../../../libkernel32.a(dujcs00999.o)
                0x00423c30                ResumeThread@4
 .text          0x00423c38        0x8 c:/mingw/bin/../lib/gcc/mingw32/6.3.0/../../../libkernel32.a(dujcs00995.o)
                0x00423c38                ResetEvent@4
 .text          0x00423c40        0x8 c:/mingw/bin/../lib/gcc/mingw32/6.3.0/../../../libkernel32.a(dujcs00974.o)
                0x00423c40                ReleaseMutex@4
 .text          0x00423c48        0x8 c:/mingw/bin/../lib/gcc/mingw32/6.3.0/../../../libkernel32.a(dujcs00923.o)
                0x00423c48                QueryPerformanceFrequency@4
 .text          0x00423c50        0x8 c:/mingw/bin/../lib/gcc/mingw32/6.3.0/../../../libkernel32.a(dujcs00922.o)
                0x00423c50                QueryPerformanceCounter@4
 .text          0x00423c58        0x8 c:/mingw/bin/../lib/gcc/mingw32/6.3.0/../../../libkernel32.a(dujcs00817.o)
                0x00423c58                LoadLibraryA@4
 .text          0x00423c60        0x8 c:/mingw/bin/../lib/gcc/mingw32/6.3.0/../../../libkernel32.a(dujcs00814.o)
                0x00423c60                LeaveCriticalSection@4
 .text          0x00423c68        0x8 c:/mingw/bin/../lib/gcc/mingw32/6.3.0/../../../libkernel32.a(dujcs00734.o)
                0x00423c68                InitializeCriticalSection@4
 .text          0x00423c70        0x8 c:/mingw/bin/../lib/gcc/mingw32/6.3.0/../../../libkernel32.a(dujcs00642.o)
                0x00423c70                GetThreadContext@8
 .text          0x00423c78        0x8 c:/mingw/bin/../lib/gcc/mingw32/6.3.0/../../../libkernel32.a(dujcs00623.o)
                0x00423c78                GetSystemInfo@4
 .text          0x00423c80        0x8 c:/mingw/bin/../lib/gcc/mingw32/6.3.0/../../../libkernel32.a(dujcs00577.o)
                0x00423c80                GetProcAddress@8
 .text          0x00423c88        0x8 c:/mingw/bin/../lib/gcc/mingw32/6.3.0/../../../libkernel32.a(dujcs00529.o)
                0x00423c88                GetModuleHandleA@4
 .text          0x00423c90        0x8 c:/mingw/bin/../lib/gcc/mingw32/6.3.0/../../../libkernel32.a(dujcs00510.o)
                0x00423c90                GetLastError@0
 .text          0x00423c98        0x8 c:/mingw/bin/../lib/gcc/mingw32/6.3.0/../../../libkernel32.a(dujcs00450.o)
                0x00423c98                GetCurrentThread@0
 .text          0x00423ca0        0x8 c:/mingw/bin/../lib/gcc/mingw32/6.3.0/../../../libkernel32.a(dujcs00446.o)
                0x00423ca0                GetCurrentProcess@0
 .text          0x00423ca8        0x8 c:/mingw/bin/../lib/gcc/mingw32/6.3.0/../../../libkernel32.a(dujcs00388.o)
                0x00423ca8                GetCommandLineA@0
 .text          0x00423cb0        0x8 c:/mingw/bin/../lib/gcc/mingw32/6.3.0/../../../libkernel32.a(dujcs00352.o)
                0x00423cb0                FreeLibrary@4
 .text          0x00423cb8        0x8 c:/mingw/bin/../lib/gcc/mingw32/6.3.0/../../../libkernel32.a(dujcs00321.o)
                0x00423cb8                FindNextFileA@8
 .text          0x00423cc0        0x8 c:/mingw/bin/../lib/gcc/mingw32/6.3.0/../../../libkernel32.a(dujcs00304.o)
                0x00423cc0                FindFirstFileA@8
 .text          0x00423cc8        0x8 c:/mingw/bin/../lib/gcc/mingw32/6.3.0/../../../libkernel32.a(dujcs00300.o)
                0x00423cc8                FindClose@4
 .text          0x00423cd0        0x8 c:/mingw/bin/../lib/gcc/mingw32/6.3.0/../../../libkernel32.a(dujcs00280.o)
                0x00423cd0                ExitThread@4
 .text          0x00423cd8        0x8 c:/mingw/bin/../lib/gcc/mingw32/6.3.0/../../../libkernel32.a(dujcs00279.o)
                0x00423cd8                ExitProcess@4
 .text          0x00423ce0        0x8 c:/mingw/bin/../lib/gcc/mingw32/6.3.0/../../../libkernel32.a(dujcs00236.o)
                0x00423ce0                EnterCriticalSection@4
 .text          0x00423ce8        0x8 c:/mingw/bin/../lib/gcc/mingw32/6.3.0/../../../libkernel32.a(dujcs00207.o)
                0x00423ce8                DeleteCriticalSection@4
 .text          0x00423cf0        0x8 c:/mingw/bin/../lib/gcc/mingw32/6.3.0/../../../libkernel32.a(dujcs00179.o)
                0x00423cf0                CreateThread@24
 .text          0x00423cf8        0x8 c:/mingw/bin/../lib/gcc/mingw32/6.3.0/../../../libkernel32.a(dujcs00154.o)
                0x00423cf8                CreateMutexA@12
 .text          0x00423d00        0x8 c:/mingw/bin/../lib/gcc/mingw32/6.3.0/../../../libkernel32.a(dujcs00129.o)
                0x00423d00                CreateEventA@16
 .text          0x00423d08        0x8 c:/mingw/bin/../lib/gcc/mingw32/6.3.0/../../../libkernel32.a(dujcs00082.o)
                0x00423d08                CloseHandle@4
 .text          0x00423d10        0x0 c:/mingw/bin/../lib/gcc/mingw32/6.3.0/../../../libkernel32.a(dujch.o)
 .text          0x00423d10        0x0 c:/mingw/bin/../lib/gcc/mingw32/6.3.0/../../../libkernel32.a(dujct.o)
 .text          0x00423d10        0x8 c:/mingw/bin/../lib/gcc/mingw32/6.3.0/../../../libmoldname.a(dagwbs00082.o)
                0x00423d10                stricoll
 .text          0x00423d18        0x8 c:/mingw/bin/../lib/gcc/mingw32/6.3.0/../../../libmoldname.a(dagwbs00080.o)
                0x00423d18                strdup
 .text          0x00423d20        0x0 c:/mingw/bin/../lib/gcc/mingw32/6.3.0/../../../libmoldname.a(dagwbh.o)
 .text          0x00423d20        0x0 c:/mingw/bin/../lib/gcc/mingw32/6.3.0/../../../libmoldname.a(dagwbt.o)
 .text          0x00423d20        0x0 c:/mingw/bin/../lib/gcc/mingw32/6.3.0/crtend.o
 *(SORT(.text$*))
 *(.text.*)
 .text.startup  0x00423d20       0x10 c:/mingw/bin/../lib/gcc/mingw32/6.3.0/crtend.o
 *(.gnu.linkonce.t.*)
 *(.glue_7t)
 *(.glue_7)
                0x00423d30                ___CTOR_LIST__ = .
                0x00423d30                __CTOR_LIST__ = .
                0x00423d30        0x4 LONG 0xffffffff
 *(.ctors)
 *(.ctor)
 *(SORT(.ctors.*))
 .ctors.65535   0x00423d34        0x4 c:/mingw/bin/../lib/gcc/mingw32/6.3.0/crtend.o
                0x00423d38        0x4 LONG 0x0
                0x00423d3c                ___DTOR_LIST__ = .
                0x00423d3c                __DTOR_LIST__ = .
                0x00423d3c        0x4 LONG 0xffffffff
 *(.dtors)
 *(.dtor)
 *(SORT(.dtors.*))
                0x00423d40        0x4 LONG 0x0
 *(.fini)
 *(.gcc_exc)
                [!provide]                PROVIDE (etext, .)
                [!provide]                PROVIDE (_etext, .)
 *(.gcc_except_table)

.data           0x00424000      0x200
                0x00424000                __data_start__ = .
 *(.data)
 .data          0x00424000        0x0 c:/mingw/bin/../lib/gcc/mingw32/6.3.0/../../../crt2.o
 .data          0x00424000        0x4 c:/mingw/bin/../lib/gcc/mingw32/6.3.0/crtbegin.o
 .data          0x00424004        0x0 DemosModifiedForLowTickRate\recmutex.o
 .data          0x00424004        0x8 FreeRTOS+Trace Recorder\trcKernelPort.o
                0x00424004                TraceQueueClassTable
 .data          0x0042400c        0x8 FreeRTOS+Trace Recorder\trcSnapshotRecorder.o
                0x00424010                CurrentFilterMask
                0x00424012                CurrentFilterGroup
 .data          0x00424014        0x0 FreeRTOS+Trace Recorder\trcStreamingRecorder.o
 .data          0x00424014        0x0 FreeRTOS_Source\croutine.o
 .data          0x00424014        0x0 FreeRTOS_Source\event_groups.o
 .data          0x00424014        0x0 FreeRTOS_Source\list.o
 .data          0x00424014        0x4 FreeRTOS_Source\portable\MSVC-MingW\port.o
 .data          0x00424018        0x0 FreeRTOS_Source\portable\MemMang\heap_5.o
 .data          0x00424018        0x0 FreeRTOS_Source\queue.o
 .data          0x00424018        0x0 FreeRTOS_Source\stream_buffer.o
 .data          0x00424018        0x4 FreeRTOS_Source\tasks.o
                0x00424018                uxTopUsedPriority
 .data          0x0042401c        0x0 FreeRTOS_Source\timers.o
 .data          0x0042401c        0x0 Run-time-stats-utils.o
 .data          0x0042401c        0x0 Run.o
 .data          0x0042401c        0x8 Standard_Demo_Tasks\AbortDelay.o
 .data          0x00424024        0x0 Standard_Demo_Tasks\BlockQ.o
 .data          0x00424024        0x0 Standard_Demo_Tasks\EventGroupsDemo.o
 .data          0x00424024        0x0 Standard_Demo_Tasks\GenQTest.o
 .data          0x00424024        0x0 Standard_Demo_Tasks\IntSemTest.o
 .data          0x00424024        0x4 Standard_Demo_Tasks\MessageBufferAMP.o
                0x00424024                xDemoStatus
 .data          0x00424028        0x4 Standard_Demo_Tasks\MessageBufferDemo.o
 .data          0x0042402c        0x0 Standard_Demo_Tasks\PollQ.o
 .data          0x0042402c        0x0 Standard_Demo_Tasks\QPeek.o
 .data          0x0042402c        0x4 Standard_Demo_Tasks\QueueOverwrite.o
 .data          0x00424030        0xc Standard_Demo_Tasks\QueueSet.o
 .data          0x0042403c        0x4 Standard_Demo_Tasks\QueueSetPolling.o
 .data          0x00424040        0x0 Standard_Demo_Tasks\StaticAllocation.o
 .data          0x00424040       0x10 Standard_Demo_Tasks\StreamBufferDemo.o
 .data          0x00424050        0xc Standard_Demo_Tasks\StreamBufferInterrupt.o
 .data          0x0042405c        0x4 Standard_Demo_Tasks\TaskNotify.o
 .data          0x00424060        0x8 Standard_Demo_Tasks\TimerDemo.o
 .data          0x00424068        0x0 Standard_Demo_Tasks\blocktim.o
 .data          0x00424068        0x0 Standard_Demo_Tasks\countsem.o
 .data          0x00424068        0x4 Standard_Demo_Tasks\death.o
 .data          0x0042406c        0x0 Standard_Demo_Tasks\dynamic.o
 .data          0x0042406c        0x0 Standard_Demo_Tasks\flop.o
 .data          0x0042406c        0x0 Standard_Demo_Tasks\integer.o
 .data          0x0042406c        0x0 Standard_Demo_Tasks\semtest.o
 .data          0x0042406c        0x8 TestTasks.o
                0x0042406c                task1_name
                0x00424070                task2_name
 .data          0x00424074        0x0 api.o
 .data          0x00424074        0x0 code_coverage_additions.o
 .data          0x00424074        0x4 main.o
 .data          0x00424078        0x0 main_blinky.o
 .data          0x00424078        0xc main_full.o
 .data          0x00424084        0x0 c:/mingw/bin/../lib/gcc/mingw32/6.3.0/../../../libwinmm.a(drqcs00146.o)
 .data          0x00424084        0x0 c:/mingw/bin/../lib/gcc/mingw32/6.3.0/../../../libwinmm.a(drqcs00145.o)
 .data          0x00424084        0x0 c:/mingw/bin/../lib/gcc/mingw32/6.3.0/../../../libwinmm.a(drqcs00144.o)
 .data          0x00424084        0x0 c:/mingw/bin/../lib/gcc/mingw32/6.3.0/../../../libwinmm.a(drqch.o)
 .data          0x00424084        0x0 c:/mingw/bin/../lib/gcc/mingw32/6.3.0/../../../libwinmm.a(drqct.o)
 .data          0x00424084        0x4 c:/mingw/bin/../lib/gcc/mingw32/6.3.0/../../../libmingw32.a(CRTglob.o)
                0x00424084                _CRT_glob
 .data          0x00424088        0x0 c:/mingw/bin/../lib/gcc/mingw32/6.3.0/../../../libmingw32.a(setargv.o)
 .data          0x00424088        0x0 c:/mingw/bin/../lib/gcc/mingw32/6.3.0/../../../libmingw32.a(CRTfmode.o)
 .data          0x00424088        0x0 c:/mingw/bin/../lib/gcc/mingw32/6.3.0/../../../libmingw32.a(cpu_features.o)
 .data          0x00424088        0x4 c:/mingw/bin/../lib/gcc/mingw32/6.3.0/../../../libmingw32.a(CRT_fp10.o)
                0x00424088                _CRT_fenv
 .data          0x0042408c        0x4 c:/mingw/bin/../lib/gcc/mingw32/6.3.0/../../../libmingw32.a(txtmode.o)
                0x0042408c                _fmode
 .data          0x00424090        0x4 c:/mingw/bin/../lib/gcc/mingw32/6.3.0/../../../libmingw32.a(gccmain.o)
 .data          0x00424094        0x0 c:/mingw/bin/../lib/gcc/mingw32/6.3.0/../../../libmingw32.a(tlssup.o)
 .data          0x00424094        0x0 c:/mingw/bin/../lib/gcc/mingw32/6.3.0/../../../libmingw32.a(tlsthrd.o)
 .data          0x00424094        0x0 c:/mingw/bin/../lib/gcc/mingw32/6.3.0/../../../libmingw32.a(pseudo-reloc.o)
 .data          0x00424094        0x0 c:/mingw/bin/../lib/gcc/mingw32/6.3.0/../../../libmingw32.a(pseudo-reloc-list.o)
 .data          0x00424094        0x0 c:/mingw/bin/../lib/gcc/mingw32/6.3.0/../../../libmingw32.a(crtst.o)
 .data          0x00424094        0x0 c:/mingw/bin/../lib/gcc/mingw32/6.3.0/libgcc.a(_chkstk_ms.o)
 .data          0x00424094        0x0 c:/mingw/bin/../lib/gcc/mingw32/6.3.0/libgcc.a(_ctors.o)
 .data          0x00424094        0x0 c:/mingw/bin/../lib/gcc/mingw32/6.3.0/libgcc.a(_divdi3.o)
 .data          0x00424094        0x4 c:/mingw/bin/../lib/gcc/mingw32/6.3.0/../../../libmingwex.a(fesetenv.o)
 .data          0x00424098        0x0 c:/mingw/bin/../lib/gcc/mingw32/6.3.0/../../../libmingwex.a(glob.o)
 .data          0x00424098        0x0 c:/mingw/bin/../lib/gcc/mingw32/6.3.0/../../../libmingwex.a(dirname.o)
 .data          0x00424098        0x0 c:/mingw/bin/../lib/gcc/mingw32/6.3.0/../../../libmingwex.a(dirent.o)
 .data          0x00424098        0x0 c:/mingw/bin/../lib/gcc/mingw32/6.3.0/../../../libmsvcrt.a(djpvbs01325.o)
 .data          0x00424098        0x0 c:/mingw/bin/../lib/gcc/mingw32/6.3.0/../../../libmsvcrt.a(djpvbs01284.o)
 .data          0x00424098        0x0 c:/mingw/bin/../lib/gcc/mingw32/6.3.0/../../../libmsvcrt.a(djpvbs01277.o)
 .data          0x00424098        0x0 c:/mingw/bin/../lib/gcc/mingw32/6.3.0/../../../libmsvcrt.a(djpvbs01272.o)
 .data          0x00424098        0x0 c:/mingw/bin/../lib/gcc/mingw32/6.3.0/../../../libmsvcrt.a(djpvbs01252.o)
 .data          0x00424098        0x0 c:/mingw/bin/../lib/gcc/mingw32/6.3.0/../../../libmsvcrt.a(djpvbs01249.o)
 .data          0x00424098        0x0 c:/mingw/bin/../lib/gcc/mingw32/6.3.0/../../../libmsvcrt.a(djpvbs01242.o)
 .data          0x00424098        0x0 c:/mingw/bin/../lib/gcc/mingw32/6.3.0/../../../libmsvcrt.a(djpvbs01241.o)
 .data          0x00424098        0x0 c:/mingw/bin/../lib/gcc/mingw32/6.3.0/../../../libmsvcrt.a(djpvbs01235.o)
 .data          0x00424098        0x0 c:/mingw/bin/../lib/gcc/mingw32/6.3.0/../../../libmsvcrt.a(djpvbs01232.o)
 .data          0x00424098        0x0 c:/mingw/bin/../lib/gcc/mingw32/6.3.0/../../../libmsvcrt.a(djpvbs01229.o)
 .data          0x00424098        0x0 c:/mingw/bin/../lib/gcc/mingw32/6.3.0/../../../libmsvcrt.a(djpvbs01227.o)
 .data          0x00424098        0x0 c:/mingw/bin/../lib/gcc/mingw32/6.3.0/../../../libmsvcrt.a(djpvbs01220.o)
 .data          0x00424098        0x0 c:/mingw/bin/../lib/gcc/mingw32/6.3.0/../../../libmsvcrt.a(djpvbs01218.o)
 .data          0x00424098        0x0 c:/mingw/bin/../lib/gcc/mingw32/6.3.0/../../../libmsvcrt.a(djpvbs01212.o)
 .data          0x00424098        0x0 c:/mingw/bin/../lib/gcc/mingw32/6.3.0/../../../libmsvcrt.a(djpvbs01208.o)
 .data          0x00424098        0x0 c:/mingw/bin/../lib/gcc/mingw32/6.3.0/../../../libmsvcrt.a(djpvbs01203.o)
 .data          0x00424098        0x0 c:/mingw/bin/../lib/gcc/mingw32/6.3.0/../../../libmsvcrt.a(djpvbs01199.o)
 .data          0x00424098        0x0 c:/mingw/bin/../lib/gcc/mingw32/6.3.0/../../../libmsvcrt.a(djpvbs01198.o)
 .data          0x00424098        0x0 c:/mingw/bin/../lib/gcc/mingw32/6.3.0/../../../libmsvcrt.a(djpvbs01194.o)
 .data          0x00424098        0x0 c:/mingw/bin/../lib/gcc/mingw32/6.3.0/../../../libmsvcrt.a(djpvbs01187.o)
 .data          0x00424098        0x0 c:/mingw/bin/../lib/gcc/mingw32/6.3.0/../../../libmsvcrt.a(djpvbs01142.o)
 .data          0x00424098        0x0 c:/mingw/bin/../lib/gcc/mingw32/6.3.0/../../../libmsvcrt.a(djpvbs01131.o)
 .data          0x00424098        0x0 c:/mingw/bin/../lib/gcc/mingw32/6.3.0/../../../libmsvcrt.a(djpvbs01122.o)
 .data          0x00424098        0x0 c:/mingw/bin/../lib/gcc/mingw32/6.3.0/../../../libmsvcrt.a(djpvbs01114.o)
 .data          0x00424098        0x0 c:/mingw/bin/../lib/gcc/mingw32/6.3.0/../../../libmsvcrt.a(djpvbs01111.o)
 .data          0x00424098        0x0 c:/mingw/bin/../lib/gcc/mingw32/6.3.0/../../../libmsvcrt.a(djpvbs01108.o)
 .data          0x00424098        0x0 c:/mingw/bin/../lib/gcc/mingw32/6.3.0/../../../libmsvcrt.a(djpvbs01098.o)
 .data          0x00424098        0x0 c:/mingw/bin/../lib/gcc/mingw32/6.3.0/../../../libmsvcrt.a(djpvbs01091.o)
 .data          0x00424098        0x0 c:/mingw/bin/../lib/gcc/mingw32/6.3.0/../../../libmsvcrt.a(djpvbs01083.o)
 .data          0x00424098        0x0 c:/mingw/bin/../lib/gcc/mingw32/6.3.0/../../../libmsvcrt.a(djpvbs00753.o)
 .data          0x00424098        0x0 c:/mingw/bin/../lib/gcc/mingw32/6.3.0/../../../libmsvcrt.a(djpvbs00698.o)
 .data          0x00424098        0x0 c:/mingw/bin/../lib/gcc/mingw32/6.3.0/../../../libmsvcrt.a(djpvbs00689.o)
 .data          0x00424098        0x0 c:/mingw/bin/../lib/gcc/mingw32/6.3.0/../../../libmsvcrt.a(djpvbs00422.o)
 .data          0x00424098        0x0 c:/mingw/bin/../lib/gcc/mingw32/6.3.0/../../../libmsvcrt.a(djpvbs00417.o)
 .data          0x00424098        0x0 c:/mingw/bin/../lib/gcc/mingw32/6.3.0/../../../libmsvcrt.a(djpvbs00350.o)
 .data          0x00424098        0x0 c:/mingw/bin/../lib/gcc/mingw32/6.3.0/../../../libmsvcrt.a(djpvbs00324.o)
 .data          0x00424098        0x0 c:/mingw/bin/../lib/gcc/mingw32/6.3.0/../../../libmsvcrt.a(djpvbs00285.o)
 .data          0x00424098        0x0 c:/mingw/bin/../lib/gcc/mingw32/6.3.0/../../../libmsvcrt.a(djpvbs00219.o)
 .data          0x00424098        0x0 c:/mingw/bin/../lib/gcc/mingw32/6.3.0/../../../libmsvcrt.a(djpvbs00153.o)
 .data          0x00424098        0x0 c:/mingw/bin/../lib/gcc/mingw32/6.3.0/../../../libmsvcrt.a(djpvbs00133.o)
 .data          0x00424098        0x0 c:/mingw/bin/../lib/gcc/mingw32/6.3.0/../../../libmsvcrt.a(djpvbs00131.o)
 .data          0x00424098        0x0 c:/mingw/bin/../lib/gcc/mingw32/6.3.0/../../../libmsvcrt.a(djpvbs00119.o)
 .data          0x00424098        0x0 c:/mingw/bin/../lib/gcc/mingw32/6.3.0/../../../libmsvcrt.a(djpvbs00088.o)
 .data          0x00424098        0x0 c:/mingw/bin/../lib/gcc/mingw32/6.3.0/../../../libmsvcrt.a(djpvbh.o)
 .data          0x00424098        0x0 c:/mingw/bin/../lib/gcc/mingw32/6.3.0/../../../libmsvcrt.a(djpvbt.o)
 .data          0x00424098        0x0 c:/mingw/bin/../lib/gcc/mingw32/6.3.0/../../../libkernel32.a(dujcs01223.o)
 .data          0x00424098        0x0 c:/mingw/bin/../lib/gcc/mingw32/6.3.0/../../../libkernel32.a(dujcs01221.o)
 .data          0x00424098        0x0 c:/mingw/bin/../lib/gcc/mingw32/6.3.0/../../../libkernel32.a(dujcs01215.o)
 .data          0x00424098        0x0 c:/mingw/bin/../lib/gcc/mingw32/6.3.0/../../../libkernel32.a(dujcs01213.o)
 .data          0x00424098        0x0 c:/mingw/bin/../lib/gcc/mingw32/6.3.0/../../../libkernel32.a(dujcs01173.o)
 .data          0x00424098        0x0 c:/mingw/bin/../lib/gcc/mingw32/6.3.0/../../../libkernel32.a(dujcs01167.o)
 .data          0x00424098        0x0 c:/mingw/bin/../lib/gcc/mingw32/6.3.0/../../../libkernel32.a(dujcs01160.o)
 .data          0x00424098        0x0 c:/mingw/bin/../lib/gcc/mingw32/6.3.0/../../../libkernel32.a(dujcs01152.o)
 .data          0x00424098        0x0 c:/mingw/bin/../lib/gcc/mingw32/6.3.0/../../../libkernel32.a(dujcs01140.o)
 .data          0x00424098        0x0 c:/mingw/bin/../lib/gcc/mingw32/6.3.0/../../../libkernel32.a(dujcs01130.o)
 .data          0x00424098        0x0 c:/mingw/bin/../lib/gcc/mingw32/6.3.0/../../../libkernel32.a(dujcs01129.o)
 .data          0x00424098        0x0 c:/mingw/bin/../lib/gcc/mingw32/6.3.0/../../../libkernel32.a(dujcs01120.o)
 .data          0x00424098        0x0 c:/mingw/bin/../lib/gcc/mingw32/6.3.0/../../../libkernel32.a(dujcs01101.o)
 .data          0x00424098        0x0 c:/mingw/bin/../lib/gcc/mingw32/6.3.0/../../../libkernel32.a(dujcs01065.o)
 .data          0x00424098        0x0 c:/mingw/bin/../lib/gcc/mingw32/6.3.0/../../../libkernel32.a(dujcs01021.o)
 .data          0x00424098        0x0 c:/mingw/bin/../lib/gcc/mingw32/6.3.0/../../../libkernel32.a(dujcs00999.o)
 .data          0x00424098        0x0 c:/mingw/bin/../lib/gcc/mingw32/6.3.0/../../../libkernel32.a(dujcs00995.o)
 .data          0x00424098        0x0 c:/mingw/bin/../lib/gcc/mingw32/6.3.0/../../../libkernel32.a(dujcs00974.o)
 .data          0x00424098        0x0 c:/mingw/bin/../lib/gcc/mingw32/6.3.0/../../../libkernel32.a(dujcs00923.o)
 .data          0x00424098        0x0 c:/mingw/bin/../lib/gcc/mingw32/6.3.0/../../../libkernel32.a(dujcs00922.o)
 .data          0x00424098        0x0 c:/mingw/bin/../lib/gcc/mingw32/6.3.0/../../../libkernel32.a(dujcs00817.o)
 .data          0x00424098        0x0 c:/mingw/bin/../lib/gcc/mingw32/6.3.0/../../../libkernel32.a(dujcs00814.o)
 .data          0x00424098        0x0 c:/mingw/bin/../lib/gcc/mingw32/6.3.0/../../../libkernel32.a(dujcs00734.o)
 .data          0x00424098        0x0 c:/mingw/bin/../lib/gcc/mingw32/6.3.0/../../../libkernel32.a(dujcs00642.o)
 .data          0x00424098        0x0 c:/mingw/bin/../lib/gcc/mingw32/6.3.0/../../../libkernel32.a(dujcs00623.o)
 .data          0x00424098        0x0 c:/mingw/bin/../lib/gcc/mingw32/6.3.0/../../../libkernel32.a(dujcs00577.o)
 .data          0x00424098        0x0 c:/mingw/bin/../lib/gcc/mingw32/6.3.0/../../../libkernel32.a(dujcs00529.o)
 .data          0x00424098        0x0 c:/mingw/bin/../lib/gcc/mingw32/6.3.0/../../../libkernel32.a(dujcs00510.o)
 .data          0x00424098        0x0 c:/mingw/bin/../lib/gcc/mingw32/6.3.0/../../../libkernel32.a(dujcs00450.o)
 .data          0x00424098        0x0 c:/mingw/bin/../lib/gcc/mingw32/6.3.0/../../../libkernel32.a(dujcs00446.o)
 .data          0x00424098        0x0 c:/mingw/bin/../lib/gcc/mingw32/6.3.0/../../../libkernel32.a(dujcs00388.o)
 .data          0x00424098        0x0 c:/mingw/bin/../lib/gcc/mingw32/6.3.0/../../../libkernel32.a(dujcs00352.o)
 .data          0x00424098        0x0 c:/mingw/bin/../lib/gcc/mingw32/6.3.0/../../../libkernel32.a(dujcs00321.o)
 .data          0x00424098        0x0 c:/mingw/bin/../lib/gcc/mingw32/6.3.0/../../../libkernel32.a(dujcs00304.o)
 .data          0x00424098        0x0 c:/mingw/bin/../lib/gcc/mingw32/6.3.0/../../../libkernel32.a(dujcs00300.o)
 .data          0x00424098        0x0 c:/mingw/bin/../lib/gcc/mingw32/6.3.0/../../../libkernel32.a(dujcs00280.o)
 .data          0x00424098        0x0 c:/mingw/bin/../lib/gcc/mingw32/6.3.0/../../../libkernel32.a(dujcs00279.o)
 .data          0x00424098        0x0 c:/mingw/bin/../lib/gcc/mingw32/6.3.0/../../../libkernel32.a(dujcs00236.o)
 .data          0x00424098        0x0 c:/mingw/bin/../lib/gcc/mingw32/6.3.0/../../../libkernel32.a(dujcs00207.o)
 .data          0x00424098        0x0 c:/mingw/bin/../lib/gcc/mingw32/6.3.0/../../../libkernel32.a(dujcs00179.o)
 .data          0x00424098        0x0 c:/mingw/bin/../lib/gcc/mingw32/6.3.0/../../../libkernel32.a(dujcs00154.o)
 .data          0x00424098        0x0 c:/mingw/bin/../lib/gcc/mingw32/6.3.0/../../../libkernel32.a(dujcs00129.o)
 .data          0x00424098        0x0 c:/mingw/bin/../lib/gcc/mingw32/6.3.0/../../../libkernel32.a(dujcs00082.o)
 .data          0x00424098        0x0 c:/mingw/bin/../lib/gcc/mingw32/6.3.0/../../../libkernel32.a(dujch.o)
 .data          0x00424098        0x0 c:/mingw/bin/../lib/gcc/mingw32/6.3.0/../../../libkernel32.a(dujct.o)
 .data          0x00424098        0x0 c:/mingw/bin/../lib/gcc/mingw32/6.3.0/../../../libmoldname.a(dagwbs00082.o)
 .data          0x00424098        0x0 c:/mingw/bin/../lib/gcc/mingw32/6.3.0/../../../libmoldname.a(dagwbs00080.o)
 .data          0x00424098        0x0 c:/mingw/bin/../lib/gcc/mingw32/6.3.0/../../../libmoldname.a(dagwbh.o)
 .data          0x00424098        0x0 c:/mingw/bin/../lib/gcc/mingw32/6.3.0/../../../libmoldname.a(dagwbt.o)
 .data          0x00424098        0x0 c:/mingw/bin/../lib/gcc/mingw32/6.3.0/crtend.o
 *(.data2)
 *(SORT(.data$*))
 *(.jcr)
 .jcr           0x00424098        0x0 c:/mingw/bin/../lib/gcc/mingw32/6.3.0/crtbegin.o
 .jcr           0x00424098        0x4 c:/mingw/bin/../lib/gcc/mingw32/6.3.0/crtend.o
                0x0042409c                __data_end__ = .
 *(.data_cygwin_nocopy)

.rdata          0x00425000     0x2e00
 *(.rdata)
 .rdata         0x00425000       0x64 c:/mingw/bin/../lib/gcc/mingw32/6.3.0/crtbegin.o
 .rdata         0x00425064       0x2c DemosModifiedForLowTickRate\recmutex.o
 .rdata         0x00425090      0x398 FreeRTOS+Trace Recorder\trcKernelPort.o
 .rdata         0x00425428     0x1100 FreeRTOS+Trace Recorder\trcSnapshotRecorder.o
 .rdata         0x00426528       0x20 FreeRTOS_Source\event_groups.o
 .rdata         0x00426548       0x98 FreeRTOS_Source\portable\MSVC-MingW\port.o
 .rdata         0x004265e0       0x30 FreeRTOS_Source\portable\MemMang\heap_5.o
 .rdata         0x00426610       0x18 FreeRTOS_Source\queue.o
 .rdata         0x00426628       0x20 FreeRTOS_Source\stream_buffer.o
 .rdata         0x00426648       0x48 FreeRTOS_Source\tasks.o
 .rdata         0x00426690       0x54 FreeRTOS_Source\timers.o
 .rdata         0x004266e4       0x90 Run.o
 .rdata         0x00426774       0x60 Standard_Demo_Tasks\AbortDelay.o
                0x00426784                xMaxBlockTime
                0x00426788                xHalfMaxBlockTime
                0x0042678c                xAllowableMargin
 .rdata         0x004267d4       0x30 Standard_Demo_Tasks\BlockQ.o
 .rdata         0x00426804       0x38 Standard_Demo_Tasks\EventGroupsDemo.o
 .rdata         0x0042683c       0x60 Standard_Demo_Tasks\GenQTest.o
 .rdata         0x0042689c       0x3c Standard_Demo_Tasks\IntSemTest.o
                0x0042689c                xInterruptGivePeriod
 .rdata         0x004268d8       0x44 Standard_Demo_Tasks\MessageBufferAMP.o
 .rdata         0x0042691c       0xb8 Standard_Demo_Tasks\MessageBufferDemo.o
 .rdata         0x004269d4       0x20 Standard_Demo_Tasks\PollQ.o
 .rdata         0x004269f4       0x2c Standard_Demo_Tasks\QPeek.o
 .rdata         0x00426a20       0x30 Standard_Demo_Tasks\QueueOverwrite.o
 .rdata         0x00426a50       0x2c Standard_Demo_Tasks\QueueSet.o
 .rdata         0x00426a7c        0x8 Standard_Demo_Tasks\QueueSetPolling.o
 .rdata         0x00426a84       0x40 Standard_Demo_Tasks\StaticAllocation.o
 .rdata         0x00426ac4      0x110 Standard_Demo_Tasks\StreamBufferDemo.o
 .rdata         0x00426bd4       0x64 Standard_Demo_Tasks\StreamBufferInterrupt.o
 .rdata         0x00426c38       0x44 Standard_Demo_Tasks\TaskNotify.o
 .rdata         0x00426c7c       0x50 Standard_Demo_Tasks\TimerDemo.o
 .rdata         0x00426ccc       0x20 Standard_Demo_Tasks\blocktim.o
 .rdata         0x00426cec       0x48 Standard_Demo_Tasks\countsem.o
 .rdata         0x00426d34       0x1c Standard_Demo_Tasks\death.o
 .rdata         0x00426d50       0x5c Standard_Demo_Tasks\dynamic.o
 *fill*         0x00426dac        0x4 
 .rdata         0x00426db0       0x60 Standard_Demo_Tasks\flop.o
 .rdata         0x00426e10        0x8 Standard_Demo_Tasks\integer.o
 .rdata         0x00426e18       0x40 Standard_Demo_Tasks\semtest.o
 .rdata         0x00426e58       0x34 TestTasks.o
 .rdata         0x00426e8c       0x24 code_coverage_additions.o
 .rdata         0x00426eb0      0x10c main.o
 .rdata         0x00426fbc       0x64 main_blinky.o
 .rdata         0x00427020      0x504 main_full.o
 .rdata         0x00427524        0x4 c:/mingw/bin/../lib/gcc/mingw32/6.3.0/../../../libmingw32.a(tlssup.o)
                0x00427524                __dyn_tls_init_callback
 .rdata         0x00427528       0xac c:/mingw/bin/../lib/gcc/mingw32/6.3.0/../../../libmingw32.a(pseudo-reloc.o)
 .rdata         0x004275d4       0x14 c:/mingw/bin/../lib/gcc/mingw32/6.3.0/../../../libmingwex.a(glob.o)
 .rdata         0x004275e8        0x8 c:/mingw/bin/../lib/gcc/mingw32/6.3.0/../../../libmingwex.a(dirname.o)
 *(SORT(.rdata$*))
 .rdata$zzz     0x004275f0       0x14 c:/mingw/bin/../lib/gcc/mingw32/6.3.0/../../../crt2.o
 .rdata$zzz     0x00427604       0x14 c:/mingw/bin/../lib/gcc/mingw32/6.3.0/crtbegin.o
 .rdata$zzz     0x00427618       0x24 DemosModifiedForLowTickRate\recmutex.o
 .rdata$zzz     0x0042763c       0x24 FreeRTOS+Trace Recorder\trcKernelPort.o
 .rdata$zzz     0x00427660       0x24 FreeRTOS+Trace Recorder\trcSnapshotRecorder.o
 .rdata$zzz     0x00427684       0x24 FreeRTOS+Trace Recorder\trcStreamingRecorder.o
 .rdata$zzz     0x004276a8       0x24 FreeRTOS_Source\croutine.o
 .rdata$zzz     0x004276cc       0x24 FreeRTOS_Source\event_groups.o
 .rdata$zzz     0x004276f0       0x24 FreeRTOS_Source\list.o
 .rdata$zzz     0x00427714       0x24 FreeRTOS_Source\portable\MSVC-MingW\port.o
 .rdata$zzz     0x00427738       0x24 FreeRTOS_Source\portable\MemMang\heap_5.o
 .rdata$zzz     0x0042775c       0x24 FreeRTOS_Source\queue.o
 .rdata$zzz     0x00427780       0x24 FreeRTOS_Source\stream_buffer.o
 .rdata$zzz     0x004277a4       0x24 FreeRTOS_Source\tasks.o
 .rdata$zzz     0x004277c8       0x24 FreeRTOS_Source\timers.o
 .rdata$zzz     0x004277ec       0x24 Run-time-stats-utils.o
 .rdata$zzz     0x00427810       0x24 Run.o
 .rdata$zzz     0x00427834       0x24 Standard_Demo_Tasks\AbortDelay.o
 .rdata$zzz     0x00427858       0x24 Standard_Demo_Tasks\BlockQ.o
 .rdata$zzz     0x0042787c       0x24 Standard_Demo_Tasks\EventGroupsDemo.o
 .rdata$zzz     0x004278a0       0x24 Standard_Demo_Tasks\GenQTest.o
 .rdata$zzz     0x004278c4       0x24 Standard_Demo_Tasks\IntSemTest.o
 .rdata$zzz     0x004278e8       0x24 Standard_Demo_Tasks\MessageBufferAMP.o
 .rdata$zzz     0x0042790c       0x24 Standard_Demo_Tasks\MessageBufferDemo.o
 .rdata$zzz     0x00427930       0x24 Standard_Demo_Tasks\PollQ.o
 .rdata$zzz     0x00427954       0x24 Standard_Demo_Tasks\QPeek.o
 .rdata$zzz     0x00427978       0x24 Standard_Demo_Tasks\QueueOverwrite.o
 .rdata$zzz     0x0042799c       0x24 Standard_Demo_Tasks\QueueSet.o
 .rdata$zzz     0x004279c0       0x24 Standard_Demo_Tasks\QueueSetPolling.o
 .rdata$zzz     0x004279e4       0x24 Standard_Demo_Tasks\StaticAllocation.o
 .rdata$zzz     0x00427a08       0x24 Standard_Demo_Tasks\StreamBufferDemo.o
 .rdata$zzz     0x00427a2c       0x24 Standard_Demo_Tasks\StreamBufferInterrupt.o
 .rdata$zzz     0x00427a50       0x24 Standard_Demo_Tasks\TaskNotify.o
 .rdata$zzz     0x00427a74       0x24 Standard_Demo_Tasks\TimerDemo.o
 .rdata$zzz     0x00427a98       0x24 Standard_Demo_Tasks\blocktim.o
 .rdata$zzz     0x00427abc       0x24 Standard_Demo_Tasks\countsem.o
 .rdata$zzz     0x00427ae0       0x24 Standard_Demo_Tasks\death.o
 .rdata$zzz     0x00427b04       0x24 Standard_Demo_Tasks\dynamic.o
 .rdata$zzz     0x00427b28       0x24 Standard_Demo_Tasks\flop.o
 .rdata$zzz     0x00427b4c       0x24 Standard_Demo_Tasks\integer.o
 .rdata$zzz     0x00427b70       0x24 Standard_Demo_Tasks\semtest.o
 .rdata$zzz     0x00427b94       0x24 TestTasks.o
 .rdata$zzz     0x00427bb8       0x24 api.o
 .rdata$zzz     0x00427bdc       0x24 code_coverage_additions.o
 .rdata$zzz     0x00427c00       0x24 main.o
 .rdata$zzz     0x00427c24       0x24 main_blinky.o
 .rdata$zzz     0x00427c48       0x24 main_full.o
 .rdata$zzz     0x00427c6c       0x14 c:/mingw/bin/../lib/gcc/mingw32/6.3.0/../../../libmingw32.a(CRTglob.o)
 .rdata$zzz     0x00427c80       0x14 c:/mingw/bin/../lib/gcc/mingw32/6.3.0/../../../libmingw32.a(setargv.o)
 .rdata$zzz     0x00427c94       0x14 c:/mingw/bin/../lib/gcc/mingw32/6.3.0/../../../libmingw32.a(CRTfmode.o)
 .rdata$zzz     0x00427ca8       0x14 c:/mingw/bin/../lib/gcc/mingw32/6.3.0/../../../libmingw32.a(CRT_fp10.o)
 .rdata$zzz     0x00427cbc       0x14 c:/mingw/bin/../lib/gcc/mingw32/6.3.0/../../../libmingw32.a(txtmode.o)
 .rdata$zzz     0x00427cd0       0x14 c:/mingw/bin/../lib/gcc/mingw32/6.3.0/../../../libmingw32.a(gccmain.o)
 .rdata$zzz     0x00427ce4       0x14 c:/mingw/bin/../lib/gcc/mingw32/6.3.0/../../../libmingw32.a(tlssup.o)
 .rdata$zzz     0x00427cf8       0x14 c:/mingw/bin/../lib/gcc/mingw32/6.3.0/../../../libmingw32.a(tlsthrd.o)
 .rdata$zzz     0x00427d0c       0x14 c:/mingw/bin/../lib/gcc/mingw32/6.3.0/../../../libmingw32.a(pseudo-reloc.o)
 .rdata$zzz     0x00427d20       0x14 c:/mingw/bin/../lib/gcc/mingw32/6.3.0/../../../libmingw32.a(pseudo-reloc-list.o)
 .rdata$zzz     0x00427d34       0x14 c:/mingw/bin/../lib/gcc/mingw32/6.3.0/../../../libmingw32.a(crtst.o)
 .rdata$zzz     0x00427d48       0x14 c:/mingw/bin/../lib/gcc/mingw32/6.3.0/libgcc.a(_ctors.o)
 .rdata$zzz     0x00427d5c       0x14 c:/mingw/bin/../lib/gcc/mingw32/6.3.0/libgcc.a(_divdi3.o)
 .rdata$zzz     0x00427d70       0x14 c:/mingw/bin/../lib/gcc/mingw32/6.3.0/../../../libmingwex.a(fesetenv.o)
 .rdata$zzz     0x00427d84       0x14 c:/mingw/bin/../lib/gcc/mingw32/6.3.0/../../../libmingwex.a(glob.o)
 .rdata$zzz     0x00427d98       0x14 c:/mingw/bin/../lib/gcc/mingw32/6.3.0/../../../libmingwex.a(dirname.o)
 .rdata$zzz     0x00427dac       0x14 c:/mingw/bin/../lib/gcc/mingw32/6.3.0/../../../libmingwex.a(dirent.o)
 .rdata$zzz     0x00427dc0       0x14 c:/mingw/bin/../lib/gcc/mingw32/6.3.0/crtend.o
                0x00427dd4                __rt_psrelocs_start = .
 *(.rdata_runtime_pseudo_reloc)
                0x00427dd4                __rt_psrelocs_end = .
                0x00000000                __rt_psrelocs_size = (__rt_psrelocs_end - __rt_psrelocs_start)
                0x00427dd4                ___RUNTIME_PSEUDO_RELOC_LIST_END__ = .
                0x00427dd4                __RUNTIME_PSEUDO_RELOC_LIST_END__ = .
                0x00427dd4                ___RUNTIME_PSEUDO_RELOC_LIST__ = (. - __rt_psrelocs_size)
                0x00427dd4                __RUNTIME_PSEUDO_RELOC_LIST__ = (. - __rt_psrelocs_size)

.eh_frame       0x00428000     0x5400
 *(.eh_frame*)
 .eh_frame      0x00428000       0xb8 c:/mingw/bin/../lib/gcc/mingw32/6.3.0/../../../crt2.o
 .eh_frame      0x004280b8       0x64 c:/mingw/bin/../lib/gcc/mingw32/6.3.0/crtbegin.o
                0x004280b8                __EH_FRAME_BEGIN__
 .eh_frame      0x0042811c       0xac DemosModifiedForLowTickRate\recmutex.o
 .eh_frame      0x004281c8      0x458 FreeRTOS+Trace Recorder\trcKernelPort.o
 .eh_frame      0x00428620      0x7cc FreeRTOS+Trace Recorder\trcSnapshotRecorder.o
 .eh_frame      0x00428dec      0x1f8 FreeRTOS_Source\event_groups.o
 .eh_frame      0x00428fe4       0xb8 FreeRTOS_Source\list.o
 .eh_frame      0x0042909c      0x1c8 FreeRTOS_Source\portable\MSVC-MingW\port.o
 .eh_frame      0x00429264       0xf8 FreeRTOS_Source\portable\MemMang\heap_5.o
 .eh_frame      0x0042935c      0x684 FreeRTOS_Source\queue.o
 .eh_frame      0x004299e0      0x370 FreeRTOS_Source\stream_buffer.o
 .eh_frame      0x00429d50      0x944 FreeRTOS_Source\tasks.o
 .eh_frame      0x0042a694      0x374 FreeRTOS_Source\timers.o
 .eh_frame      0x0042aa08       0x60 Run-time-stats-utils.o
 .eh_frame      0x0042aa68       0x88 Run.o
 .eh_frame      0x0042aaf0      0x1d0 Standard_Demo_Tasks\AbortDelay.o
 .eh_frame      0x0042acc0       0x90 Standard_Demo_Tasks\BlockQ.o
 .eh_frame      0x0042ad50      0x14c Standard_Demo_Tasks\EventGroupsDemo.o
 .eh_frame      0x0042ae9c      0x130 Standard_Demo_Tasks\GenQTest.o
 .eh_frame      0x0042afcc      0x10c Standard_Demo_Tasks\IntSemTest.o
 .eh_frame      0x0042b0d8       0xd0 Standard_Demo_Tasks\MessageBufferAMP.o
 .eh_frame      0x0042b1a8      0x120 Standard_Demo_Tasks\MessageBufferDemo.o
 .eh_frame      0x0042b2c8       0x90 Standard_Demo_Tasks\PollQ.o
 .eh_frame      0x0042b358       0xc8 Standard_Demo_Tasks\QPeek.o
 .eh_frame      0x0042b420       0x94 Standard_Demo_Tasks\QueueOverwrite.o
 .eh_frame      0x0042b4b4      0x210 Standard_Demo_Tasks\QueueSet.o
 .eh_frame      0x0042b6c4       0x94 Standard_Demo_Tasks\QueueSetPolling.o
 .eh_frame      0x0042b758      0x280 Standard_Demo_Tasks\StaticAllocation.o
 .eh_frame      0x0042b9d8      0x17c Standard_Demo_Tasks\StreamBufferDemo.o
 .eh_frame      0x0042bb54       0x94 Standard_Demo_Tasks\StreamBufferInterrupt.o
 .eh_frame      0x0042bbe8      0x114 Standard_Demo_Tasks\TaskNotify.o
 .eh_frame      0x0042bcfc      0x1f4 Standard_Demo_Tasks\TimerDemo.o
 .eh_frame      0x0042bef0       0xb0 Standard_Demo_Tasks\blocktim.o
 .eh_frame      0x0042bfa0       0xb4 Standard_Demo_Tasks\countsem.o
 .eh_frame      0x0042c054       0x90 Standard_Demo_Tasks\death.o
 .eh_frame      0x0042c0e4       0xe4 Standard_Demo_Tasks\dynamic.o
 .eh_frame      0x0042c1c8       0xc8 Standard_Demo_Tasks\flop.o
 .eh_frame      0x0042c290       0x74 Standard_Demo_Tasks\integer.o
 .eh_frame      0x0042c304       0x74 Standard_Demo_Tasks\semtest.o
 .eh_frame      0x0042c378       0x6c TestTasks.o
 .eh_frame      0x0042c3e4       0x78 api.o
 .eh_frame      0x0042c45c      0x140 code_coverage_additions.o
 .eh_frame      0x0042c59c      0x1a4 main.o
 .eh_frame      0x0042c740       0x8c main_blinky.o
 .eh_frame      0x0042c7cc      0x1f0 main_full.o
 .eh_frame      0x0042c9bc       0x58 c:/mingw/bin/../lib/gcc/mingw32/6.3.0/../../../libmingw32.a(setargv.o)
 .eh_frame      0x0042ca14       0x40 c:/mingw/bin/../lib/gcc/mingw32/6.3.0/../../../libmingw32.a(cpu_features.o)
 .eh_frame      0x0042ca54       0x68 c:/mingw/bin/../lib/gcc/mingw32/6.3.0/../../../libmingw32.a(gccmain.o)
 .eh_frame      0x0042cabc       0x88 c:/mingw/bin/../lib/gcc/mingw32/6.3.0/../../../libmingw32.a(tlssup.o)
 .eh_frame      0x0042cb44      0x108 c:/mingw/bin/../lib/gcc/mingw32/6.3.0/../../../libmingw32.a(tlsthrd.o)
 .eh_frame      0x0042cc4c       0xd8 c:/mingw/bin/../lib/gcc/mingw32/6.3.0/../../../libmingw32.a(pseudo-reloc.o)
 .eh_frame      0x0042cd24       0x58 c:/mingw/bin/../lib/gcc/mingw32/6.3.0/libgcc.a(_divdi3.o)
 .eh_frame      0x0042cd7c       0x34 c:/mingw/bin/../lib/gcc/mingw32/6.3.0/../../../libmingwex.a(fesetenv.o)
 .eh_frame      0x0042cdb0      0x25c c:/mingw/bin/../lib/gcc/mingw32/6.3.0/../../../libmingwex.a(glob.o)
 .eh_frame      0x0042d00c       0x58 c:/mingw/bin/../lib/gcc/mingw32/6.3.0/../../../libmingwex.a(dirname.o)
 .eh_frame      0x0042d064      0x1c4 c:/mingw/bin/../lib/gcc/mingw32/6.3.0/../../../libmingwex.a(dirent.o)
 .eh_frame      0x0042d228       0x3c c:/mingw/bin/../lib/gcc/mingw32/6.3.0/crtend.o

.pdata
 *(.pdata*)

.bss            0x0042e000    0x255b0
                0x0042e000                __bss_start__ = .
 *(.bss)
 .bss           0x0042e000        0x8 c:/mingw/bin/../lib/gcc/mingw32/6.3.0/../../../crt2.o
                0x0042e000                _argv
                0x0042e004                _argc
 .bss           0x0042e008       0x18 c:/mingw/bin/../lib/gcc/mingw32/6.3.0/crtbegin.o
 .bss           0x0042e020       0x34 DemosModifiedForLowTickRate\recmutex.o
 .bss           0x0042e054        0x4 FreeRTOS+Trace Recorder\trcKernelPort.o
                0x0042e054                uiInEventGroupSetBitsFromISR
 *fill*         0x0042e058        0x8 
 .bss           0x0042e060      0x420 FreeRTOS+Trace Recorder\trcSnapshotRecorder.o
                0x0042e060                isPendingContextSwitch
                0x0042e064                uiTraceTickCount
                0x0042e068                trace_disable_timestamp
                0x0042e06c                uiTraceSystemState
                0x0042e070                recorder_busy
                0x0042e074                timestampFrequency
                0x0042e078                traceErrorMessage
                0x0042e07c                nISRactive
                0x0042e07d                handle_of_last_logged_task
                0x0042e080                vTraceStopHookPtr
                0x0042e0a0                objectHandleStacks
                0x0042e444                RecorderDataPtr
 .bss           0x0042e480        0x0 FreeRTOS+Trace Recorder\trcStreamingRecorder.o
 .bss           0x0042e480        0x0 FreeRTOS_Source\croutine.o
 .bss           0x0042e480        0x0 FreeRTOS_Source\event_groups.o
 .bss           0x0042e480        0x0 FreeRTOS_Source\list.o
 .bss           0x0042e480       0xc0 FreeRTOS_Source\portable\MSVC-MingW\port.o
                0x0042e480                xInsideInterrupt
 .bss           0x0042e540       0x20 FreeRTOS_Source\portable\MemMang\heap_5.o
 .bss           0x0042e560        0x0 FreeRTOS_Source\queue.o
 .bss           0x0042e560        0x0 FreeRTOS_Source\stream_buffer.o
 .bss           0x0042e560      0x160 FreeRTOS_Source\tasks.o
                0x0042e560                pxCurrentTCB
 .bss           0x0042e6c0      0x1e0 FreeRTOS_Source\timers.o
 .bss           0x0042e8a0       0x10 Run-time-stats-utils.o
 .bss           0x0042e8b0        0xc Run.o
                0x0042e8b0                temperatureHandl
                0x0042e8b4                pressureHandl
                0x0042e8b8                heightHandl
 *fill*         0x0042e8bc        0x4 
 .bss           0x0042e8c0      0x120 Standard_Demo_Tasks\AbortDelay.o
 .bss           0x0042e9e0       0x20 Standard_Demo_Tasks\BlockQ.o
 .bss           0x0042ea00       0x30 Standard_Demo_Tasks\EventGroupsDemo.o
 .bss           0x0042ea30       0x2c Standard_Demo_Tasks\GenQTest.o
 .bss           0x0042ea5c       0x30 Standard_Demo_Tasks\IntSemTest.o
 .bss           0x0042ea8c       0x1c Standard_Demo_Tasks\MessageBufferAMP.o
 *fill*         0x0042eaa8       0x18 
 .bss           0x0042eac0      0x100 Standard_Demo_Tasks\MessageBufferDemo.o
 .bss           0x0042ebc0        0xc Standard_Demo_Tasks\PollQ.o
 .bss           0x0042ebcc        0xc Standard_Demo_Tasks\QPeek.o
 .bss           0x0042ebd8        0xc Standard_Demo_Tasks\QueueOverwrite.o
 .bss           0x0042ebe4       0x50 Standard_Demo_Tasks\QueueSet.o
 .bss           0x0042ec34       0x18 Standard_Demo_Tasks\QueueSetPolling.o
 *fill*         0x0042ec4c       0x14 
 .bss           0x0042ec60      0x460 Standard_Demo_Tasks\StaticAllocation.o
 .bss           0x0042f0c0       0xe0 Standard_Demo_Tasks\StreamBufferDemo.o
 .bss           0x0042f1a0       0x10 Standard_Demo_Tasks\StreamBufferInterrupt.o
 .bss           0x0042f1b0       0x28 Standard_Demo_Tasks\TaskNotify.o
 *fill*         0x0042f1d8        0x8 
 .bss           0x0042f1e0       0xc0 Standard_Demo_Tasks\TimerDemo.o
 .bss           0x0042f2a0       0x20 Standard_Demo_Tasks\blocktim.o
 .bss           0x0042f2c0       0x24 Standard_Demo_Tasks\countsem.o
 .bss           0x0042f2e4        0xc Standard_Demo_Tasks\death.o
 .bss           0x0042f2f0       0x28 Standard_Demo_Tasks\dynamic.o
 .bss           0x0042f318        0x8 Standard_Demo_Tasks\flop.o
 .bss           0x0042f320        0x4 Standard_Demo_Tasks\integer.o
 .bss           0x0042f324       0x14 Standard_Demo_Tasks\semtest.o
 .bss           0x0042f338        0x8 TestTasks.o
                0x0042f338                task1Handl
                0x0042f33c                task2Handl
 .bss           0x0042f340        0x0 api.o
 .bss           0x0042f340       0x40 code_coverage_additions.o
 .bss           0x0042f380    0x10600 main.o
 .bss           0x0043f980        0x8 main_blinky.o
 .bss           0x0043f988       0x18 main_full.o
 .bss           0x0043f9a0        0x0 c:/mingw/bin/../lib/gcc/mingw32/6.3.0/../../../libwinmm.a(drqcs00146.o)
 .bss           0x0043f9a0        0x0 c:/mingw/bin/../lib/gcc/mingw32/6.3.0/../../../libwinmm.a(drqcs00145.o)
 .bss           0x0043f9a0        0x0 c:/mingw/bin/../lib/gcc/mingw32/6.3.0/../../../libwinmm.a(drqcs00144.o)
 .bss           0x0043f9a0        0x0 c:/mingw/bin/../lib/gcc/mingw32/6.3.0/../../../libwinmm.a(drqch.o)
 .bss           0x0043f9a0        0x0 c:/mingw/bin/../lib/gcc/mingw32/6.3.0/../../../libwinmm.a(drqct.o)
 .bss           0x0043f9a0        0x0 c:/mingw/bin/../lib/gcc/mingw32/6.3.0/../../../libmingw32.a(CRTglob.o)
 .bss           0x0043f9a0        0x0 c:/mingw/bin/../lib/gcc/mingw32/6.3.0/../../../libmingw32.a(setargv.o)
 .bss           0x0043f9a0        0x4 c:/mingw/bin/../lib/gcc/mingw32/6.3.0/../../../libmingw32.a(CRTfmode.o)
                0x0043f9a0                _CRT_fmode
 .bss           0x0043f9a4        0x4 c:/mingw/bin/../lib/gcc/mingw32/6.3.0/../../../libmingw32.a(cpu_features.o)
                0x0043f9a4                __cpu_features
 .bss           0x0043f9a8        0x0 c:/mingw/bin/../lib/gcc/mingw32/6.3.0/../../../libmingw32.a(CRT_fp10.o)
 .bss           0x0043f9a8        0x0 c:/mingw/bin/../lib/gcc/mingw32/6.3.0/../../../libmingw32.a(txtmode.o)
 .bss           0x0043f9a8        0x4 c:/mingw/bin/../lib/gcc/mingw32/6.3.0/../../../libmingw32.a(gccmain.o)
 .bss           0x0043f9ac       0x10 c:/mingw/bin/../lib/gcc/mingw32/6.3.0/../../../libmingw32.a(tlssup.o)
                0x0043f9ac                mingw_initltssuo_force
                0x0043f9b0                mingw_initltsdyn_force
                0x0043f9b4                mingw_initltsdrot_force
                0x0043f9b8                _tls_index
 .bss           0x0043f9bc       0x20 c:/mingw/bin/../lib/gcc/mingw32/6.3.0/../../../libmingw32.a(tlsthrd.o)
 .bss           0x0043f9dc        0x4 c:/mingw/bin/../lib/gcc/mingw32/6.3.0/../../../libmingw32.a(pseudo-reloc.o)
 .bss           0x0043f9e0        0x4 c:/mingw/bin/../lib/gcc/mingw32/6.3.0/../../../libmingw32.a(pseudo-reloc-list.o)
 .bss           0x0043f9e4        0x4 c:/mingw/bin/../lib/gcc/mingw32/6.3.0/../../../libmingw32.a(crtst.o)
                0x0043f9e4                _CRT_MT
 .bss           0x0043f9e8        0x0 c:/mingw/bin/../lib/gcc/mingw32/6.3.0/libgcc.a(_chkstk_ms.o)
 .bss           0x0043f9e8        0x0 c:/mingw/bin/../lib/gcc/mingw32/6.3.0/libgcc.a(_ctors.o)
 .bss           0x0043f9e8        0x0 c:/mingw/bin/../lib/gcc/mingw32/6.3.0/libgcc.a(_divdi3.o)
 .bss           0x0043f9e8        0x0 c:/mingw/bin/../lib/gcc/mingw32/6.3.0/../../../libmingwex.a(fesetenv.o)
 .bss           0x0043f9e8        0x0 c:/mingw/bin/../lib/gcc/mingw32/6.3.0/../../../libmingwex.a(glob.o)
 .bss           0x0043f9e8        0x4 c:/mingw/bin/../lib/gcc/mingw32/6.3.0/../../../libmingwex.a(dirname.o)
 .bss           0x0043f9ec        0x0 c:/mingw/bin/../lib/gcc/mingw32/6.3.0/../../../libmingwex.a(dirent.o)
 .bss           0x0043f9ec        0x0 c:/mingw/bin/../lib/gcc/mingw32/6.3.0/../../../libmsvcrt.a(djpvbs01325.o)
 .bss           0x0043f9ec        0x0 c:/mingw/bin/../lib/gcc/mingw32/6.3.0/../../../libmsvcrt.a(djpvbs01284.o)
 .bss           0x0043f9ec        0x0 c:/mingw/bin/../lib/gcc/mingw32/6.3.0/../../../libmsvcrt.a(djpvbs01277.o)
 .bss           0x0043f9ec        0x0 c:/mingw/bin/../lib/gcc/mingw32/6.3.0/../../../libmsvcrt.a(djpvbs01272.o)
 .bss           0x0043f9ec        0x0 c:/mingw/bin/../lib/gcc/mingw32/6.3.0/../../../libmsvcrt.a(djpvbs01252.o)
 .bss           0x0043f9ec        0x0 c:/mingw/bin/../lib/gcc/mingw32/6.3.0/../../../libmsvcrt.a(djpvbs01249.o)
 .bss           0x0043f9ec        0x0 c:/mingw/bin/../lib/gcc/mingw32/6.3.0/../../../libmsvcrt.a(djpvbs01242.o)
 .bss           0x0043f9ec        0x0 c:/mingw/bin/../lib/gcc/mingw32/6.3.0/../../../libmsvcrt.a(djpvbs01241.o)
 .bss           0x0043f9ec        0x0 c:/mingw/bin/../lib/gcc/mingw32/6.3.0/../../../libmsvcrt.a(djpvbs01235.o)
 .bss           0x0043f9ec        0x0 c:/mingw/bin/../lib/gcc/mingw32/6.3.0/../../../libmsvcrt.a(djpvbs01232.o)
 .bss           0x0043f9ec        0x0 c:/mingw/bin/../lib/gcc/mingw32/6.3.0/../../../libmsvcrt.a(djpvbs01229.o)
 .bss           0x0043f9ec        0x0 c:/mingw/bin/../lib/gcc/mingw32/6.3.0/../../../libmsvcrt.a(djpvbs01227.o)
 .bss           0x0043f9ec        0x0 c:/mingw/bin/../lib/gcc/mingw32/6.3.0/../../../libmsvcrt.a(djpvbs01220.o)
 .bss           0x0043f9ec        0x0 c:/mingw/bin/../lib/gcc/mingw32/6.3.0/../../../libmsvcrt.a(djpvbs01218.o)
 .bss           0x0043f9ec        0x0 c:/mingw/bin/../lib/gcc/mingw32/6.3.0/../../../libmsvcrt.a(djpvbs01212.o)
 .bss           0x0043f9ec        0x0 c:/mingw/bin/../lib/gcc/mingw32/6.3.0/../../../libmsvcrt.a(djpvbs01208.o)
 .bss           0x0043f9ec        0x0 c:/mingw/bin/../lib/gcc/mingw32/6.3.0/../../../libmsvcrt.a(djpvbs01203.o)
 .bss           0x0043f9ec        0x0 c:/mingw/bin/../lib/gcc/mingw32/6.3.0/../../../libmsvcrt.a(djpvbs01199.o)
 .bss           0x0043f9ec        0x0 c:/mingw/bin/../lib/gcc/mingw32/6.3.0/../../../libmsvcrt.a(djpvbs01198.o)
 .bss           0x0043f9ec        0x0 c:/mingw/bin/../lib/gcc/mingw32/6.3.0/../../../libmsvcrt.a(djpvbs01194.o)
 .bss           0x0043f9ec        0x0 c:/mingw/bin/../lib/gcc/mingw32/6.3.0/../../../libmsvcrt.a(djpvbs01187.o)
 .bss           0x0043f9ec        0x0 c:/mingw/bin/../lib/gcc/mingw32/6.3.0/../../../libmsvcrt.a(djpvbs01142.o)
 .bss           0x0043f9ec        0x0 c:/mingw/bin/../lib/gcc/mingw32/6.3.0/../../../libmsvcrt.a(djpvbs01131.o)
 .bss           0x0043f9ec        0x0 c:/mingw/bin/../lib/gcc/mingw32/6.3.0/../../../libmsvcrt.a(djpvbs01122.o)
 .bss           0x0043f9ec        0x0 c:/mingw/bin/../lib/gcc/mingw32/6.3.0/../../../libmsvcrt.a(djpvbs01114.o)
 .bss           0x0043f9ec        0x0 c:/mingw/bin/../lib/gcc/mingw32/6.3.0/../../../libmsvcrt.a(djpvbs01111.o)
 .bss           0x0043f9ec        0x0 c:/mingw/bin/../lib/gcc/mingw32/6.3.0/../../../libmsvcrt.a(djpvbs01108.o)
 .bss           0x0043f9ec        0x0 c:/mingw/bin/../lib/gcc/mingw32/6.3.0/../../../libmsvcrt.a(djpvbs01098.o)
 .bss           0x0043f9ec        0x0 c:/mingw/bin/../lib/gcc/mingw32/6.3.0/../../../libmsvcrt.a(djpvbs01091.o)
 .bss           0x0043f9ec        0x0 c:/mingw/bin/../lib/gcc/mingw32/6.3.0/../../../libmsvcrt.a(djpvbs01083.o)
 .bss           0x0043f9ec        0x0 c:/mingw/bin/../lib/gcc/mingw32/6.3.0/../../../libmsvcrt.a(djpvbs00753.o)
 .bss           0x0043f9ec        0x0 c:/mingw/bin/../lib/gcc/mingw32/6.3.0/../../../libmsvcrt.a(djpvbs00698.o)
 .bss           0x0043f9ec        0x0 c:/mingw/bin/../lib/gcc/mingw32/6.3.0/../../../libmsvcrt.a(djpvbs00689.o)
 .bss           0x0043f9ec        0x0 c:/mingw/bin/../lib/gcc/mingw32/6.3.0/../../../libmsvcrt.a(djpvbs00422.o)
 .bss           0x0043f9ec        0x0 c:/mingw/bin/../lib/gcc/mingw32/6.3.0/../../../libmsvcrt.a(djpvbs00417.o)
 .bss           0x0043f9ec        0x0 c:/mingw/bin/../lib/gcc/mingw32/6.3.0/../../../libmsvcrt.a(djpvbs00350.o)
 .bss           0x0043f9ec        0x0 c:/mingw/bin/../lib/gcc/mingw32/6.3.0/../../../libmsvcrt.a(djpvbs00324.o)
 .bss           0x0043f9ec        0x0 c:/mingw/bin/../lib/gcc/mingw32/6.3.0/../../../libmsvcrt.a(djpvbs00285.o)
 .bss           0x0043f9ec        0x0 c:/mingw/bin/../lib/gcc/mingw32/6.3.0/../../../libmsvcrt.a(djpvbs00219.o)
 .bss           0x0043f9ec        0x0 c:/mingw/bin/../lib/gcc/mingw32/6.3.0/../../../libmsvcrt.a(djpvbs00153.o)
 .bss           0x0043f9ec        0x0 c:/mingw/bin/../lib/gcc/mingw32/6.3.0/../../../libmsvcrt.a(djpvbs00133.o)
 .bss           0x0043f9ec        0x0 c:/mingw/bin/../lib/gcc/mingw32/6.3.0/../../../libmsvcrt.a(djpvbs00131.o)
 .bss           0x0043f9ec        0x0 c:/mingw/bin/../lib/gcc/mingw32/6.3.0/../../../libmsvcrt.a(djpvbs00119.o)
 .bss           0x0043f9ec        0x0 c:/mingw/bin/../lib/gcc/mingw32/6.3.0/../../../libmsvcrt.a(djpvbs00088.o)
 .bss           0x0043f9ec        0x0 c:/mingw/bin/../lib/gcc/mingw32/6.3.0/../../../libmsvcrt.a(djpvbh.o)
 .bss           0x0043f9ec        0x0 c:/mingw/bin/../lib/gcc/mingw32/6.3.0/../../../libmsvcrt.a(djpvbt.o)
 .bss           0x0043f9ec        0x0 c:/mingw/bin/../lib/gcc/mingw32/6.3.0/../../../libkernel32.a(dujcs01223.o)
 .bss           0x0043f9ec        0x0 c:/mingw/bin/../lib/gcc/mingw32/6.3.0/../../../libkernel32.a(dujcs01221.o)
 .bss           0x0043f9ec        0x0 c:/mingw/bin/../lib/gcc/mingw32/6.3.0/../../../libkernel32.a(dujcs01215.o)